
> assignment2@1.0.0 test
> jest __tests__/screens/community-forum.test.tsx --no-coverage

  console.warn
    SafeAreaView has been deprecated and will be removed in a future release. Please use 'react-native-safe-area-context' instead. See https://github.com/th3rdwave/react-native-safe-area-context

    [0m [90m  999 |[39m
     [90m 1000 |[39m   [36mreturn[39m (
    [31m[1m>[22m[39m[90m 1001 |[39m     [33m<[39m[33mSafeAreaView[39m testID[33m=[39m[32m"community-forum"[39m style[33m=[39m{[styles[33m.[39mcontainer[33m,[39m { backgroundColor[33m:[39m theme[33m.[39mcolors[33m.[39mbackground }]}[33m>[39m 
     [90m      |[39m      [31m[1m^[22m[39m
     [90m 1002 |[39m       [33m<[39m[33mCurvedBackground[39m style[33m=[39m{styles[33m.[39mcurvedBackground} [33m/[39m[33m>[39m
     [90m 1003 |[39m       [33m<[39m[33mAppHeader[39m title[33m=[39m[32m"Community Forum"[39m showBack[33m=[39m{[36mtrue[39m} [33m/[39m[33m>[39m
     [90m 1004 |[39m[0m

      at warn (node_modules/react-native/Libraries/Utilities/warnOnce.js:27:11)
      at Object.warnOnce [as SafeAreaView] (node_modules/react-native/index.js:92:5)
      at SafeAreaView (/app/app/(app)/(tabs)../community-forum/index.tsx:1001:6)
      at Object.react-stack-bottom-frame (node_modules/react-test-renderer/cjs/react-test-renderer.development.js:13976:20)
      at renderWithHooks (node_modules/react-test-renderer/cjs/react-test-renderer.development.js:2866:22)
      at updateFunctionComponent (node_modules/react-test-renderer/cjs/react-test-renderer.development.js:6006:19)
      at beginWork (node_modules/react-test-renderer/cjs/react-test-renderer.development.js:7474:18)
      at runWithFiberInDEV (node_modules/react-test-renderer/cjs/react-test-renderer.development.js:1574:13)
      at performUnitOfWork (node_modules/react-test-renderer/cjs/react-test-renderer.development.js:10972:22)
      at workLoopSync (node_modules/react-test-renderer/cjs/react-test-renderer.development.js:10816:41)
      at renderRootSync (node_modules/react-test-renderer/cjs/react-test-renderer.development.js:10797:11)
      at performWorkOnRoot (node_modules/react-test-renderer/cjs/react-test-renderer.development.js:10349:13)
      at performWorkOnRootViaSchedulerTask (node_modules/react-test-renderer/cjs/react-test-renderer.development.js:2094:7)
      at flushActQueue (node_modules/react/cjs/react.development.js:566:34)
      at process.env.NODE_ENV.exports.act (node_modules/react/cjs/react.development.js:859:10)
      at actImplementation (node_modules/@testing-library/react-native/src/act.ts:30:25)
      at renderWithAct (node_modules/@testing-library/react-native/src/render-act.ts:13:11)
      at renderInternal (node_modules/@testing-library/react-native/src/render.tsx:69:33)
      at renderInternal (node_modules/@testing-library/react-native/src/render.tsx:44:10)
      at render (__tests__/test-utils.tsx:40:19)
      at Object.<anonymous> (__tests__/screens/community-forum.test.tsx:121:11)
      at asyncGeneratorStep (node_modules/@babel/runtime/helpers/asyncToGenerator.js:3:17)
      at _next (node_modules/@babel/runtime/helpers/asyncToGenerator.js:17:9)
      at node_modules/@babel/runtime/helpers/asyncToGenerator.js:22:7
      at Object.<anonymous> (node_modules/@babel/runtime/helpers/asyncToGenerator.js:14:12)

  console.log
    ≡ƒôñ Loading posts via Convex... { category: 'All' }

      at log (/app/app/(app)/(tabs)../community-forum/index.tsx:361:17)

  console.log
    ΓÅ¡∩╕Å Skipping loadPosts - already loading

      at log (/app/app/(app)/(tabs)../community-forum/index.tsx:315:15)

  console.log
    ≡ƒöö NotificationsProvider initialized - userId: test-user-id, hasClient: true

      at log (contexts/NotificationsContext.tsx:35:15)

  console.log
    ≡ƒöö NotificationsProvider starting subscription for userId: test-user-id

      at log (contexts/NotificationsContext.tsx:53:13)

  console.log
    ≡ƒöö Fetching notifications for userId: test-user-id

      at log (contexts/NotificationsContext.tsx:64:17)

  console.log
    ΓÅ¡∩╕Å Skipping loadPosts - already loading

      at log (/app/app/(app)/(tabs)../community-forum/index.tsx:315:15)

  console.log
    Γ£à Convex posts loaded: 0

      at log (/app/app/(app)/(tabs)../community-forum/index.tsx:384:15)

  console.log
    ≡ƒöö Notifications result: undefined

      at log (contexts/NotificationsContext.tsx:70:17)

  console.error
    Error checking assessment status: TypeError: Cannot read properties of null (reading 'isDue')
        at isDue (/app/components/AppHeader.tsx:106:37)
        at Generator.next (<anonymous>)
        at asyncGeneratorStep (/app/node_modules/@babel/runtime/helpers/asyncToGenerator.js:3:17)
        at _next (/app/node_modules/@babel/runtime/helpers/asyncToGenerator.js:17:9)
        at processTicksAndRejections (node:internal/process/task_queues:105:5)

    [0m [90m 106 |[39m           setIsAssessmentDue(result[33m.[39misDue)[33m;[39m
     [90m 107 |[39m         } [36mcatch[39m (error) {
    [31m[1m>[22m[39m[90m 108 |[39m           console[33m.[39merror([32m"Error checking assessment status:"[39m[33m,[39m error)[33m;[39m
     [90m     |[39m                   [31m[1m^[22m[39m
     [90m 109 |[39m         } [36mfinally[39m {
     [90m 110 |[39m           setCheckingAssessment([36mfalse[39m)[33m;[39m
     [90m 111 |[39m         }[0m

      at error (components/AppHeader.tsx:108:19)
      at asyncGeneratorStep (node_modules/@babel/runtime/helpers/asyncToGenerator.js:3:17)
      at _next (node_modules/@babel/runtime/helpers/asyncToGenerator.js:17:9)

  console.log
    ≡ƒÄ¡ Community Forum: No profile image available

      at log (/app/app/(app)/(tabs)../community-forum/index.tsx:500:17)

  console.log
    ≡ƒô▒ Loading theme preference from AsyncStorage: null

      at log (contexts/ThemeContext.tsx:105:15)

  console.log
    ≡ƒôñ Loading posts via Convex... { category: 'All' }

      at log (/app/app/(app)/(tabs)../community-forum/index.tsx:361:17)

  console.log
    ΓÅ¡∩╕Å Skipping loadPosts - already loading

      at log (/app/app/(app)/(tabs)../community-forum/index.tsx:315:15)

  console.log
    Γ£à Convex posts loaded: 0

      at log (/app/app/(app)/(tabs)../community-forum/index.tsx:384:15)

  console.log
    ≡ƒôñ Loading posts via Convex... { category: 'All' }

      at log (/app/app/(app)/(tabs)../community-forum/index.tsx:361:17)

  console.log
    ΓÅ¡∩╕Å Skipping loadPosts - already loading

      at log (/app/app/(app)/(tabs)../community-forum/index.tsx:315:15)

  console.error
    An update to CommunityMainScreen inside a test was not wrapped in act(...).
    
    When testing, code that causes React state updates should be wrapped into act(...):
    
    act(() => {
      /* fire events that update state */
    });
    /* assert on the output */
    
    This ensures that you're testing the behavior the user would see in the browser. Learn more at https://react.dev/link/wrap-tests-with-act

    [0m [90m 381 |[39m       }))[33m;[39m
     [90m 382 |[39m       
    [31m[1m>[22m[39m[90m 383 |[39m       setPosts(mapped)[33m;[39m
     [90m     |[39m       [31m[1m^[22m[39m
     [90m 384 |[39m       console[33m.[39mlog([32m'Γ£à Convex posts loaded:'[39m[33m,[39m mapped[33m.[39mlength)[33m;[39m
     [90m 385 |[39m
     [90m 386 |[39m       [90m// Load user-specific data if authenticated[39m[0m

      at node_modules/react-test-renderer/cjs/react-test-renderer.development.js:11801:19
      at runWithFiberInDEV (node_modules/react-test-renderer/cjs/react-test-renderer.development.js:1574:13)
      at warnIfUpdatesNotWrappedWithActDEV (node_modules/react-test-renderer/cjs/react-test-renderer.development.js:11800:9)
      at scheduleUpdateOnFiber (node_modules/react-test-renderer/cjs/react-test-renderer.development.js:10326:9)
      at dispatchSetStateInternal (node_modules/react-test-renderer/cjs/react-test-renderer.development.js:4148:13)
      at dispatchSetState (node_modules/react-test-renderer/cjs/react-test-renderer.development.js:4107:7)
      at setPosts (/app/app/(app)/(tabs)../community-forum/index.tsx:383:7)
      at asyncGeneratorStep (node_modules/@babel/runtime/helpers/asyncToGenerator.js:3:17)
      at _next (node_modules/@babel/runtime/helpers/asyncToGenerator.js:17:9)

  console.log
    Γ£à Convex posts loaded: 0

      at log (/app/app/(app)/(tabs)../community-forum/index.tsx:384:15)

  console.error
    An update to CommunityMainScreen inside a test was not wrapped in act(...).
    
    When testing, code that causes React state updates should be wrapped into act(...):
    
    act(() => {
      /* fire events that update state */
    });
    /* assert on the output */
    
    This ensures that you're testing the behavior the user would see in the browser. Learn more at https://react.dev/link/wrap-tests-with-act

    [0m [90m 390 |[39m           (bookmarked [33m||[39m [])[33m.[39mmap((post[33m:[39m any) [33m=>[39m post[33m.[39m_id)
     [90m 391 |[39m         )[33m;[39m
    [31m[1m>[22m[39m[90m 392 |[39m         setBookmarkedPosts(bookmarkedIds [36mas[39m any)[33m;[39m
     [90m     |[39m         [31m[1m^[22m[39m
     [90m 393 |[39m       }
     [90m 394 |[39m     } [36mcatch[39m (error) {
     [90m 395 |[39m       console[33m.[39merror([32m"Error loading posts:"[39m[33m,[39m error)[33m;[39m[0m

      at node_modules/react-test-renderer/cjs/react-test-renderer.development.js:11801:19
      at runWithFiberInDEV (node_modules/react-test-renderer/cjs/react-test-renderer.development.js:1574:13)
      at warnIfUpdatesNotWrappedWithActDEV (node_modules/react-test-renderer/cjs/react-test-renderer.development.js:11800:9)
      at scheduleUpdateOnFiber (node_modules/react-test-renderer/cjs/react-test-renderer.development.js:10326:9)
      at dispatchSetStateInternal (node_modules/react-test-renderer/cjs/react-test-renderer.development.js:4148:13)
      at dispatchSetState (node_modules/react-test-renderer/cjs/react-test-renderer.development.js:4107:7)
      at setBookmarkedPosts (/app/app/(app)/(tabs)../community-forum/index.tsx:392:9)
      at asyncGeneratorStep (node_modules/@babel/runtime/helpers/asyncToGenerator.js:3:17)
      at _next (node_modules/@babel/runtime/helpers/asyncToGenerator.js:17:9)

  console.error
    An update to CommunityMainScreen inside a test was not wrapped in act(...).
    
    When testing, code that causes React state updates should be wrapped into act(...):
    
    act(() => {
      /* fire events that update state */
    });
    /* assert on the output */
    
    This ensures that you're testing the behavior the user would see in the browser. Learn more at https://react.dev/link/wrap-tests-with-act

    [0m [90m 397 |[39m       setPosts([])[33m;[39m
     [90m 398 |[39m     } [36mfinally[39m {
    [31m[1m>[22m[39m[90m 399 |[39m       setLoading([36mfalse[39m)[33m;[39m
     [90m     |[39m       [31m[1m^[22m[39m
     [90m 400 |[39m       setRefreshing([36mfalse[39m)[33m;[39m
     [90m 401 |[39m       isLoadingPostsRef[33m.[39mcurrent [33m=[39m [36mfalse[39m[33m;[39m
     [90m 402 |[39m     }[0m

      at node_modules/react-test-renderer/cjs/react-test-renderer.development.js:11801:19
      at runWithFiberInDEV (node_modules/react-test-renderer/cjs/react-test-renderer.development.js:1574:13)
      at warnIfUpdatesNotWrappedWithActDEV (node_modules/react-test-renderer/cjs/react-test-renderer.development.js:11800:9)
      at scheduleUpdateOnFiber (node_modules/react-test-renderer/cjs/react-test-renderer.development.js:10326:9)
      at dispatchSetStateInternal (node_modules/react-test-renderer/cjs/react-test-renderer.development.js:4148:13)
      at dispatchSetState (node_modules/react-test-renderer/cjs/react-test-renderer.development.js:4107:7)
      at setLoading (/app/app/(app)/(tabs)../community-forum/index.tsx:399:7)
      at asyncGeneratorStep (node_modules/@babel/runtime/helpers/asyncToGenerator.js:3:17)
      at _next (node_modules/@babel/runtime/helpers/asyncToGenerator.js:17:9)

  console.error
    An update to CommunityMainScreen inside a test was not wrapped in act(...).
    
    When testing, code that causes React state updates should be wrapped into act(...):
    
    act(() => {
      /* fire events that update state */
    });
    /* assert on the output */
    
    This ensures that you're testing the behavior the user would see in the browser. Learn more at https://react.dev/link/wrap-tests-with-act

    [0m [90m 398 |[39m     } [36mfinally[39m {
     [90m 399 |[39m       setLoading([36mfalse[39m)[33m;[39m
    [31m[1m>[22m[39m[90m 400 |[39m       setRefreshing([36mfalse[39m)[33m;[39m
     [90m     |[39m       [31m[1m^[22m[39m
     [90m 401 |[39m       isLoadingPostsRef[33m.[39mcurrent [33m=[39m [36mfalse[39m[33m;[39m
     [90m 402 |[39m     }
     [90m 403 |[39m     [90m// eslint-disable-next-line react-hooks/exhaustive-deps[39m[0m

      at node_modules/react-test-renderer/cjs/react-test-renderer.development.js:11801:19
      at runWithFiberInDEV (node_modules/react-test-renderer/cjs/react-test-renderer.development.js:1574:13)
      at warnIfUpdatesNotWrappedWithActDEV (node_modules/react-test-renderer/cjs/react-test-renderer.development.js:11800:9)
      at scheduleUpdateOnFiber (node_modules/react-test-renderer/cjs/react-test-renderer.development.js:10326:9)
      at dispatchSetStateInternal (node_modules/react-test-renderer/cjs/react-test-renderer.development.js:4148:13)
      at dispatchSetState (node_modules/react-test-renderer/cjs/react-test-renderer.development.js:4107:7)
      at setRefreshing (/app/app/(app)/(tabs)../community-forum/index.tsx:400:7)
      at asyncGeneratorStep (node_modules/@babel/runtime/helpers/asyncToGenerator.js:3:17)
      at _next (node_modules/@babel/runtime/helpers/asyncToGenerator.js:17:9)

  console.log
    ≡ƒôñ Loading posts via Convex... { category: 'All' }

      at log (/app/app/(app)/(tabs)../community-forum/index.tsx:361:17)

  console.log
    ΓÅ¡∩╕Å Skipping loadPosts - already loading

      at log (/app/app/(app)/(tabs)../community-forum/index.tsx:315:15)

  console.log
    ≡ƒöö NotificationsProvider initialized - userId: test-user-id, hasClient: true

      at log (contexts/NotificationsContext.tsx:35:15)

  console.log
    ≡ƒöö NotificationsProvider starting subscription for userId: test-user-id

      at log (contexts/NotificationsContext.tsx:53:13)

  console.log
    ≡ƒöö Fetching notifications for userId: test-user-id

      at log (contexts/NotificationsContext.tsx:64:17)

  console.log
    ΓÅ¡∩╕Å Skipping loadPosts - already loading

      at log (/app/app/(app)/(tabs)../community-forum/index.tsx:315:15)

  console.log
    Γ£à Convex posts loaded: 0

      at log (/app/app/(app)/(tabs)../community-forum/index.tsx:384:15)

  console.log
    ≡ƒöö Notifications result: undefined

      at log (contexts/NotificationsContext.tsx:70:17)

  console.error
    Error checking assessment status: TypeError: Cannot read properties of null (reading 'isDue')
        at isDue (/app/components/AppHeader.tsx:106:37)
        at Generator.next (<anonymous>)
        at asyncGeneratorStep (/app/node_modules/@babel/runtime/helpers/asyncToGenerator.js:3:17)
        at _next (/app/node_modules/@babel/runtime/helpers/asyncToGenerator.js:17:9)

    [0m [90m 106 |[39m           setIsAssessmentDue(result[33m.[39misDue)[33m;[39m
     [90m 107 |[39m         } [36mcatch[39m (error) {
    [31m[1m>[22m[39m[90m 108 |[39m           console[33m.[39merror([32m"Error checking assessment status:"[39m[33m,[39m error)[33m;[39m
     [90m     |[39m                   [31m[1m^[22m[39m
     [90m 109 |[39m         } [36mfinally[39m {
     [90m 110 |[39m           setCheckingAssessment([36mfalse[39m)[33m;[39m
     [90m 111 |[39m         }[0m

      at error (components/AppHeader.tsx:108:19)
      at asyncGeneratorStep (node_modules/@babel/runtime/helpers/asyncToGenerator.js:3:17)
      at _next (node_modules/@babel/runtime/helpers/asyncToGenerator.js:17:9)

  console.log
    ≡ƒÄ¡ Community Forum: No profile image available

      at log (/app/app/(app)/(tabs)../community-forum/index.tsx:500:17)

  console.log
    ≡ƒô▒ Loading theme preference from AsyncStorage: null

      at log (contexts/ThemeContext.tsx:105:15)

  console.log
    ≡ƒôñ Loading posts via Convex... { category: 'All' }

      at log (/app/app/(app)/(tabs)../community-forum/index.tsx:361:17)

  console.log
    ΓÅ¡∩╕Å Skipping loadPosts - already loading

      at log (/app/app/(app)/(tabs)../community-forum/index.tsx:315:15)

  console.log
    Γ£à Convex posts loaded: 0

      at log (/app/app/(app)/(tabs)../community-forum/index.tsx:384:15)

  console.log
    ≡ƒôñ Loading posts via Convex... { category: 'All' }

      at log (/app/app/(app)/(tabs)../community-forum/index.tsx:361:17)

  console.log
    ΓÅ¡∩╕Å Skipping loadPosts - already loading

      at log (/app/app/(app)/(tabs)../community-forum/index.tsx:315:15)

  console.error
    An update to CommunityMainScreen inside a test was not wrapped in act(...).
    
    When testing, code that causes React state updates should be wrapped into act(...):
    
    act(() => {
      /* fire events that update state */
    });
    /* assert on the output */
    
    This ensures that you're testing the behavior the user would see in the browser. Learn more at https://react.dev/link/wrap-tests-with-act

    [0m [90m 381 |[39m       }))[33m;[39m
     [90m 382 |[39m       
    [31m[1m>[22m[39m[90m 383 |[39m       setPosts(mapped)[33m;[39m
     [90m     |[39m       [31m[1m^[22m[39m
     [90m 384 |[39m       console[33m.[39mlog([32m'Γ£à Convex posts loaded:'[39m[33m,[39m mapped[33m.[39mlength)[33m;[39m
     [90m 385 |[39m
     [90m 386 |[39m       [90m// Load user-specific data if authenticated[39m[0m

      at node_modules/react-test-renderer/cjs/react-test-renderer.development.js:11801:19
      at runWithFiberInDEV (node_modules/react-test-renderer/cjs/react-test-renderer.development.js:1574:13)
      at warnIfUpdatesNotWrappedWithActDEV (node_modules/react-test-renderer/cjs/react-test-renderer.development.js:11800:9)
      at scheduleUpdateOnFiber (node_modules/react-test-renderer/cjs/react-test-renderer.development.js:10326:9)
      at dispatchSetStateInternal (node_modules/react-test-renderer/cjs/react-test-renderer.development.js:4148:13)
      at dispatchSetState (node_modules/react-test-renderer/cjs/react-test-renderer.development.js:4107:7)
      at setPosts (/app/app/(app)/(tabs)../community-forum/index.tsx:383:7)
      at asyncGeneratorStep (node_modules/@babel/runtime/helpers/asyncToGenerator.js:3:17)
      at _next (node_modules/@babel/runtime/helpers/asyncToGenerator.js:17:9)

  console.log
    Γ£à Convex posts loaded: 0

      at log (/app/app/(app)/(tabs)../community-forum/index.tsx:384:15)

  console.error
    An update to CommunityMainScreen inside a test was not wrapped in act(...).
    
    When testing, code that causes React state updates should be wrapped into act(...):
    
    act(() => {
      /* fire events that update state */
    });
    /* assert on the output */
    
    This ensures that you're testing the behavior the user would see in the browser. Learn more at https://react.dev/link/wrap-tests-with-act

    [0m [90m 390 |[39m           (bookmarked [33m||[39m [])[33m.[39mmap((post[33m:[39m any) [33m=>[39m post[33m.[39m_id)
     [90m 391 |[39m         )[33m;[39m
    [31m[1m>[22m[39m[90m 392 |[39m         setBookmarkedPosts(bookmarkedIds [36mas[39m any)[33m;[39m
     [90m     |[39m         [31m[1m^[22m[39m
     [90m 393 |[39m       }
     [90m 394 |[39m     } [36mcatch[39m (error) {
     [90m 395 |[39m       console[33m.[39merror([32m"Error loading posts:"[39m[33m,[39m error)[33m;[39m[0m

      at node_modules/react-test-renderer/cjs/react-test-renderer.development.js:11801:19
      at runWithFiberInDEV (node_modules/react-test-renderer/cjs/react-test-renderer.development.js:1574:13)
      at warnIfUpdatesNotWrappedWithActDEV (node_modules/react-test-renderer/cjs/react-test-renderer.development.js:11800:9)
      at scheduleUpdateOnFiber (node_modules/react-test-renderer/cjs/react-test-renderer.development.js:10326:9)
      at dispatchSetStateInternal (node_modules/react-test-renderer/cjs/react-test-renderer.development.js:4148:13)
      at dispatchSetState (node_modules/react-test-renderer/cjs/react-test-renderer.development.js:4107:7)
      at setBookmarkedPosts (/app/app/(app)/(tabs)../community-forum/index.tsx:392:9)
      at asyncGeneratorStep (node_modules/@babel/runtime/helpers/asyncToGenerator.js:3:17)
      at _next (node_modules/@babel/runtime/helpers/asyncToGenerator.js:17:9)

  console.error
    An update to CommunityMainScreen inside a test was not wrapped in act(...).
    
    When testing, code that causes React state updates should be wrapped into act(...):
    
    act(() => {
      /* fire events that update state */
    });
    /* assert on the output */
    
    This ensures that you're testing the behavior the user would see in the browser. Learn more at https://react.dev/link/wrap-tests-with-act

    [0m [90m 397 |[39m       setPosts([])[33m;[39m
     [90m 398 |[39m     } [36mfinally[39m {
    [31m[1m>[22m[39m[90m 399 |[39m       setLoading([36mfalse[39m)[33m;[39m
     [90m     |[39m       [31m[1m^[22m[39m
     [90m 400 |[39m       setRefreshing([36mfalse[39m)[33m;[39m
     [90m 401 |[39m       isLoadingPostsRef[33m.[39mcurrent [33m=[39m [36mfalse[39m[33m;[39m
     [90m 402 |[39m     }[0m

      at node_modules/react-test-renderer/cjs/react-test-renderer.development.js:11801:19
      at runWithFiberInDEV (node_modules/react-test-renderer/cjs/react-test-renderer.development.js:1574:13)
      at warnIfUpdatesNotWrappedWithActDEV (node_modules/react-test-renderer/cjs/react-test-renderer.development.js:11800:9)
      at scheduleUpdateOnFiber (node_modules/react-test-renderer/cjs/react-test-renderer.development.js:10326:9)
      at dispatchSetStateInternal (node_modules/react-test-renderer/cjs/react-test-renderer.development.js:4148:13)
      at dispatchSetState (node_modules/react-test-renderer/cjs/react-test-renderer.development.js:4107:7)
      at setLoading (/app/app/(app)/(tabs)../community-forum/index.tsx:399:7)
      at asyncGeneratorStep (node_modules/@babel/runtime/helpers/asyncToGenerator.js:3:17)
      at _next (node_modules/@babel/runtime/helpers/asyncToGenerator.js:17:9)

  console.error
    An update to CommunityMainScreen inside a test was not wrapped in act(...).
    
    When testing, code that causes React state updates should be wrapped into act(...):
    
    act(() => {
      /* fire events that update state */
    });
    /* assert on the output */
    
    This ensures that you're testing the behavior the user would see in the browser. Learn more at https://react.dev/link/wrap-tests-with-act

    [0m [90m 398 |[39m     } [36mfinally[39m {
     [90m 399 |[39m       setLoading([36mfalse[39m)[33m;[39m
    [31m[1m>[22m[39m[90m 400 |[39m       setRefreshing([36mfalse[39m)[33m;[39m
     [90m     |[39m       [31m[1m^[22m[39m
     [90m 401 |[39m       isLoadingPostsRef[33m.[39mcurrent [33m=[39m [36mfalse[39m[33m;[39m
     [90m 402 |[39m     }
     [90m 403 |[39m     [90m// eslint-disable-next-line react-hooks/exhaustive-deps[39m[0m

      at node_modules/react-test-renderer/cjs/react-test-renderer.development.js:11801:19
      at runWithFiberInDEV (node_modules/react-test-renderer/cjs/react-test-renderer.development.js:1574:13)
      at warnIfUpdatesNotWrappedWithActDEV (node_modules/react-test-renderer/cjs/react-test-renderer.development.js:11800:9)
      at scheduleUpdateOnFiber (node_modules/react-test-renderer/cjs/react-test-renderer.development.js:10326:9)
      at dispatchSetStateInternal (node_modules/react-test-renderer/cjs/react-test-renderer.development.js:4148:13)
      at dispatchSetState (node_modules/react-test-renderer/cjs/react-test-renderer.development.js:4107:7)
      at setRefreshing (/app/app/(app)/(tabs)../community-forum/index.tsx:400:7)
      at asyncGeneratorStep (node_modules/@babel/runtime/helpers/asyncToGenerator.js:3:17)
      at _next (node_modules/@babel/runtime/helpers/asyncToGenerator.js:17:9)

  console.log
    ≡ƒôñ Loading posts via Convex... { category: 'All' }

      at log (/app/app/(app)/(tabs)../community-forum/index.tsx:361:17)

  console.log
    ΓÅ¡∩╕Å Skipping loadPosts - already loading

      at log (/app/app/(app)/(tabs)../community-forum/index.tsx:315:15)

  console.log
    ≡ƒöö NotificationsProvider initialized - userId: test-user-id, hasClient: true

      at log (contexts/NotificationsContext.tsx:35:15)

  console.log
    ≡ƒöö NotificationsProvider starting subscription for userId: test-user-id

      at log (contexts/NotificationsContext.tsx:53:13)

  console.log
    ≡ƒöö Fetching notifications for userId: test-user-id

      at log (contexts/NotificationsContext.tsx:64:17)

  console.log
    ΓÅ¡∩╕Å Skipping loadPosts - already loading

      at log (/app/app/(app)/(tabs)../community-forum/index.tsx:315:15)

  console.log
    Γ£à Convex posts loaded: 0

      at log (/app/app/(app)/(tabs)../community-forum/index.tsx:384:15)

  console.log
    ≡ƒöö Notifications result: undefined

      at log (contexts/NotificationsContext.tsx:70:17)

  console.error
    Error checking assessment status: TypeError: Cannot read properties of null (reading 'isDue')
        at isDue (/app/components/AppHeader.tsx:106:37)
        at Generator.next (<anonymous>)
        at asyncGeneratorStep (/app/node_modules/@babel/runtime/helpers/asyncToGenerator.js:3:17)
        at _next (/app/node_modules/@babel/runtime/helpers/asyncToGenerator.js:17:9)

    [0m [90m 106 |[39m           setIsAssessmentDue(result[33m.[39misDue)[33m;[39m
     [90m 107 |[39m         } [36mcatch[39m (error) {
    [31m[1m>[22m[39m[90m 108 |[39m           console[33m.[39merror([32m"Error checking assessment status:"[39m[33m,[39m error)[33m;[39m
     [90m     |[39m                   [31m[1m^[22m[39m
     [90m 109 |[39m         } [36mfinally[39m {
     [90m 110 |[39m           setCheckingAssessment([36mfalse[39m)[33m;[39m
     [90m 111 |[39m         }[0m

      at error (components/AppHeader.tsx:108:19)
      at asyncGeneratorStep (node_modules/@babel/runtime/helpers/asyncToGenerator.js:3:17)
      at _next (node_modules/@babel/runtime/helpers/asyncToGenerator.js:17:9)

  console.log
    ≡ƒÄ¡ Community Forum: No profile image available

      at log (/app/app/(app)/(tabs)../community-forum/index.tsx:500:17)

  console.log
    ≡ƒô▒ Loading theme preference from AsyncStorage: null

      at log (contexts/ThemeContext.tsx:105:15)

  console.log
    ≡ƒôñ Loading posts via Convex... { category: 'All' }

      at log (/app/app/(app)/(tabs)../community-forum/index.tsx:361:17)

  console.log
    ΓÅ¡∩╕Å Skipping loadPosts - already loading

      at log (/app/app/(app)/(tabs)../community-forum/index.tsx:315:15)

  console.log
    Γ£à Convex posts loaded: 0

      at log (/app/app/(app)/(tabs)../community-forum/index.tsx:384:15)

  console.log
    ≡ƒôñ Loading posts via Convex... { category: 'All' }

      at log (/app/app/(app)/(tabs)../community-forum/index.tsx:361:17)

  console.log
    ΓÅ¡∩╕Å Skipping loadPosts - already loading

      at log (/app/app/(app)/(tabs)../community-forum/index.tsx:315:15)

  console.error
    An update to CommunityMainScreen inside a test was not wrapped in act(...).
    
    When testing, code that causes React state updates should be wrapped into act(...):
    
    act(() => {
      /* fire events that update state */
    });
    /* assert on the output */
    
    This ensures that you're testing the behavior the user would see in the browser. Learn more at https://react.dev/link/wrap-tests-with-act

    [0m [90m 381 |[39m       }))[33m;[39m
     [90m 382 |[39m       
    [31m[1m>[22m[39m[90m 383 |[39m       setPosts(mapped)[33m;[39m
     [90m     |[39m       [31m[1m^[22m[39m
     [90m 384 |[39m       console[33m.[39mlog([32m'Γ£à Convex posts loaded:'[39m[33m,[39m mapped[33m.[39mlength)[33m;[39m
     [90m 385 |[39m
     [90m 386 |[39m       [90m// Load user-specific data if authenticated[39m[0m

      at node_modules/react-test-renderer/cjs/react-test-renderer.development.js:11801:19
      at runWithFiberInDEV (node_modules/react-test-renderer/cjs/react-test-renderer.development.js:1574:13)
      at warnIfUpdatesNotWrappedWithActDEV (node_modules/react-test-renderer/cjs/react-test-renderer.development.js:11800:9)
      at scheduleUpdateOnFiber (node_modules/react-test-renderer/cjs/react-test-renderer.development.js:10326:9)
      at dispatchSetStateInternal (node_modules/react-test-renderer/cjs/react-test-renderer.development.js:4148:13)
      at dispatchSetState (node_modules/react-test-renderer/cjs/react-test-renderer.development.js:4107:7)
      at setPosts (/app/app/(app)/(tabs)../community-forum/index.tsx:383:7)
      at asyncGeneratorStep (node_modules/@babel/runtime/helpers/asyncToGenerator.js:3:17)
      at _next (node_modules/@babel/runtime/helpers/asyncToGenerator.js:17:9)

  console.log
    Γ£à Convex posts loaded: 0

      at log (/app/app/(app)/(tabs)../community-forum/index.tsx:384:15)

  console.error
    An update to CommunityMainScreen inside a test was not wrapped in act(...).
    
    When testing, code that causes React state updates should be wrapped into act(...):
    
    act(() => {
      /* fire events that update state */
    });
    /* assert on the output */
    
    This ensures that you're testing the behavior the user would see in the browser. Learn more at https://react.dev/link/wrap-tests-with-act

    [0m [90m 390 |[39m           (bookmarked [33m||[39m [])[33m.[39mmap((post[33m:[39m any) [33m=>[39m post[33m.[39m_id)
     [90m 391 |[39m         )[33m;[39m
    [31m[1m>[22m[39m[90m 392 |[39m         setBookmarkedPosts(bookmarkedIds [36mas[39m any)[33m;[39m
     [90m     |[39m         [31m[1m^[22m[39m
     [90m 393 |[39m       }
     [90m 394 |[39m     } [36mcatch[39m (error) {
     [90m 395 |[39m       console[33m.[39merror([32m"Error loading posts:"[39m[33m,[39m error)[33m;[39m[0m

      at node_modules/react-test-renderer/cjs/react-test-renderer.development.js:11801:19
      at runWithFiberInDEV (node_modules/react-test-renderer/cjs/react-test-renderer.development.js:1574:13)
      at warnIfUpdatesNotWrappedWithActDEV (node_modules/react-test-renderer/cjs/react-test-renderer.development.js:11800:9)
      at scheduleUpdateOnFiber (node_modules/react-test-renderer/cjs/react-test-renderer.development.js:10326:9)
      at dispatchSetStateInternal (node_modules/react-test-renderer/cjs/react-test-renderer.development.js:4148:13)
      at dispatchSetState (node_modules/react-test-renderer/cjs/react-test-renderer.development.js:4107:7)
      at setBookmarkedPosts (/app/app/(app)/(tabs)../community-forum/index.tsx:392:9)
      at asyncGeneratorStep (node_modules/@babel/runtime/helpers/asyncToGenerator.js:3:17)
      at _next (node_modules/@babel/runtime/helpers/asyncToGenerator.js:17:9)

  console.error
    An update to CommunityMainScreen inside a test was not wrapped in act(...).
    
    When testing, code that causes React state updates should be wrapped into act(...):
    
    act(() => {
      /* fire events that update state */
    });
    /* assert on the output */
    
    This ensures that you're testing the behavior the user would see in the browser. Learn more at https://react.dev/link/wrap-tests-with-act

    [0m [90m 397 |[39m       setPosts([])[33m;[39m
     [90m 398 |[39m     } [36mfinally[39m {
    [31m[1m>[22m[39m[90m 399 |[39m       setLoading([36mfalse[39m)[33m;[39m
     [90m     |[39m       [31m[1m^[22m[39m
     [90m 400 |[39m       setRefreshing([36mfalse[39m)[33m;[39m
     [90m 401 |[39m       isLoadingPostsRef[33m.[39mcurrent [33m=[39m [36mfalse[39m[33m;[39m
     [90m 402 |[39m     }[0m

      at node_modules/react-test-renderer/cjs/react-test-renderer.development.js:11801:19
      at runWithFiberInDEV (node_modules/react-test-renderer/cjs/react-test-renderer.development.js:1574:13)
      at warnIfUpdatesNotWrappedWithActDEV (node_modules/react-test-renderer/cjs/react-test-renderer.development.js:11800:9)
      at scheduleUpdateOnFiber (node_modules/react-test-renderer/cjs/react-test-renderer.development.js:10326:9)
      at dispatchSetStateInternal (node_modules/react-test-renderer/cjs/react-test-renderer.development.js:4148:13)
      at dispatchSetState (node_modules/react-test-renderer/cjs/react-test-renderer.development.js:4107:7)
      at setLoading (/app/app/(app)/(tabs)../community-forum/index.tsx:399:7)
      at asyncGeneratorStep (node_modules/@babel/runtime/helpers/asyncToGenerator.js:3:17)
      at _next (node_modules/@babel/runtime/helpers/asyncToGenerator.js:17:9)

  console.error
    An update to CommunityMainScreen inside a test was not wrapped in act(...).
    
    When testing, code that causes React state updates should be wrapped into act(...):
    
    act(() => {
      /* fire events that update state */
    });
    /* assert on the output */
    
    This ensures that you're testing the behavior the user would see in the browser. Learn more at https://react.dev/link/wrap-tests-with-act

    [0m [90m 398 |[39m     } [36mfinally[39m {
     [90m 399 |[39m       setLoading([36mfalse[39m)[33m;[39m
    [31m[1m>[22m[39m[90m 400 |[39m       setRefreshing([36mfalse[39m)[33m;[39m
     [90m     |[39m       [31m[1m^[22m[39m
     [90m 401 |[39m       isLoadingPostsRef[33m.[39mcurrent [33m=[39m [36mfalse[39m[33m;[39m
     [90m 402 |[39m     }
     [90m 403 |[39m     [90m// eslint-disable-next-line react-hooks/exhaustive-deps[39m[0m

      at node_modules/react-test-renderer/cjs/react-test-renderer.development.js:11801:19
      at runWithFiberInDEV (node_modules/react-test-renderer/cjs/react-test-renderer.development.js:1574:13)
      at warnIfUpdatesNotWrappedWithActDEV (node_modules/react-test-renderer/cjs/react-test-renderer.development.js:11800:9)
      at scheduleUpdateOnFiber (node_modules/react-test-renderer/cjs/react-test-renderer.development.js:10326:9)
      at dispatchSetStateInternal (node_modules/react-test-renderer/cjs/react-test-renderer.development.js:4148:13)
      at dispatchSetState (node_modules/react-test-renderer/cjs/react-test-renderer.development.js:4107:7)
      at setRefreshing (/app/app/(app)/(tabs)../community-forum/index.tsx:400:7)
      at asyncGeneratorStep (node_modules/@babel/runtime/helpers/asyncToGenerator.js:3:17)
      at _next (node_modules/@babel/runtime/helpers/asyncToGenerator.js:17:9)

  console.log
    ≡ƒôñ Loading posts via Convex... { category: 'All' }

      at log (/app/app/(app)/(tabs)../community-forum/index.tsx:361:17)

  console.log
    ΓÅ¡∩╕Å Skipping loadPosts - already loading

      at log (/app/app/(app)/(tabs)../community-forum/index.tsx:315:15)

  console.log
    ≡ƒöö NotificationsProvider initialized - userId: test-user-id, hasClient: true

      at log (contexts/NotificationsContext.tsx:35:15)

  console.log
    ≡ƒöö NotificationsProvider starting subscription for userId: test-user-id

      at log (contexts/NotificationsContext.tsx:53:13)

  console.log
    ≡ƒöö Fetching notifications for userId: test-user-id

      at log (contexts/NotificationsContext.tsx:64:17)

  console.log
    ΓÅ¡∩╕Å Skipping loadPosts - already loading

      at log (/app/app/(app)/(tabs)../community-forum/index.tsx:315:15)

  console.log
    Γ£à Convex posts loaded: 0

      at log (/app/app/(app)/(tabs)../community-forum/index.tsx:384:15)

  console.log
    ≡ƒöö Notifications result: undefined

      at log (contexts/NotificationsContext.tsx:70:17)

  console.error
    Error checking assessment status: TypeError: Cannot read properties of null (reading 'isDue')
        at isDue (/app/components/AppHeader.tsx:106:37)
        at Generator.next (<anonymous>)
        at asyncGeneratorStep (/app/node_modules/@babel/runtime/helpers/asyncToGenerator.js:3:17)
        at _next (/app/node_modules/@babel/runtime/helpers/asyncToGenerator.js:17:9)

    [0m [90m 106 |[39m           setIsAssessmentDue(result[33m.[39misDue)[33m;[39m
     [90m 107 |[39m         } [36mcatch[39m (error) {
    [31m[1m>[22m[39m[90m 108 |[39m           console[33m.[39merror([32m"Error checking assessment status:"[39m[33m,[39m error)[33m;[39m
     [90m     |[39m                   [31m[1m^[22m[39m
     [90m 109 |[39m         } [36mfinally[39m {
     [90m 110 |[39m           setCheckingAssessment([36mfalse[39m)[33m;[39m
     [90m 111 |[39m         }[0m

      at error (components/AppHeader.tsx:108:19)
      at asyncGeneratorStep (node_modules/@babel/runtime/helpers/asyncToGenerator.js:3:17)
      at _next (node_modules/@babel/runtime/helpers/asyncToGenerator.js:17:9)

  console.log
    ≡ƒÄ¡ Community Forum: No profile image available

      at log (/app/app/(app)/(tabs)../community-forum/index.tsx:500:17)

  console.log
    ≡ƒô▒ Loading theme preference from AsyncStorage: null

      at log (contexts/ThemeContext.tsx:105:15)

  console.log
    ≡ƒôñ Loading posts via Convex... { category: 'All' }

      at log (/app/app/(app)/(tabs)../community-forum/index.tsx:361:17)

  console.log
    ΓÅ¡∩╕Å Skipping loadPosts - already loading

      at log (/app/app/(app)/(tabs)../community-forum/index.tsx:315:15)

  console.log
    Γ£à Convex posts loaded: 0

      at log (/app/app/(app)/(tabs)../community-forum/index.tsx:384:15)

  console.log
    ≡ƒôñ Loading posts via Convex... { category: 'All' }

      at log (/app/app/(app)/(tabs)../community-forum/index.tsx:361:17)

  console.log
    ΓÅ¡∩╕Å Skipping loadPosts - already loading

      at log (/app/app/(app)/(tabs)../community-forum/index.tsx:315:15)

  console.log
    Γ£à Convex posts loaded: 0

      at log (/app/app/(app)/(tabs)../community-forum/index.tsx:384:15)

  console.log
    ≡ƒôñ Loading posts via Convex... { category: 'All' }

      at log (/app/app/(app)/(tabs)../community-forum/index.tsx:361:17)

  console.log
    ΓÅ¡∩╕Å Skipping loadPosts - already loading

      at log (/app/app/(app)/(tabs)../community-forum/index.tsx:315:15)

  console.log
    Γ£à Convex posts loaded: 0

      at log (/app/app/(app)/(tabs)../community-forum/index.tsx:384:15)

  console.log
    ≡ƒôñ Loading posts via Convex... { category: 'All' }

      at log (/app/app/(app)/(tabs)../community-forum/index.tsx:361:17)

  console.log
    ΓÅ¡∩╕Å Skipping loadPosts - already loading

      at log (/app/app/(app)/(tabs)../community-forum/index.tsx:315:15)

  console.log
    Γ£à Convex posts loaded: 0

      at log (/app/app/(app)/(tabs)../community-forum/index.tsx:384:15)

  console.log
    ≡ƒôñ Loading posts via Convex... { category: 'All' }

      at log (/app/app/(app)/(tabs)../community-forum/index.tsx:361:17)

  console.log
    ΓÅ¡∩╕Å Skipping loadPosts - already loading

      at log (/app/app/(app)/(tabs)../community-forum/index.tsx:315:15)

  console.log
    Γ£à Convex posts loaded: 0

      at log (/app/app/(app)/(tabs)../community-forum/index.tsx:384:15)

  console.log
    ≡ƒôñ Loading posts via Convex... { category: 'All' }

      at log (/app/app/(app)/(tabs)../community-forum/index.tsx:361:17)

  console.log
    ΓÅ¡∩╕Å Skipping loadPosts - already loading

      at log (/app/app/(app)/(tabs)../community-forum/index.tsx:315:15)

  console.log
    Γ£à Convex posts loaded: 0

      at log (/app/app/(app)/(tabs)../community-forum/index.tsx:384:15)

  console.log
    ≡ƒôñ Loading posts via Convex... { category: 'All' }

      at log (/app/app/(app)/(tabs)../community-forum/index.tsx:361:17)

  console.log
    ΓÅ¡∩╕Å Skipping loadPosts - already loading

      at log (/app/app/(app)/(tabs)../community-forum/index.tsx:315:15)

  console.log
    Γ£à Convex posts loaded: 0

      at log (/app/app/(app)/(tabs)../community-forum/index.tsx:384:15)

  console.log
    ≡ƒôñ Loading posts via Convex... { category: 'All' }

      at log (/app/app/(app)/(tabs)../community-forum/index.tsx:361:17)

  console.log
    ΓÅ¡∩╕Å Skipping loadPosts - already loading

      at log (/app/app/(app)/(tabs)../community-forum/index.tsx:315:15)

  console.log
    Γ£à Convex posts loaded: 0

      at log (/app/app/(app)/(tabs)../community-forum/index.tsx:384:15)

  console.log
    ≡ƒôñ Loading posts via Convex... { category: 'All' }

      at log (/app/app/(app)/(tabs)../community-forum/index.tsx:361:17)

  console.log
    ΓÅ¡∩╕Å Skipping loadPosts - already loading

      at log (/app/app/(app)/(tabs)../community-forum/index.tsx:315:15)

  console.log
    Γ£à Convex posts loaded: 0

      at log (/app/app/(app)/(tabs)../community-forum/index.tsx:384:15)

  console.log
    ≡ƒôñ Loading posts via Convex... { category: 'All' }

      at log (/app/app/(app)/(tabs)../community-forum/index.tsx:361:17)

  console.log
    ΓÅ¡∩╕Å Skipping loadPosts - already loading

      at log (/app/app/(app)/(tabs)../community-forum/index.tsx:315:15)

  console.log
    Γ£à Convex posts loaded: 0

      at log (/app/app/(app)/(tabs)../community-forum/index.tsx:384:15)

  console.log
    ≡ƒôñ Loading posts via Convex... { category: 'All' }

      at log (/app/app/(app)/(tabs)../community-forum/index.tsx:361:17)

  console.log
    ΓÅ¡∩╕Å Skipping loadPosts - already loading

      at log (/app/app/(app)/(tabs)../community-forum/index.tsx:315:15)

  console.log
    Γ£à Convex posts loaded: 0

      at log (/app/app/(app)/(tabs)../community-forum/index.tsx:384:15)

  console.log
    ≡ƒôñ Loading posts via Convex... { category: 'All' }

      at log (/app/app/(app)/(tabs)../community-forum/index.tsx:361:17)

  console.log
    ΓÅ¡∩╕Å Skipping loadPosts - already loading

      at log (/app/app/(app)/(tabs)../community-forum/index.tsx:315:15)

  console.log
    Γ£à Convex posts loaded: 0

      at log (/app/app/(app)/(tabs)../community-forum/index.tsx:384:15)

  console.log
    ≡ƒôñ Loading posts via Convex... { category: 'All' }

      at log (/app/app/(app)/(tabs)../community-forum/index.tsx:361:17)

  console.log
    ΓÅ¡∩╕Å Skipping loadPosts - already loading

      at log (/app/app/(app)/(tabs)../community-forum/index.tsx:315:15)

  console.log
    Γ£à Convex posts loaded: 0

      at log (/app/app/(app)/(tabs)../community-forum/index.tsx:384:15)

  console.log
    ≡ƒôñ Loading posts via Convex... { category: 'All' }

      at log (/app/app/(app)/(tabs)../community-forum/index.tsx:361:17)

  console.log
    ΓÅ¡∩╕Å Skipping loadPosts - already loading

      at log (/app/app/(app)/(tabs)../community-forum/index.tsx:315:15)

  console.log
    Γ£à Convex posts loaded: 0

      at log (/app/app/(app)/(tabs)../community-forum/index.tsx:384:15)

  console.log
    ≡ƒôñ Loading posts via Convex... { category: 'All' }

      at log (/app/app/(app)/(tabs)../community-forum/index.tsx:361:17)

  console.log
    ΓÅ¡∩╕Å Skipping loadPosts - already loading

      at log (/app/app/(app)/(tabs)../community-forum/index.tsx:315:15)

  console.log
    Γ£à Convex posts loaded: 0

      at log (/app/app/(app)/(tabs)../community-forum/index.tsx:384:15)

  console.log
    ≡ƒôñ Loading posts via Convex... { category: 'All' }

      at log (/app/app/(app)/(tabs)../community-forum/index.tsx:361:17)

  console.log
    ΓÅ¡∩╕Å Skipping loadPosts - already loading

      at log (/app/app/(app)/(tabs)../community-forum/index.tsx:315:15)

  console.log
    Γ£à Convex posts loaded: 0

      at log (/app/app/(app)/(tabs)../community-forum/index.tsx:384:15)

  console.log
    ≡ƒôñ Loading posts via Convex... { category: 'All' }

      at log (/app/app/(app)/(tabs)../community-forum/index.tsx:361:17)

  console.log
    ΓÅ¡∩╕Å Skipping loadPosts - already loading

      at log (/app/app/(app)/(tabs)../community-forum/index.tsx:315:15)

  console.log
    Γ£à Convex posts loaded: 0

      at log (/app/app/(app)/(tabs)../community-forum/index.tsx:384:15)

  console.log
    ≡ƒôñ Loading posts via Convex... { category: 'All' }

      at log (/app/app/(app)/(tabs)../community-forum/index.tsx:361:17)

  console.log
    ΓÅ¡∩╕Å Skipping loadPosts - already loading

      at log (/app/app/(app)/(tabs)../community-forum/index.tsx:315:15)

  console.log
    Γ£à Convex posts loaded: 0

      at log (/app/app/(app)/(tabs)../community-forum/index.tsx:384:15)

  console.log
    ≡ƒôñ Loading posts via Convex... { category: 'All' }

      at log (/app/app/(app)/(tabs)../community-forum/index.tsx:361:17)

  console.log
    ΓÅ¡∩╕Å Skipping loadPosts - already loading

      at log (/app/app/(app)/(tabs)../community-forum/index.tsx:315:15)

  console.log
    Γ£à Convex posts loaded: 0

      at log (/app/app/(app)/(tabs)../community-forum/index.tsx:384:15)

  console.log
    ≡ƒôñ Loading posts via Convex... { category: 'All' }

      at log (/app/app/(app)/(tabs)../community-forum/index.tsx:361:17)

  console.log
    ΓÅ¡∩╕Å Skipping loadPosts - already loading

      at log (/app/app/(app)/(tabs)../community-forum/index.tsx:315:15)

  console.log
    Γ£à Convex posts loaded: 0

      at log (/app/app/(app)/(tabs)../community-forum/index.tsx:384:15)

  console.log
    ≡ƒôñ Loading posts via Convex... { category: 'All' }

      at log (/app/app/(app)/(tabs)../community-forum/index.tsx:361:17)

  console.log
    ΓÅ¡∩╕Å Skipping loadPosts - already loading

      at log (/app/app/(app)/(tabs)../community-forum/index.tsx:315:15)

  console.log
    Γ£à Convex posts loaded: 0

      at log (/app/app/(app)/(tabs)../community-forum/index.tsx:384:15)

  console.log
    ≡ƒôñ Loading posts via Convex... { category: 'All' }

      at log (/app/app/(app)/(tabs)../community-forum/index.tsx:361:17)

  console.log
    ΓÅ¡∩╕Å Skipping loadPosts - already loading

      at log (/app/app/(app)/(tabs)../community-forum/index.tsx:315:15)

  console.log
    Γ£à Convex posts loaded: 0

      at log (/app/app/(app)/(tabs)../community-forum/index.tsx:384:15)

  console.log
    ≡ƒôñ Loading posts via Convex... { category: 'All' }

      at log (/app/app/(app)/(tabs)../community-forum/index.tsx:361:17)

  console.log
    ΓÅ¡∩╕Å Skipping loadPosts - already loading

      at log (/app/app/(app)/(tabs)../community-forum/index.tsx:315:15)

  console.log
    Γ£à Convex posts loaded: 0

      at log (/app/app/(app)/(tabs)../community-forum/index.tsx:384:15)

  console.log
    ≡ƒôñ Loading posts via Convex... { category: 'All' }

      at log (/app/app/(app)/(tabs)../community-forum/index.tsx:361:17)

  console.log
    ΓÅ¡∩╕Å Skipping loadPosts - already loading

      at log (/app/app/(app)/(tabs)../community-forum/index.tsx:315:15)

  console.log
    Γ£à Convex posts loaded: 0

      at log (/app/app/(app)/(tabs)../community-forum/index.tsx:384:15)

  console.log
    ≡ƒôñ Loading posts via Convex... { category: 'All' }

      at log (/app/app/(app)/(tabs)../community-forum/index.tsx:361:17)

  console.log
    ΓÅ¡∩╕Å Skipping loadPosts - already loading

      at log (/app/app/(app)/(tabs)../community-forum/index.tsx:315:15)

  console.log
    Γ£à Convex posts loaded: 0

      at log (/app/app/(app)/(tabs)../community-forum/index.tsx:384:15)

  console.log
    ≡ƒôñ Loading posts via Convex... { category: 'All' }

      at log (/app/app/(app)/(tabs)../community-forum/index.tsx:361:17)

  console.log
    ΓÅ¡∩╕Å Skipping loadPosts - already loading

      at log (/app/app/(app)/(tabs)../community-forum/index.tsx:315:15)

  console.log
    Γ£à Convex posts loaded: 0

      at log (/app/app/(app)/(tabs)../community-forum/index.tsx:384:15)

  console.log
    ≡ƒôñ Loading posts via Convex... { category: 'All' }

      at log (/app/app/(app)/(tabs)../community-forum/index.tsx:361:17)

  console.log
    ΓÅ¡∩╕Å Skipping loadPosts - already loading

      at log (/app/app/(app)/(tabs)../community-forum/index.tsx:315:15)

  console.log
    Γ£à Convex posts loaded: 0

      at log (/app/app/(app)/(tabs)../community-forum/index.tsx:384:15)

  console.log
    ≡ƒôñ Loading posts via Convex... { category: 'All' }

      at log (/app/app/(app)/(tabs)../community-forum/index.tsx:361:17)

  console.log
    ΓÅ¡∩╕Å Skipping loadPosts - already loading

      at log (/app/app/(app)/(tabs)../community-forum/index.tsx:315:15)

  console.log
    Γ£à Convex posts loaded: 0

      at log (/app/app/(app)/(tabs)../community-forum/index.tsx:384:15)

  console.log
    ≡ƒôñ Loading posts via Convex... { category: 'All' }

      at log (/app/app/(app)/(tabs)../community-forum/index.tsx:361:17)

  console.log
    ΓÅ¡∩╕Å Skipping loadPosts - already loading

      at log (/app/app/(app)/(tabs)../community-forum/index.tsx:315:15)

  console.log
    Γ£à Convex posts loaded: 0

      at log (/app/app/(app)/(tabs)../community-forum/index.tsx:384:15)

  console.log
    ≡ƒôñ Loading posts via Convex... { category: 'All' }

      at log (/app/app/(app)/(tabs)../community-forum/index.tsx:361:17)

  console.log
    ΓÅ¡∩╕Å Skipping loadPosts - already loading

      at log (/app/app/(app)/(tabs)../community-forum/index.tsx:315:15)

  console.log
    Γ£à Convex posts loaded: 0

      at log (/app/app/(app)/(tabs)../community-forum/index.tsx:384:15)

  console.log
    ≡ƒôñ Loading posts via Convex... { category: 'All' }

      at log (/app/app/(app)/(tabs)../community-forum/index.tsx:361:17)

  console.log
    ΓÅ¡∩╕Å Skipping loadPosts - already loading

      at log (/app/app/(app)/(tabs)../community-forum/index.tsx:315:15)

  console.log
    Γ£à Convex posts loaded: 0

      at log (/app/app/(app)/(tabs)../community-forum/index.tsx:384:15)

  console.log
    ≡ƒôñ Loading posts via Convex... { category: 'All' }

      at log (/app/app/(app)/(tabs)../community-forum/index.tsx:361:17)

  console.log
    ΓÅ¡∩╕Å Skipping loadPosts - already loading

      at log (/app/app/(app)/(tabs)../community-forum/index.tsx:315:15)

  console.log
    Γ£à Convex posts loaded: 0

      at log (/app/app/(app)/(tabs)../community-forum/index.tsx:384:15)

  console.log
    ≡ƒôñ Loading posts via Convex... { category: 'All' }

      at log (/app/app/(app)/(tabs)../community-forum/index.tsx:361:17)

  console.log
    ΓÅ¡∩╕Å Skipping loadPosts - already loading

      at log (/app/app/(app)/(tabs)../community-forum/index.tsx:315:15)

  console.log
    Γ£à Convex posts loaded: 0

      at log (/app/app/(app)/(tabs)../community-forum/index.tsx:384:15)

  console.log
    ≡ƒôñ Loading posts via Convex... { category: 'All' }

      at log (/app/app/(app)/(tabs)../community-forum/index.tsx:361:17)

  console.log
    ΓÅ¡∩╕Å Skipping loadPosts - already loading

      at log (/app/app/(app)/(tabs)../community-forum/index.tsx:315:15)

  console.log
    Γ£à Convex posts loaded: 0

      at log (/app/app/(app)/(tabs)../community-forum/index.tsx:384:15)

  console.log
    ≡ƒôñ Loading posts via Convex... { category: 'All' }

      at log (/app/app/(app)/(tabs)../community-forum/index.tsx:361:17)

  console.log
    ΓÅ¡∩╕Å Skipping loadPosts - already loading

      at log (/app/app/(app)/(tabs)../community-forum/index.tsx:315:15)

  console.log
    Γ£à Convex posts loaded: 0

      at log (/app/app/(app)/(tabs)../community-forum/index.tsx:384:15)

  console.log
    ≡ƒôñ Loading posts via Convex... { category: 'All' }

      at log (/app/app/(app)/(tabs)../community-forum/index.tsx:361:17)

  console.log
    ΓÅ¡∩╕Å Skipping loadPosts - already loading

      at log (/app/app/(app)/(tabs)../community-forum/index.tsx:315:15)

  console.log
    Γ£à Convex posts loaded: 0

      at log (/app/app/(app)/(tabs)../community-forum/index.tsx:384:15)

  console.log
    ≡ƒôñ Loading posts via Convex... { category: 'All' }

      at log (/app/app/(app)/(tabs)../community-forum/index.tsx:361:17)

  console.log
    ΓÅ¡∩╕Å Skipping loadPosts - already loading

      at log (/app/app/(app)/(tabs)../community-forum/index.tsx:315:15)

  console.log
    Γ£à Convex posts loaded: 0

      at log (/app/app/(app)/(tabs)../community-forum/index.tsx:384:15)

  console.log
    ≡ƒôñ Loading posts via Convex... { category: 'All' }

      at log (/app/app/(app)/(tabs)../community-forum/index.tsx:361:17)

  console.log
    ΓÅ¡∩╕Å Skipping loadPosts - already loading

      at log (/app/app/(app)/(tabs)../community-forum/index.tsx:315:15)

  console.log
    Γ£à Convex posts loaded: 0

      at log (/app/app/(app)/(tabs)../community-forum/index.tsx:384:15)

  console.log
    ≡ƒôñ Loading posts via Convex... { category: 'All' }

      at log (/app/app/(app)/(tabs)../community-forum/index.tsx:361:17)

  console.log
    ΓÅ¡∩╕Å Skipping loadPosts - already loading

      at log (/app/app/(app)/(tabs)../community-forum/index.tsx:315:15)

  console.log
    Γ£à Convex posts loaded: 0

      at log (/app/app/(app)/(tabs)../community-forum/index.tsx:384:15)

  console.log
    ≡ƒôñ Loading posts via Convex... { category: 'All' }

      at log (/app/app/(app)/(tabs)../community-forum/index.tsx:361:17)

  console.log
    ΓÅ¡∩╕Å Skipping loadPosts - already loading

      at log (/app/app/(app)/(tabs)../community-forum/index.tsx:315:15)

  console.log
    Γ£à Convex posts loaded: 0

      at log (/app/app/(app)/(tabs)../community-forum/index.tsx:384:15)

  console.log
    ≡ƒôñ Loading posts via Convex... { category: 'All' }

      at log (/app/app/(app)/(tabs)../community-forum/index.tsx:361:17)

  console.log
    ΓÅ¡∩╕Å Skipping loadPosts - already loading

      at log (/app/app/(app)/(tabs)../community-forum/index.tsx:315:15)

  console.log
    Γ£à Convex posts loaded: 0

      at log (/app/app/(app)/(tabs)../community-forum/index.tsx:384:15)

  console.log
    ≡ƒôñ Loading posts via Convex... { category: 'All' }

      at log (/app/app/(app)/(tabs)../community-forum/index.tsx:361:17)

  console.log
    ΓÅ¡∩╕Å Skipping loadPosts - already loading

      at log (/app/app/(app)/(tabs)../community-forum/index.tsx:315:15)

  console.log
    Γ£à Convex posts loaded: 0

      at log (/app/app/(app)/(tabs)../community-forum/index.tsx:384:15)

  console.log
    ≡ƒôñ Loading posts via Convex... { category: 'All' }

      at log (/app/app/(app)/(tabs)../community-forum/index.tsx:361:17)

  console.log
    ΓÅ¡∩╕Å Skipping loadPosts - already loading

      at log (/app/app/(app)/(tabs)../community-forum/index.tsx:315:15)

  console.log
    Γ£à Convex posts loaded: 0

      at log (/app/app/(app)/(tabs)../community-forum/index.tsx:384:15)

  console.log
    ≡ƒôñ Loading posts via Convex... { category: 'All' }

      at log (/app/app/(app)/(tabs)../community-forum/index.tsx:361:17)

  console.log
    ΓÅ¡∩╕Å Skipping loadPosts - already loading

      at log (/app/app/(app)/(tabs)../community-forum/index.tsx:315:15)

  console.log
    Γ£à Convex posts loaded: 0

      at log (/app/app/(app)/(tabs)../community-forum/index.tsx:384:15)

  console.log
    ≡ƒôñ Loading posts via Convex... { category: 'All' }

      at log (/app/app/(app)/(tabs)../community-forum/index.tsx:361:17)

  console.log
    ΓÅ¡∩╕Å Skipping loadPosts - already loading

      at log (/app/app/(app)/(tabs)../community-forum/index.tsx:315:15)

  console.log
    Γ£à Convex posts loaded: 0

      at log (/app/app/(app)/(tabs)../community-forum/index.tsx:384:15)

  console.log
    ≡ƒôñ Loading posts via Convex... { category: 'All' }

      at log (/app/app/(app)/(tabs)../community-forum/index.tsx:361:17)

  console.log
    ΓÅ¡∩╕Å Skipping loadPosts - already loading

      at log (/app/app/(app)/(tabs)../community-forum/index.tsx:315:15)

  console.log
    Γ£à Convex posts loaded: 0

      at log (/app/app/(app)/(tabs)../community-forum/index.tsx:384:15)

  console.log
    ≡ƒôñ Loading posts via Convex... { category: 'All' }

      at log (/app/app/(app)/(tabs)../community-forum/index.tsx:361:17)

  console.log
    ΓÅ¡∩╕Å Skipping loadPosts - already loading

      at log (/app/app/(app)/(tabs)../community-forum/index.tsx:315:15)

  console.log
    Γ£à Convex posts loaded: 0

      at log (/app/app/(app)/(tabs)../community-forum/index.tsx:384:15)

  console.log
    ≡ƒôñ Loading posts via Convex... { category: 'All' }

      at log (/app/app/(app)/(tabs)../community-forum/index.tsx:361:17)

  console.log
    ΓÅ¡∩╕Å Skipping loadPosts - already loading

      at log (/app/app/(app)/(tabs)../community-forum/index.tsx:315:15)

  console.log
    Γ£à Convex posts loaded: 0

      at log (/app/app/(app)/(tabs)../community-forum/index.tsx:384:15)

  console.log
    ≡ƒôñ Loading posts via Convex... { category: 'All' }

      at log (/app/app/(app)/(tabs)../community-forum/index.tsx:361:17)

  console.log
    ΓÅ¡∩╕Å Skipping loadPosts - already loading

      at log (/app/app/(app)/(tabs)../community-forum/index.tsx:315:15)

  console.log
    Γ£à Convex posts loaded: 0

      at log (/app/app/(app)/(tabs)../community-forum/index.tsx:384:15)

  console.log
    ≡ƒôñ Loading posts via Convex... { category: 'All' }

      at log (/app/app/(app)/(tabs)../community-forum/index.tsx:361:17)

  console.log
    ΓÅ¡∩╕Å Skipping loadPosts - already loading

      at log (/app/app/(app)/(tabs)../community-forum/index.tsx:315:15)

  console.log
    Γ£à Convex posts loaded: 0

      at log (/app/app/(app)/(tabs)../community-forum/index.tsx:384:15)

  console.log
    ≡ƒôñ Loading posts via Convex... { category: 'All' }

      at log (/app/app/(app)/(tabs)../community-forum/index.tsx:361:17)

  console.log
    ΓÅ¡∩╕Å Skipping loadPosts - already loading

      at log (/app/app/(app)/(tabs)../community-forum/index.tsx:315:15)

  console.log
    Γ£à Convex posts loaded: 0

      at log (/app/app/(app)/(tabs)../community-forum/index.tsx:384:15)

  console.log
    ≡ƒôñ Loading posts via Convex... { category: 'All' }

      at log (/app/app/(app)/(tabs)../community-forum/index.tsx:361:17)

  console.log
    ΓÅ¡∩╕Å Skipping loadPosts - already loading

      at log (/app/app/(app)/(tabs)../community-forum/index.tsx:315:15)

  console.log
    Γ£à Convex posts loaded: 0

      at log (/app/app/(app)/(tabs)../community-forum/index.tsx:384:15)

  console.log
    ≡ƒôñ Loading posts via Convex... { category: 'All' }

      at log (/app/app/(app)/(tabs)../community-forum/index.tsx:361:17)

  console.log
    ΓÅ¡∩╕Å Skipping loadPosts - already loading

      at log (/app/app/(app)/(tabs)../community-forum/index.tsx:315:15)

  console.log
    Γ£à Convex posts loaded: 0

      at log (/app/app/(app)/(tabs)../community-forum/index.tsx:384:15)

  console.log
    ≡ƒôñ Loading posts via Convex... { category: 'All' }

      at log (/app/app/(app)/(tabs)../community-forum/index.tsx:361:17)

  console.log
    ΓÅ¡∩╕Å Skipping loadPosts - already loading

      at log (/app/app/(app)/(tabs)../community-forum/index.tsx:315:15)

  console.log
    Γ£à Convex posts loaded: 0

      at log (/app/app/(app)/(tabs)../community-forum/index.tsx:384:15)

  console.log
    ≡ƒôñ Loading posts via Convex... { category: 'All' }

      at log (/app/app/(app)/(tabs)../community-forum/index.tsx:361:17)

  console.log
    ΓÅ¡∩╕Å Skipping loadPosts - already loading

      at log (/app/app/(app)/(tabs)../community-forum/index.tsx:315:15)

  console.log
    Γ£à Convex posts loaded: 0

      at log (/app/app/(app)/(tabs)../community-forum/index.tsx:384:15)

  console.log
    ≡ƒôñ Loading posts via Convex... { category: 'All' }

      at log (/app/app/(app)/(tabs)../community-forum/index.tsx:361:17)

  console.log
    ΓÅ¡∩╕Å Skipping loadPosts - already loading

      at log (/app/app/(app)/(tabs)../community-forum/index.tsx:315:15)

  console.log
    Γ£à Convex posts loaded: 0

      at log (/app/app/(app)/(tabs)../community-forum/index.tsx:384:15)

  console.log
    ≡ƒôñ Loading posts via Convex... { category: 'All' }

      at log (/app/app/(app)/(tabs)../community-forum/index.tsx:361:17)

  console.log
    ΓÅ¡∩╕Å Skipping loadPosts - already loading

      at log (/app/app/(app)/(tabs)../community-forum/index.tsx:315:15)

  console.log
    Γ£à Convex posts loaded: 0

      at log (/app/app/(app)/(tabs)../community-forum/index.tsx:384:15)

  console.log
    ≡ƒôñ Loading posts via Convex... { category: 'All' }

      at log (/app/app/(app)/(tabs)../community-forum/index.tsx:361:17)

  console.log
    ΓÅ¡∩╕Å Skipping loadPosts - already loading

      at log (/app/app/(app)/(tabs)../community-forum/index.tsx:315:15)

  console.log
    Γ£à Convex posts loaded: 0

      at log (/app/app/(app)/(tabs)../community-forum/index.tsx:384:15)

  console.log
    ≡ƒôñ Loading posts via Convex... { category: 'All' }

      at log (/app/app/(app)/(tabs)../community-forum/index.tsx:361:17)

  console.log
    ΓÅ¡∩╕Å Skipping loadPosts - already loading

      at log (/app/app/(app)/(tabs)../community-forum/index.tsx:315:15)

  console.log
    Γ£à Convex posts loaded: 0

      at log (/app/app/(app)/(tabs)../community-forum/index.tsx:384:15)

  console.log
    ≡ƒôñ Loading posts via Convex... { category: 'All' }

      at log (/app/app/(app)/(tabs)../community-forum/index.tsx:361:17)

  console.log
    ΓÅ¡∩╕Å Skipping loadPosts - already loading

      at log (/app/app/(app)/(tabs)../community-forum/index.tsx:315:15)

  console.log
    Γ£à Convex posts loaded: 0

      at log (/app/app/(app)/(tabs)../community-forum/index.tsx:384:15)

  console.log
    ≡ƒôñ Loading posts via Convex... { category: 'All' }

      at log (/app/app/(app)/(tabs)../community-forum/index.tsx:361:17)

  console.log
    ΓÅ¡∩╕Å Skipping loadPosts - already loading

      at log (/app/app/(app)/(tabs)../community-forum/index.tsx:315:15)

  console.log
    Γ£à Convex posts loaded: 0

      at log (/app/app/(app)/(tabs)../community-forum/index.tsx:384:15)

  console.log
    ≡ƒôñ Loading posts via Convex... { category: 'All' }

      at log (/app/app/(app)/(tabs)../community-forum/index.tsx:361:17)

  console.log
    ΓÅ¡∩╕Å Skipping loadPosts - already loading

      at log (/app/app/(app)/(tabs)../community-forum/index.tsx:315:15)

  console.log
    Γ£à Convex posts loaded: 0

      at log (/app/app/(app)/(tabs)../community-forum/index.tsx:384:15)

  console.log
    ≡ƒôñ Loading posts via Convex... { category: 'All' }

      at log (/app/app/(app)/(tabs)../community-forum/index.tsx:361:17)

  console.log
    ΓÅ¡∩╕Å Skipping loadPosts - already loading

      at log (/app/app/(app)/(tabs)../community-forum/index.tsx:315:15)

  console.log
    Γ£à Convex posts loaded: 0

      at log (/app/app/(app)/(tabs)../community-forum/index.tsx:384:15)

  console.log
    ≡ƒôñ Loading posts via Convex... { category: 'All' }

      at log (/app/app/(app)/(tabs)../community-forum/index.tsx:361:17)

  console.log
    ΓÅ¡∩╕Å Skipping loadPosts - already loading

      at log (/app/app/(app)/(tabs)../community-forum/index.tsx:315:15)

  console.error
    An update to CommunityMainScreen inside a test was not wrapped in act(...).
    
    When testing, code that causes React state updates should be wrapped into act(...):
    
    act(() => {
      /* fire events that update state */
    });
    /* assert on the output */
    
    This ensures that you're testing the behavior the user would see in the browser. Learn more at https://react.dev/link/wrap-tests-with-act

    [0m [90m 381 |[39m       }))[33m;[39m
     [90m 382 |[39m       
    [31m[1m>[22m[39m[90m 383 |[39m       setPosts(mapped)[33m;[39m
     [90m     |[39m       [31m[1m^[22m[39m
     [90m 384 |[39m       console[33m.[39mlog([32m'Γ£à Convex posts loaded:'[39m[33m,[39m mapped[33m.[39mlength)[33m;[39m
     [90m 385 |[39m
     [90m 386 |[39m       [90m// Load user-specific data if authenticated[39m[0m

      at node_modules/react-test-renderer/cjs/react-test-renderer.development.js:11801:19
      at runWithFiberInDEV (node_modules/react-test-renderer/cjs/react-test-renderer.development.js:1574:13)
      at warnIfUpdatesNotWrappedWithActDEV (node_modules/react-test-renderer/cjs/react-test-renderer.development.js:11800:9)
      at scheduleUpdateOnFiber (node_modules/react-test-renderer/cjs/react-test-renderer.development.js:10326:9)
      at dispatchSetStateInternal (node_modules/react-test-renderer/cjs/react-test-renderer.development.js:4148:13)
      at dispatchSetState (node_modules/react-test-renderer/cjs/react-test-renderer.development.js:4107:7)
      at setPosts (/app/app/(app)/(tabs)../community-forum/index.tsx:383:7)
      at asyncGeneratorStep (node_modules/@babel/runtime/helpers/asyncToGenerator.js:3:17)
      at _next (node_modules/@babel/runtime/helpers/asyncToGenerator.js:17:9)

  console.log
    Γ£à Convex posts loaded: 0

      at log (/app/app/(app)/(tabs)../community-forum/index.tsx:384:15)

  console.error
    An update to CommunityMainScreen inside a test was not wrapped in act(...).
    
    When testing, code that causes React state updates should be wrapped into act(...):
    
    act(() => {
      /* fire events that update state */
    });
    /* assert on the output */
    
    This ensures that you're testing the behavior the user would see in the browser. Learn more at https://react.dev/link/wrap-tests-with-act

    [0m [90m 390 |[39m           (bookmarked [33m||[39m [])[33m.[39mmap((post[33m:[39m any) [33m=>[39m post[33m.[39m_id)
     [90m 391 |[39m         )[33m;[39m
    [31m[1m>[22m[39m[90m 392 |[39m         setBookmarkedPosts(bookmarkedIds [36mas[39m any)[33m;[39m
     [90m     |[39m         [31m[1m^[22m[39m
     [90m 393 |[39m       }
     [90m 394 |[39m     } [36mcatch[39m (error) {
     [90m 395 |[39m       console[33m.[39merror([32m"Error loading posts:"[39m[33m,[39m error)[33m;[39m[0m

      at node_modules/react-test-renderer/cjs/react-test-renderer.development.js:11801:19
      at runWithFiberInDEV (node_modules/react-test-renderer/cjs/react-test-renderer.development.js:1574:13)
      at warnIfUpdatesNotWrappedWithActDEV (node_modules/react-test-renderer/cjs/react-test-renderer.development.js:11800:9)
      at scheduleUpdateOnFiber (node_modules/react-test-renderer/cjs/react-test-renderer.development.js:10326:9)
      at dispatchSetStateInternal (node_modules/react-test-renderer/cjs/react-test-renderer.development.js:4148:13)
      at dispatchSetState (node_modules/react-test-renderer/cjs/react-test-renderer.development.js:4107:7)
      at setBookmarkedPosts (/app/app/(app)/(tabs)../community-forum/index.tsx:392:9)
      at asyncGeneratorStep (node_modules/@babel/runtime/helpers/asyncToGenerator.js:3:17)
      at _next (node_modules/@babel/runtime/helpers/asyncToGenerator.js:17:9)

  console.error
    An update to CommunityMainScreen inside a test was not wrapped in act(...).
    
    When testing, code that causes React state updates should be wrapped into act(...):
    
    act(() => {
      /* fire events that update state */
    });
    /* assert on the output */
    
    This ensures that you're testing the behavior the user would see in the browser. Learn more at https://react.dev/link/wrap-tests-with-act

    [0m [90m 397 |[39m       setPosts([])[33m;[39m
     [90m 398 |[39m     } [36mfinally[39m {
    [31m[1m>[22m[39m[90m 399 |[39m       setLoading([36mfalse[39m)[33m;[39m
     [90m     |[39m       [31m[1m^[22m[39m
     [90m 400 |[39m       setRefreshing([36mfalse[39m)[33m;[39m
     [90m 401 |[39m       isLoadingPostsRef[33m.[39mcurrent [33m=[39m [36mfalse[39m[33m;[39m
     [90m 402 |[39m     }[0m

      at node_modules/react-test-renderer/cjs/react-test-renderer.development.js:11801:19
      at runWithFiberInDEV (node_modules/react-test-renderer/cjs/react-test-renderer.development.js:1574:13)
      at warnIfUpdatesNotWrappedWithActDEV (node_modules/react-test-renderer/cjs/react-test-renderer.development.js:11800:9)
      at scheduleUpdateOnFiber (node_modules/react-test-renderer/cjs/react-test-renderer.development.js:10326:9)
      at dispatchSetStateInternal (node_modules/react-test-renderer/cjs/react-test-renderer.development.js:4148:13)
      at dispatchSetState (node_modules/react-test-renderer/cjs/react-test-renderer.development.js:4107:7)
      at setLoading (/app/app/(app)/(tabs)../community-forum/index.tsx:399:7)
      at asyncGeneratorStep (node_modules/@babel/runtime/helpers/asyncToGenerator.js:3:17)
      at _next (node_modules/@babel/runtime/helpers/asyncToGenerator.js:17:9)

  console.error
    An update to CommunityMainScreen inside a test was not wrapped in act(...).
    
    When testing, code that causes React state updates should be wrapped into act(...):
    
    act(() => {
      /* fire events that update state */
    });
    /* assert on the output */
    
    This ensures that you're testing the behavior the user would see in the browser. Learn more at https://react.dev/link/wrap-tests-with-act

    [0m [90m 398 |[39m     } [36mfinally[39m {
     [90m 399 |[39m       setLoading([36mfalse[39m)[33m;[39m
    [31m[1m>[22m[39m[90m 400 |[39m       setRefreshing([36mfalse[39m)[33m;[39m
     [90m     |[39m       [31m[1m^[22m[39m
     [90m 401 |[39m       isLoadingPostsRef[33m.[39mcurrent [33m=[39m [36mfalse[39m[33m;[39m
     [90m 402 |[39m     }
     [90m 403 |[39m     [90m// eslint-disable-next-line react-hooks/exhaustive-deps[39m[0m

      at node_modules/react-test-renderer/cjs/react-test-renderer.development.js:11801:19
      at runWithFiberInDEV (node_modules/react-test-renderer/cjs/react-test-renderer.development.js:1574:13)
      at warnIfUpdatesNotWrappedWithActDEV (node_modules/react-test-renderer/cjs/react-test-renderer.development.js:11800:9)
      at scheduleUpdateOnFiber (node_modules/react-test-renderer/cjs/react-test-renderer.development.js:10326:9)
      at dispatchSetStateInternal (node_modules/react-test-renderer/cjs/react-test-renderer.development.js:4148:13)
      at dispatchSetState (node_modules/react-test-renderer/cjs/react-test-renderer.development.js:4107:7)
      at setRefreshing (/app/app/(app)/(tabs)../community-forum/index.tsx:400:7)
      at asyncGeneratorStep (node_modules/@babel/runtime/helpers/asyncToGenerator.js:3:17)
      at _next (node_modules/@babel/runtime/helpers/asyncToGenerator.js:17:9)

  console.log
    ≡ƒôñ Loading posts via Convex... { category: 'All' }

      at log (/app/app/(app)/(tabs)../community-forum/index.tsx:361:17)

  console.log
    ΓÅ¡∩╕Å Skipping loadPosts - already loading

      at log (/app/app/(app)/(tabs)../community-forum/index.tsx:315:15)

  console.log
    ≡ƒöö NotificationsProvider initialized - userId: test-user-id, hasClient: true

      at log (contexts/NotificationsContext.tsx:35:15)

  console.log
    ≡ƒöö NotificationsProvider starting subscription for userId: test-user-id

      at log (contexts/NotificationsContext.tsx:53:13)

  console.log
    ≡ƒöö Fetching notifications for userId: test-user-id

      at log (contexts/NotificationsContext.tsx:64:17)

  console.log
    ΓÅ¡∩╕Å Skipping loadPosts - already loading

      at log (/app/app/(app)/(tabs)../community-forum/index.tsx:315:15)

  console.log
    Γ£à Convex posts loaded: 2

      at log (/app/app/(app)/(tabs)../community-forum/index.tsx:384:15)

  console.log
    ≡ƒöö Notifications result: undefined

      at log (contexts/NotificationsContext.tsx:70:17)

  console.error
    Error checking assessment status: TypeError: Cannot read properties of null (reading 'isDue')
        at isDue (/app/components/AppHeader.tsx:106:37)
        at Generator.next (<anonymous>)
        at asyncGeneratorStep (/app/node_modules/@babel/runtime/helpers/asyncToGenerator.js:3:17)
        at _next (/app/node_modules/@babel/runtime/helpers/asyncToGenerator.js:17:9)

    [0m [90m 106 |[39m           setIsAssessmentDue(result[33m.[39misDue)[33m;[39m
     [90m 107 |[39m         } [36mcatch[39m (error) {
    [31m[1m>[22m[39m[90m 108 |[39m           console[33m.[39merror([32m"Error checking assessment status:"[39m[33m,[39m error)[33m;[39m
     [90m     |[39m                   [31m[1m^[22m[39m
     [90m 109 |[39m         } [36mfinally[39m {
     [90m 110 |[39m           setCheckingAssessment([36mfalse[39m)[33m;[39m
     [90m 111 |[39m         }[0m

      at error (components/AppHeader.tsx:108:19)
      at asyncGeneratorStep (node_modules/@babel/runtime/helpers/asyncToGenerator.js:3:17)
      at _next (node_modules/@babel/runtime/helpers/asyncToGenerator.js:17:9)

  console.log
    ≡ƒÄ¡ Community Forum: No profile image available

      at log (/app/app/(app)/(tabs)../community-forum/index.tsx:500:17)

  console.log
    ≡ƒô▒ Loading theme preference from AsyncStorage: null

      at log (contexts/ThemeContext.tsx:105:15)

  console.log
    ≡ƒôñ Loading posts via Convex... { category: 'All' }

      at log (/app/app/(app)/(tabs)../community-forum/index.tsx:361:17)

  console.log
    ΓÅ¡∩╕Å Skipping loadPosts - already loading

      at log (/app/app/(app)/(tabs)../community-forum/index.tsx:315:15)

  console.log
    Γ£à Convex posts loaded: 2

      at log (/app/app/(app)/(tabs)../community-forum/index.tsx:384:15)

  console.log
    ≡ƒôñ Loading posts via Convex... { category: 'All' }

      at log (/app/app/(app)/(tabs)../community-forum/index.tsx:361:17)

  console.log
    ΓÅ¡∩╕Å Skipping loadPosts - already loading

      at log (/app/app/(app)/(tabs)../community-forum/index.tsx:315:15)

  console.log
    Γ£à Convex posts loaded: 2

      at log (/app/app/(app)/(tabs)../community-forum/index.tsx:384:15)

  console.log
    ≡ƒôñ Loading posts via Convex... { category: 'All' }

      at log (/app/app/(app)/(tabs)../community-forum/index.tsx:361:17)

  console.log
    ΓÅ¡∩╕Å Skipping loadPosts - already loading

      at log (/app/app/(app)/(tabs)../community-forum/index.tsx:315:15)

  console.log
    Γ£à Convex posts loaded: 2

      at log (/app/app/(app)/(tabs)../community-forum/index.tsx:384:15)

  console.log
    ≡ƒôñ Loading posts via Convex... { category: 'All' }

      at log (/app/app/(app)/(tabs)../community-forum/index.tsx:361:17)

  console.log
    ΓÅ¡∩╕Å Skipping loadPosts - already loading

      at log (/app/app/(app)/(tabs)../community-forum/index.tsx:315:15)

  console.log
    Γ£à Convex posts loaded: 2

      at log (/app/app/(app)/(tabs)../community-forum/index.tsx:384:15)

  console.log
    ≡ƒôñ Loading posts via Convex... { category: 'All' }

      at log (/app/app/(app)/(tabs)../community-forum/index.tsx:361:17)

  console.log
    ΓÅ¡∩╕Å Skipping loadPosts - already loading

      at log (/app/app/(app)/(tabs)../community-forum/index.tsx:315:15)

  console.log
    Γ£à Convex posts loaded: 2

      at log (/app/app/(app)/(tabs)../community-forum/index.tsx:384:15)

  console.log
    ≡ƒôñ Loading posts via Convex... { category: 'All' }

      at log (/app/app/(app)/(tabs)../community-forum/index.tsx:361:17)

  console.log
    ΓÅ¡∩╕Å Skipping loadPosts - already loading

      at log (/app/app/(app)/(tabs)../community-forum/index.tsx:315:15)

  console.log
    Γ£à Convex posts loaded: 2

      at log (/app/app/(app)/(tabs)../community-forum/index.tsx:384:15)

  console.log
    ≡ƒôñ Loading posts via Convex... { category: 'All' }

      at log (/app/app/(app)/(tabs)../community-forum/index.tsx:361:17)

  console.log
    ΓÅ¡∩╕Å Skipping loadPosts - already loading

      at log (/app/app/(app)/(tabs)../community-forum/index.tsx:315:15)

  console.log
    Γ£à Convex posts loaded: 2

      at log (/app/app/(app)/(tabs)../community-forum/index.tsx:384:15)

  console.log
    ≡ƒôñ Loading posts via Convex... { category: 'All' }

      at log (/app/app/(app)/(tabs)../community-forum/index.tsx:361:17)

  console.log
    ΓÅ¡∩╕Å Skipping loadPosts - already loading

      at log (/app/app/(app)/(tabs)../community-forum/index.tsx:315:15)

  console.log
    Γ£à Convex posts loaded: 2

      at log (/app/app/(app)/(tabs)../community-forum/index.tsx:384:15)

  console.log
    ≡ƒôñ Loading posts via Convex... { category: 'All' }

      at log (/app/app/(app)/(tabs)../community-forum/index.tsx:361:17)

  console.log
    ΓÅ¡∩╕Å Skipping loadPosts - already loading

      at log (/app/app/(app)/(tabs)../community-forum/index.tsx:315:15)

  console.log
    Γ£à Convex posts loaded: 2

      at log (/app/app/(app)/(tabs)../community-forum/index.tsx:384:15)

  console.log
    ≡ƒôñ Loading posts via Convex... { category: 'All' }

      at log (/app/app/(app)/(tabs)../community-forum/index.tsx:361:17)

  console.log
    ΓÅ¡∩╕Å Skipping loadPosts - already loading

      at log (/app/app/(app)/(tabs)../community-forum/index.tsx:315:15)

  console.log
    Γ£à Convex posts loaded: 2

      at log (/app/app/(app)/(tabs)../community-forum/index.tsx:384:15)

  console.log
    ≡ƒôñ Loading posts via Convex... { category: 'All' }

      at log (/app/app/(app)/(tabs)../community-forum/index.tsx:361:17)

  console.log
    ΓÅ¡∩╕Å Skipping loadPosts - already loading

      at log (/app/app/(app)/(tabs)../community-forum/index.tsx:315:15)

  console.log
    Γ£à Convex posts loaded: 2

      at log (/app/app/(app)/(tabs)../community-forum/index.tsx:384:15)

  console.log
    ≡ƒôñ Loading posts via Convex... { category: 'All' }

      at log (/app/app/(app)/(tabs)../community-forum/index.tsx:361:17)

  console.log
    ΓÅ¡∩╕Å Skipping loadPosts - already loading

      at log (/app/app/(app)/(tabs)../community-forum/index.tsx:315:15)

  console.log
    Γ£à Convex posts loaded: 2

      at log (/app/app/(app)/(tabs)../community-forum/index.tsx:384:15)

  console.log
    ≡ƒôñ Loading posts via Convex... { category: 'All' }

      at log (/app/app/(app)/(tabs)../community-forum/index.tsx:361:17)

  console.log
    ΓÅ¡∩╕Å Skipping loadPosts - already loading

      at log (/app/app/(app)/(tabs)../community-forum/index.tsx:315:15)

  console.log
    Γ£à Convex posts loaded: 2

      at log (/app/app/(app)/(tabs)../community-forum/index.tsx:384:15)

  console.log
    ≡ƒôñ Loading posts via Convex... { category: 'All' }

      at log (/app/app/(app)/(tabs)../community-forum/index.tsx:361:17)

  console.log
    ΓÅ¡∩╕Å Skipping loadPosts - already loading

      at log (/app/app/(app)/(tabs)../community-forum/index.tsx:315:15)

  console.log
    Γ£à Convex posts loaded: 2

      at log (/app/app/(app)/(tabs)../community-forum/index.tsx:384:15)

  console.log
    ≡ƒôñ Loading posts via Convex... { category: 'All' }

      at log (/app/app/(app)/(tabs)../community-forum/index.tsx:361:17)

  console.log
    ΓÅ¡∩╕Å Skipping loadPosts - already loading

      at log (/app/app/(app)/(tabs)../community-forum/index.tsx:315:15)

  console.log
    Γ£à Convex posts loaded: 2

      at log (/app/app/(app)/(tabs)../community-forum/index.tsx:384:15)

  console.log
    ≡ƒôñ Loading posts via Convex... { category: 'All' }

      at log (/app/app/(app)/(tabs)../community-forum/index.tsx:361:17)

  console.log
    ΓÅ¡∩╕Å Skipping loadPosts - already loading

      at log (/app/app/(app)/(tabs)../community-forum/index.tsx:315:15)

  console.log
    Γ£à Convex posts loaded: 2

      at log (/app/app/(app)/(tabs)../community-forum/index.tsx:384:15)

  console.log
    ≡ƒôñ Loading posts via Convex... { category: 'All' }

      at log (/app/app/(app)/(tabs)../community-forum/index.tsx:361:17)

  console.log
    ΓÅ¡∩╕Å Skipping loadPosts - already loading

      at log (/app/app/(app)/(tabs)../community-forum/index.tsx:315:15)

  console.log
    Γ£à Convex posts loaded: 2

      at log (/app/app/(app)/(tabs)../community-forum/index.tsx:384:15)

  console.log
    ≡ƒôñ Loading posts via Convex... { category: 'All' }

      at log (/app/app/(app)/(tabs)../community-forum/index.tsx:361:17)

  console.log
    ΓÅ¡∩╕Å Skipping loadPosts - already loading

      at log (/app/app/(app)/(tabs)../community-forum/index.tsx:315:15)

  console.log
    Γ£à Convex posts loaded: 2

      at log (/app/app/(app)/(tabs)../community-forum/index.tsx:384:15)

  console.log
    ≡ƒôñ Loading posts via Convex... { category: 'All' }

      at log (/app/app/(app)/(tabs)../community-forum/index.tsx:361:17)

  console.log
    ΓÅ¡∩╕Å Skipping loadPosts - already loading

      at log (/app/app/(app)/(tabs)../community-forum/index.tsx:315:15)

  console.log
    Γ£à Convex posts loaded: 2

      at log (/app/app/(app)/(tabs)../community-forum/index.tsx:384:15)

  console.log
    ≡ƒôñ Loading posts via Convex... { category: 'All' }

      at log (/app/app/(app)/(tabs)../community-forum/index.tsx:361:17)

  console.log
    ΓÅ¡∩╕Å Skipping loadPosts - already loading

      at log (/app/app/(app)/(tabs)../community-forum/index.tsx:315:15)

  console.log
    Γ£à Convex posts loaded: 2

      at log (/app/app/(app)/(tabs)../community-forum/index.tsx:384:15)

  console.log
    ≡ƒôñ Loading posts via Convex... { category: 'All' }

      at log (/app/app/(app)/(tabs)../community-forum/index.tsx:361:17)

  console.log
    ΓÅ¡∩╕Å Skipping loadPosts - already loading

      at log (/app/app/(app)/(tabs)../community-forum/index.tsx:315:15)

  console.log
    Γ£à Convex posts loaded: 2

      at log (/app/app/(app)/(tabs)../community-forum/index.tsx:384:15)

  console.log
    ≡ƒôñ Loading posts via Convex... { category: 'All' }

      at log (/app/app/(app)/(tabs)../community-forum/index.tsx:361:17)

  console.log
    ΓÅ¡∩╕Å Skipping loadPosts - already loading

      at log (/app/app/(app)/(tabs)../community-forum/index.tsx:315:15)

  console.log
    Γ£à Convex posts loaded: 2

      at log (/app/app/(app)/(tabs)../community-forum/index.tsx:384:15)

  console.log
    ≡ƒôñ Loading posts via Convex... { category: 'All' }

      at log (/app/app/(app)/(tabs)../community-forum/index.tsx:361:17)

  console.log
    ΓÅ¡∩╕Å Skipping loadPosts - already loading

      at log (/app/app/(app)/(tabs)../community-forum/index.tsx:315:15)

  console.log
    Γ£à Convex posts loaded: 2

      at log (/app/app/(app)/(tabs)../community-forum/index.tsx:384:15)

  console.log
    ≡ƒôñ Loading posts via Convex... { category: 'All' }

      at log (/app/app/(app)/(tabs)../community-forum/index.tsx:361:17)

  console.log
    ΓÅ¡∩╕Å Skipping loadPosts - already loading

      at log (/app/app/(app)/(tabs)../community-forum/index.tsx:315:15)

  console.log
    Γ£à Convex posts loaded: 2

      at log (/app/app/(app)/(tabs)../community-forum/index.tsx:384:15)

  console.log
    ≡ƒôñ Loading posts via Convex... { category: 'All' }

      at log (/app/app/(app)/(tabs)../community-forum/index.tsx:361:17)

  console.log
    ΓÅ¡∩╕Å Skipping loadPosts - already loading

      at log (/app/app/(app)/(tabs)../community-forum/index.tsx:315:15)

  console.log
    Γ£à Convex posts loaded: 2

      at log (/app/app/(app)/(tabs)../community-forum/index.tsx:384:15)

  console.log
    ≡ƒôñ Loading posts via Convex... { category: 'All' }

      at log (/app/app/(app)/(tabs)../community-forum/index.tsx:361:17)

  console.log
    ΓÅ¡∩╕Å Skipping loadPosts - already loading

      at log (/app/app/(app)/(tabs)../community-forum/index.tsx:315:15)

  console.log
    Γ£à Convex posts loaded: 2

      at log (/app/app/(app)/(tabs)../community-forum/index.tsx:384:15)

  console.log
    ≡ƒôñ Loading posts via Convex... { category: 'All' }

      at log (/app/app/(app)/(tabs)../community-forum/index.tsx:361:17)

  console.log
    ΓÅ¡∩╕Å Skipping loadPosts - already loading

      at log (/app/app/(app)/(tabs)../community-forum/index.tsx:315:15)

  console.log
    Γ£à Convex posts loaded: 2

      at log (/app/app/(app)/(tabs)../community-forum/index.tsx:384:15)

  console.log
    ≡ƒôñ Loading posts via Convex... { category: 'All' }

      at log (/app/app/(app)/(tabs)../community-forum/index.tsx:361:17)

  console.log
    ΓÅ¡∩╕Å Skipping loadPosts - already loading

      at log (/app/app/(app)/(tabs)../community-forum/index.tsx:315:15)

  console.log
    Γ£à Convex posts loaded: 2

      at log (/app/app/(app)/(tabs)../community-forum/index.tsx:384:15)

  console.log
    ≡ƒôñ Loading posts via Convex... { category: 'All' }

      at log (/app/app/(app)/(tabs)../community-forum/index.tsx:361:17)

  console.log
    ΓÅ¡∩╕Å Skipping loadPosts - already loading

      at log (/app/app/(app)/(tabs)../community-forum/index.tsx:315:15)

  console.log
    Γ£à Convex posts loaded: 2

      at log (/app/app/(app)/(tabs)../community-forum/index.tsx:384:15)

  console.log
    ≡ƒôñ Loading posts via Convex... { category: 'All' }

      at log (/app/app/(app)/(tabs)../community-forum/index.tsx:361:17)

  console.log
    ΓÅ¡∩╕Å Skipping loadPosts - already loading

      at log (/app/app/(app)/(tabs)../community-forum/index.tsx:315:15)

  console.log
    Γ£à Convex posts loaded: 2

      at log (/app/app/(app)/(tabs)../community-forum/index.tsx:384:15)

  console.log
    ≡ƒôñ Loading posts via Convex... { category: 'All' }

      at log (/app/app/(app)/(tabs)../community-forum/index.tsx:361:17)

  console.log
    ΓÅ¡∩╕Å Skipping loadPosts - already loading

      at log (/app/app/(app)/(tabs)../community-forum/index.tsx:315:15)

  console.log
    Γ£à Convex posts loaded: 2

      at log (/app/app/(app)/(tabs)../community-forum/index.tsx:384:15)

  console.log
    ≡ƒôñ Loading posts via Convex... { category: 'All' }

      at log (/app/app/(app)/(tabs)../community-forum/index.tsx:361:17)

  console.log
    ΓÅ¡∩╕Å Skipping loadPosts - already loading

      at log (/app/app/(app)/(tabs)../community-forum/index.tsx:315:15)

  console.log
    Γ£à Convex posts loaded: 2

      at log (/app/app/(app)/(tabs)../community-forum/index.tsx:384:15)

  console.log
    ≡ƒôñ Loading posts via Convex... { category: 'All' }

      at log (/app/app/(app)/(tabs)../community-forum/index.tsx:361:17)

  console.log
    ΓÅ¡∩╕Å Skipping loadPosts - already loading

      at log (/app/app/(app)/(tabs)../community-forum/index.tsx:315:15)

  console.log
    Γ£à Convex posts loaded: 2

      at log (/app/app/(app)/(tabs)../community-forum/index.tsx:384:15)

  console.log
    ≡ƒôñ Loading posts via Convex... { category: 'All' }

      at log (/app/app/(app)/(tabs)../community-forum/index.tsx:361:17)

  console.log
    ΓÅ¡∩╕Å Skipping loadPosts - already loading

      at log (/app/app/(app)/(tabs)../community-forum/index.tsx:315:15)

  console.log
    Γ£à Convex posts loaded: 2

      at log (/app/app/(app)/(tabs)../community-forum/index.tsx:384:15)

  console.log
    ≡ƒôñ Loading posts via Convex... { category: 'All' }

      at log (/app/app/(app)/(tabs)../community-forum/index.tsx:361:17)

  console.log
    ΓÅ¡∩╕Å Skipping loadPosts - already loading

      at log (/app/app/(app)/(tabs)../community-forum/index.tsx:315:15)

  console.log
    Γ£à Convex posts loaded: 2

      at log (/app/app/(app)/(tabs)../community-forum/index.tsx:384:15)

  console.log
    ≡ƒôñ Loading posts via Convex... { category: 'All' }

      at log (/app/app/(app)/(tabs)../community-forum/index.tsx:361:17)

  console.log
    ΓÅ¡∩╕Å Skipping loadPosts - already loading

      at log (/app/app/(app)/(tabs)../community-forum/index.tsx:315:15)

  console.log
    Γ£à Convex posts loaded: 2

      at log (/app/app/(app)/(tabs)../community-forum/index.tsx:384:15)

  console.log
    ≡ƒôñ Loading posts via Convex... { category: 'All' }

      at log (/app/app/(app)/(tabs)../community-forum/index.tsx:361:17)

  console.log
    ΓÅ¡∩╕Å Skipping loadPosts - already loading

      at log (/app/app/(app)/(tabs)../community-forum/index.tsx:315:15)

  console.log
    Γ£à Convex posts loaded: 2

      at log (/app/app/(app)/(tabs)../community-forum/index.tsx:384:15)

  console.log
    ≡ƒôñ Loading posts via Convex... { category: 'All' }

      at log (/app/app/(app)/(tabs)../community-forum/index.tsx:361:17)

  console.log
    ΓÅ¡∩╕Å Skipping loadPosts - already loading

      at log (/app/app/(app)/(tabs)../community-forum/index.tsx:315:15)

  console.log
    Γ£à Convex posts loaded: 2

      at log (/app/app/(app)/(tabs)../community-forum/index.tsx:384:15)

  console.log
    ≡ƒôñ Loading posts via Convex... { category: 'All' }

      at log (/app/app/(app)/(tabs)../community-forum/index.tsx:361:17)

  console.log
    ΓÅ¡∩╕Å Skipping loadPosts - already loading

      at log (/app/app/(app)/(tabs)../community-forum/index.tsx:315:15)

  console.log
    Γ£à Convex posts loaded: 2

      at log (/app/app/(app)/(tabs)../community-forum/index.tsx:384:15)

  console.log
    ≡ƒôñ Loading posts via Convex... { category: 'All' }

      at log (/app/app/(app)/(tabs)../community-forum/index.tsx:361:17)

  console.log
    ΓÅ¡∩╕Å Skipping loadPosts - already loading

      at log (/app/app/(app)/(tabs)../community-forum/index.tsx:315:15)

  console.log
    Γ£à Convex posts loaded: 2

      at log (/app/app/(app)/(tabs)../community-forum/index.tsx:384:15)

  console.log
    ≡ƒôñ Loading posts via Convex... { category: 'All' }

      at log (/app/app/(app)/(tabs)../community-forum/index.tsx:361:17)

  console.log
    ΓÅ¡∩╕Å Skipping loadPosts - already loading

      at log (/app/app/(app)/(tabs)../community-forum/index.tsx:315:15)

  console.log
    Γ£à Convex posts loaded: 2

      at log (/app/app/(app)/(tabs)../community-forum/index.tsx:384:15)

  console.log
    ≡ƒôñ Loading posts via Convex... { category: 'All' }

      at log (/app/app/(app)/(tabs)../community-forum/index.tsx:361:17)

  console.log
    ΓÅ¡∩╕Å Skipping loadPosts - already loading

      at log (/app/app/(app)/(tabs)../community-forum/index.tsx:315:15)

  console.log
    Γ£à Convex posts loaded: 2

      at log (/app/app/(app)/(tabs)../community-forum/index.tsx:384:15)

  console.log
    ≡ƒôñ Loading posts via Convex... { category: 'All' }

      at log (/app/app/(app)/(tabs)../community-forum/index.tsx:361:17)

  console.log
    ΓÅ¡∩╕Å Skipping loadPosts - already loading

      at log (/app/app/(app)/(tabs)../community-forum/index.tsx:315:15)

  console.log
    Γ£à Convex posts loaded: 2

      at log (/app/app/(app)/(tabs)../community-forum/index.tsx:384:15)

  console.log
    ≡ƒôñ Loading posts via Convex... { category: 'All' }

      at log (/app/app/(app)/(tabs)../community-forum/index.tsx:361:17)

  console.log
    ΓÅ¡∩╕Å Skipping loadPosts - already loading

      at log (/app/app/(app)/(tabs)../community-forum/index.tsx:315:15)

  console.log
    Γ£à Convex posts loaded: 2

      at log (/app/app/(app)/(tabs)../community-forum/index.tsx:384:15)

  console.log
    ≡ƒôñ Loading posts via Convex... { category: 'All' }

      at log (/app/app/(app)/(tabs)../community-forum/index.tsx:361:17)

  console.log
    ΓÅ¡∩╕Å Skipping loadPosts - already loading

      at log (/app/app/(app)/(tabs)../community-forum/index.tsx:315:15)

  console.log
    Γ£à Convex posts loaded: 2

      at log (/app/app/(app)/(tabs)../community-forum/index.tsx:384:15)

  console.log
    ≡ƒôñ Loading posts via Convex... { category: 'All' }

      at log (/app/app/(app)/(tabs)../community-forum/index.tsx:361:17)

  console.log
    ΓÅ¡∩╕Å Skipping loadPosts - already loading

      at log (/app/app/(app)/(tabs)../community-forum/index.tsx:315:15)

  console.log
    Γ£à Convex posts loaded: 2

      at log (/app/app/(app)/(tabs)../community-forum/index.tsx:384:15)

  console.log
    ≡ƒôñ Loading posts via Convex... { category: 'All' }

      at log (/app/app/(app)/(tabs)../community-forum/index.tsx:361:17)

  console.log
    ΓÅ¡∩╕Å Skipping loadPosts - already loading

      at log (/app/app/(app)/(tabs)../community-forum/index.tsx:315:15)

  console.log
    Γ£à Convex posts loaded: 2

      at log (/app/app/(app)/(tabs)../community-forum/index.tsx:384:15)

  console.log
    ≡ƒôñ Loading posts via Convex... { category: 'All' }

      at log (/app/app/(app)/(tabs)../community-forum/index.tsx:361:17)

  console.log
    ΓÅ¡∩╕Å Skipping loadPosts - already loading

      at log (/app/app/(app)/(tabs)../community-forum/index.tsx:315:15)

  console.log
    Γ£à Convex posts loaded: 2

      at log (/app/app/(app)/(tabs)../community-forum/index.tsx:384:15)

  console.log
    ≡ƒôñ Loading posts via Convex... { category: 'All' }

      at log (/app/app/(app)/(tabs)../community-forum/index.tsx:361:17)

  console.log
    ΓÅ¡∩╕Å Skipping loadPosts - already loading

      at log (/app/app/(app)/(tabs)../community-forum/index.tsx:315:15)

  console.log
    Γ£à Convex posts loaded: 2

      at log (/app/app/(app)/(tabs)../community-forum/index.tsx:384:15)

  console.log
    ≡ƒôñ Loading posts via Convex... { category: 'All' }

      at log (/app/app/(app)/(tabs)../community-forum/index.tsx:361:17)

  console.log
    ΓÅ¡∩╕Å Skipping loadPosts - already loading

      at log (/app/app/(app)/(tabs)../community-forum/index.tsx:315:15)

  console.log
    Γ£à Convex posts loaded: 2

      at log (/app/app/(app)/(tabs)../community-forum/index.tsx:384:15)

  console.log
    ≡ƒôñ Loading posts via Convex... { category: 'All' }

      at log (/app/app/(app)/(tabs)../community-forum/index.tsx:361:17)

  console.log
    ΓÅ¡∩╕Å Skipping loadPosts - already loading

      at log (/app/app/(app)/(tabs)../community-forum/index.tsx:315:15)

  console.log
    Γ£à Convex posts loaded: 2

      at log (/app/app/(app)/(tabs)../community-forum/index.tsx:384:15)

  console.log
    ≡ƒôñ Loading posts via Convex... { category: 'All' }

      at log (/app/app/(app)/(tabs)../community-forum/index.tsx:361:17)

  console.log
    ΓÅ¡∩╕Å Skipping loadPosts - already loading

      at log (/app/app/(app)/(tabs)../community-forum/index.tsx:315:15)

  console.log
    Γ£à Convex posts loaded: 2

      at log (/app/app/(app)/(tabs)../community-forum/index.tsx:384:15)

  console.log
    ≡ƒôñ Loading posts via Convex... { category: 'All' }

      at log (/app/app/(app)/(tabs)../community-forum/index.tsx:361:17)

  console.log
    ΓÅ¡∩╕Å Skipping loadPosts - already loading

      at log (/app/app/(app)/(tabs)../community-forum/index.tsx:315:15)

  console.log
    Γ£à Convex posts loaded: 2

      at log (/app/app/(app)/(tabs)../community-forum/index.tsx:384:15)

  console.log
    ≡ƒôñ Loading posts via Convex... { category: 'All' }

      at log (/app/app/(app)/(tabs)../community-forum/index.tsx:361:17)

  console.log
    ΓÅ¡∩╕Å Skipping loadPosts - already loading

      at log (/app/app/(app)/(tabs)../community-forum/index.tsx:315:15)

  console.log
    Γ£à Convex posts loaded: 2

      at log (/app/app/(app)/(tabs)../community-forum/index.tsx:384:15)

  console.log
    ≡ƒôñ Loading posts via Convex... { category: 'All' }

      at log (/app/app/(app)/(tabs)../community-forum/index.tsx:361:17)

  console.log
    ΓÅ¡∩╕Å Skipping loadPosts - already loading

      at log (/app/app/(app)/(tabs)../community-forum/index.tsx:315:15)

  console.log
    Γ£à Convex posts loaded: 2

      at log (/app/app/(app)/(tabs)../community-forum/index.tsx:384:15)

  console.log
    ≡ƒôñ Loading posts via Convex... { category: 'All' }

      at log (/app/app/(app)/(tabs)../community-forum/index.tsx:361:17)

  console.log
    ΓÅ¡∩╕Å Skipping loadPosts - already loading

      at log (/app/app/(app)/(tabs)../community-forum/index.tsx:315:15)

  console.log
    Γ£à Convex posts loaded: 2

      at log (/app/app/(app)/(tabs)../community-forum/index.tsx:384:15)

  console.log
    ≡ƒôñ Loading posts via Convex... { category: 'All' }

      at log (/app/app/(app)/(tabs)../community-forum/index.tsx:361:17)

  console.log
    ΓÅ¡∩╕Å Skipping loadPosts - already loading

      at log (/app/app/(app)/(tabs)../community-forum/index.tsx:315:15)

  console.log
    Γ£à Convex posts loaded: 2

      at log (/app/app/(app)/(tabs)../community-forum/index.tsx:384:15)

  console.log
    ≡ƒôñ Loading posts via Convex... { category: 'All' }

      at log (/app/app/(app)/(tabs)../community-forum/index.tsx:361:17)

  console.log
    ΓÅ¡∩╕Å Skipping loadPosts - already loading

      at log (/app/app/(app)/(tabs)../community-forum/index.tsx:315:15)

  console.log
    Γ£à Convex posts loaded: 2

      at log (/app/app/(app)/(tabs)../community-forum/index.tsx:384:15)

  console.log
    ≡ƒôñ Loading posts via Convex... { category: 'All' }

      at log (/app/app/(app)/(tabs)../community-forum/index.tsx:361:17)

  console.log
    ΓÅ¡∩╕Å Skipping loadPosts - already loading

      at log (/app/app/(app)/(tabs)../community-forum/index.tsx:315:15)

  console.log
    Γ£à Convex posts loaded: 2

      at log (/app/app/(app)/(tabs)../community-forum/index.tsx:384:15)

  console.log
    ≡ƒôñ Loading posts via Convex... { category: 'All' }

      at log (/app/app/(app)/(tabs)../community-forum/index.tsx:361:17)

  console.log
    ΓÅ¡∩╕Å Skipping loadPosts - already loading

      at log (/app/app/(app)/(tabs)../community-forum/index.tsx:315:15)

  console.log
    Γ£à Convex posts loaded: 2

      at log (/app/app/(app)/(tabs)../community-forum/index.tsx:384:15)

  console.log
    ≡ƒôñ Loading posts via Convex... { category: 'All' }

      at log (/app/app/(app)/(tabs)../community-forum/index.tsx:361:17)

  console.log
    ΓÅ¡∩╕Å Skipping loadPosts - already loading

      at log (/app/app/(app)/(tabs)../community-forum/index.tsx:315:15)

  console.log
    Γ£à Convex posts loaded: 2

      at log (/app/app/(app)/(tabs)../community-forum/index.tsx:384:15)

  console.log
    ≡ƒôñ Loading posts via Convex... { category: 'All' }

      at log (/app/app/(app)/(tabs)../community-forum/index.tsx:361:17)

  console.log
    ΓÅ¡∩╕Å Skipping loadPosts - already loading

      at log (/app/app/(app)/(tabs)../community-forum/index.tsx:315:15)

  console.log
    Γ£à Convex posts loaded: 2

      at log (/app/app/(app)/(tabs)../community-forum/index.tsx:384:15)

  console.log
    ≡ƒôñ Loading posts via Convex... { category: 'All' }

      at log (/app/app/(app)/(tabs)../community-forum/index.tsx:361:17)

  console.log
    ΓÅ¡∩╕Å Skipping loadPosts - already loading

      at log (/app/app/(app)/(tabs)../community-forum/index.tsx:315:15)

  console.log
    Γ£à Convex posts loaded: 2

      at log (/app/app/(app)/(tabs)../community-forum/index.tsx:384:15)

  console.log
    ≡ƒôñ Loading posts via Convex... { category: 'All' }

      at log (/app/app/(app)/(tabs)../community-forum/index.tsx:361:17)

  console.log
    ΓÅ¡∩╕Å Skipping loadPosts - already loading

      at log (/app/app/(app)/(tabs)../community-forum/index.tsx:315:15)

  console.log
    Γ£à Convex posts loaded: 2

      at log (/app/app/(app)/(tabs)../community-forum/index.tsx:384:15)

  console.log
    ≡ƒôñ Loading posts via Convex... { category: 'All' }

      at log (/app/app/(app)/(tabs)../community-forum/index.tsx:361:17)

  console.log
    ΓÅ¡∩╕Å Skipping loadPosts - already loading

      at log (/app/app/(app)/(tabs)../community-forum/index.tsx:315:15)

  console.log
    Γ£à Convex posts loaded: 2

      at log (/app/app/(app)/(tabs)../community-forum/index.tsx:384:15)

  console.log
    ≡ƒôñ Loading posts via Convex... { category: 'All' }

      at log (/app/app/(app)/(tabs)../community-forum/index.tsx:361:17)

  console.log
    ΓÅ¡∩╕Å Skipping loadPosts - already loading

      at log (/app/app/(app)/(tabs)../community-forum/index.tsx:315:15)

  console.log
    Γ£à Convex posts loaded: 2

      at log (/app/app/(app)/(tabs)../community-forum/index.tsx:384:15)

  console.log
    ≡ƒôñ Loading posts via Convex... { category: 'All' }

      at log (/app/app/(app)/(tabs)../community-forum/index.tsx:361:17)

  console.log
    ΓÅ¡∩╕Å Skipping loadPosts - already loading

      at log (/app/app/(app)/(tabs)../community-forum/index.tsx:315:15)

  console.log
    Γ£à Convex posts loaded: 2

      at log (/app/app/(app)/(tabs)../community-forum/index.tsx:384:15)

  console.log
    ≡ƒôñ Loading posts via Convex... { category: 'All' }

      at log (/app/app/(app)/(tabs)../community-forum/index.tsx:361:17)

  console.log
    ΓÅ¡∩╕Å Skipping loadPosts - already loading

      at log (/app/app/(app)/(tabs)../community-forum/index.tsx:315:15)

  console.log
    Γ£à Convex posts loaded: 2

      at log (/app/app/(app)/(tabs)../community-forum/index.tsx:384:15)

  console.log
    ≡ƒôñ Loading posts via Convex... { category: 'All' }

      at log (/app/app/(app)/(tabs)../community-forum/index.tsx:361:17)

  console.log
    ΓÅ¡∩╕Å Skipping loadPosts - already loading

      at log (/app/app/(app)/(tabs)../community-forum/index.tsx:315:15)

  console.log
    Γ£à Convex posts loaded: 2

      at log (/app/app/(app)/(tabs)../community-forum/index.tsx:384:15)

  console.log
    ≡ƒôñ Loading posts via Convex... { category: 'All' }

      at log (/app/app/(app)/(tabs)../community-forum/index.tsx:361:17)

  console.log
    ΓÅ¡∩╕Å Skipping loadPosts - already loading

      at log (/app/app/(app)/(tabs)../community-forum/index.tsx:315:15)

  console.log
    Γ£à Convex posts loaded: 2

      at log (/app/app/(app)/(tabs)../community-forum/index.tsx:384:15)

  console.log
    ≡ƒôñ Loading posts via Convex... { category: 'All' }

      at log (/app/app/(app)/(tabs)../community-forum/index.tsx:361:17)

  console.log
    ΓÅ¡∩╕Å Skipping loadPosts - already loading

      at log (/app/app/(app)/(tabs)../community-forum/index.tsx:315:15)

  console.log
    Γ£à Convex posts loaded: 2

      at log (/app/app/(app)/(tabs)../community-forum/index.tsx:384:15)

  console.log
    ≡ƒôñ Loading posts via Convex... { category: 'All' }

      at log (/app/app/(app)/(tabs)../community-forum/index.tsx:361:17)

  console.log
    ΓÅ¡∩╕Å Skipping loadPosts - already loading

      at log (/app/app/(app)/(tabs)../community-forum/index.tsx:315:15)

  console.log
    Γ£à Convex posts loaded: 2

      at log (/app/app/(app)/(tabs)../community-forum/index.tsx:384:15)

  console.log
    ≡ƒôñ Loading posts via Convex... { category: 'All' }

      at log (/app/app/(app)/(tabs)../community-forum/index.tsx:361:17)

  console.log
    ΓÅ¡∩╕Å Skipping loadPosts - already loading

      at log (/app/app/(app)/(tabs)../community-forum/index.tsx:315:15)

  console.log
    Γ£à Convex posts loaded: 2

      at log (/app/app/(app)/(tabs)../community-forum/index.tsx:384:15)

  console.log
    ≡ƒôñ Loading posts via Convex... { category: 'All' }

      at log (/app/app/(app)/(tabs)../community-forum/index.tsx:361:17)

  console.log
    ΓÅ¡∩╕Å Skipping loadPosts - already loading

      at log (/app/app/(app)/(tabs)../community-forum/index.tsx:315:15)

  console.error
    An update to CommunityMainScreen inside a test was not wrapped in act(...).
    
    When testing, code that causes React state updates should be wrapped into act(...):
    
    act(() => {
      /* fire events that update state */
    });
    /* assert on the output */
    
    This ensures that you're testing the behavior the user would see in the browser. Learn more at https://react.dev/link/wrap-tests-with-act

    [0m [90m 381 |[39m       }))[33m;[39m
     [90m 382 |[39m       
    [31m[1m>[22m[39m[90m 383 |[39m       setPosts(mapped)[33m;[39m
     [90m     |[39m       [31m[1m^[22m[39m
     [90m 384 |[39m       console[33m.[39mlog([32m'Γ£à Convex posts loaded:'[39m[33m,[39m mapped[33m.[39mlength)[33m;[39m
     [90m 385 |[39m
     [90m 386 |[39m       [90m// Load user-specific data if authenticated[39m[0m

      at node_modules/react-test-renderer/cjs/react-test-renderer.development.js:11801:19
      at runWithFiberInDEV (node_modules/react-test-renderer/cjs/react-test-renderer.development.js:1574:13)
      at warnIfUpdatesNotWrappedWithActDEV (node_modules/react-test-renderer/cjs/react-test-renderer.development.js:11800:9)
      at scheduleUpdateOnFiber (node_modules/react-test-renderer/cjs/react-test-renderer.development.js:10326:9)
      at dispatchSetStateInternal (node_modules/react-test-renderer/cjs/react-test-renderer.development.js:4148:13)
      at dispatchSetState (node_modules/react-test-renderer/cjs/react-test-renderer.development.js:4107:7)
      at setPosts (/app/app/(app)/(tabs)../community-forum/index.tsx:383:7)
      at asyncGeneratorStep (node_modules/@babel/runtime/helpers/asyncToGenerator.js:3:17)
      at _next (node_modules/@babel/runtime/helpers/asyncToGenerator.js:17:9)

  console.log
    Γ£à Convex posts loaded: 2

      at log (/app/app/(app)/(tabs)../community-forum/index.tsx:384:15)

  console.error
    An update to CommunityMainScreen inside a test was not wrapped in act(...).
    
    When testing, code that causes React state updates should be wrapped into act(...):
    
    act(() => {
      /* fire events that update state */
    });
    /* assert on the output */
    
    This ensures that you're testing the behavior the user would see in the browser. Learn more at https://react.dev/link/wrap-tests-with-act

    [0m [90m 390 |[39m           (bookmarked [33m||[39m [])[33m.[39mmap((post[33m:[39m any) [33m=>[39m post[33m.[39m_id)
     [90m 391 |[39m         )[33m;[39m
    [31m[1m>[22m[39m[90m 392 |[39m         setBookmarkedPosts(bookmarkedIds [36mas[39m any)[33m;[39m
     [90m     |[39m         [31m[1m^[22m[39m
     [90m 393 |[39m       }
     [90m 394 |[39m     } [36mcatch[39m (error) {
     [90m 395 |[39m       console[33m.[39merror([32m"Error loading posts:"[39m[33m,[39m error)[33m;[39m[0m

      at node_modules/react-test-renderer/cjs/react-test-renderer.development.js:11801:19
      at runWithFiberInDEV (node_modules/react-test-renderer/cjs/react-test-renderer.development.js:1574:13)
      at warnIfUpdatesNotWrappedWithActDEV (node_modules/react-test-renderer/cjs/react-test-renderer.development.js:11800:9)
      at scheduleUpdateOnFiber (node_modules/react-test-renderer/cjs/react-test-renderer.development.js:10326:9)
      at dispatchSetStateInternal (node_modules/react-test-renderer/cjs/react-test-renderer.development.js:4148:13)
      at dispatchSetState (node_modules/react-test-renderer/cjs/react-test-renderer.development.js:4107:7)
      at setBookmarkedPosts (/app/app/(app)/(tabs)../community-forum/index.tsx:392:9)
      at asyncGeneratorStep (node_modules/@babel/runtime/helpers/asyncToGenerator.js:3:17)
      at _next (node_modules/@babel/runtime/helpers/asyncToGenerator.js:17:9)

  console.error
    An update to CommunityMainScreen inside a test was not wrapped in act(...).
    
    When testing, code that causes React state updates should be wrapped into act(...):
    
    act(() => {
      /* fire events that update state */
    });
    /* assert on the output */
    
    This ensures that you're testing the behavior the user would see in the browser. Learn more at https://react.dev/link/wrap-tests-with-act

    [0m [90m 397 |[39m       setPosts([])[33m;[39m
     [90m 398 |[39m     } [36mfinally[39m {
    [31m[1m>[22m[39m[90m 399 |[39m       setLoading([36mfalse[39m)[33m;[39m
     [90m     |[39m       [31m[1m^[22m[39m
     [90m 400 |[39m       setRefreshing([36mfalse[39m)[33m;[39m
     [90m 401 |[39m       isLoadingPostsRef[33m.[39mcurrent [33m=[39m [36mfalse[39m[33m;[39m
     [90m 402 |[39m     }[0m

      at node_modules/react-test-renderer/cjs/react-test-renderer.development.js:11801:19
      at runWithFiberInDEV (node_modules/react-test-renderer/cjs/react-test-renderer.development.js:1574:13)
      at warnIfUpdatesNotWrappedWithActDEV (node_modules/react-test-renderer/cjs/react-test-renderer.development.js:11800:9)
      at scheduleUpdateOnFiber (node_modules/react-test-renderer/cjs/react-test-renderer.development.js:10326:9)
      at dispatchSetStateInternal (node_modules/react-test-renderer/cjs/react-test-renderer.development.js:4148:13)
      at dispatchSetState (node_modules/react-test-renderer/cjs/react-test-renderer.development.js:4107:7)
      at setLoading (/app/app/(app)/(tabs)../community-forum/index.tsx:399:7)
      at asyncGeneratorStep (node_modules/@babel/runtime/helpers/asyncToGenerator.js:3:17)
      at _next (node_modules/@babel/runtime/helpers/asyncToGenerator.js:17:9)

  console.error
    An update to CommunityMainScreen inside a test was not wrapped in act(...).
    
    When testing, code that causes React state updates should be wrapped into act(...):
    
    act(() => {
      /* fire events that update state */
    });
    /* assert on the output */
    
    This ensures that you're testing the behavior the user would see in the browser. Learn more at https://react.dev/link/wrap-tests-with-act

    [0m [90m 398 |[39m     } [36mfinally[39m {
     [90m 399 |[39m       setLoading([36mfalse[39m)[33m;[39m
    [31m[1m>[22m[39m[90m 400 |[39m       setRefreshing([36mfalse[39m)[33m;[39m
     [90m     |[39m       [31m[1m^[22m[39m
     [90m 401 |[39m       isLoadingPostsRef[33m.[39mcurrent [33m=[39m [36mfalse[39m[33m;[39m
     [90m 402 |[39m     }
     [90m 403 |[39m     [90m// eslint-disable-next-line react-hooks/exhaustive-deps[39m[0m

      at node_modules/react-test-renderer/cjs/react-test-renderer.development.js:11801:19
      at runWithFiberInDEV (node_modules/react-test-renderer/cjs/react-test-renderer.development.js:1574:13)
      at warnIfUpdatesNotWrappedWithActDEV (node_modules/react-test-renderer/cjs/react-test-renderer.development.js:11800:9)
      at scheduleUpdateOnFiber (node_modules/react-test-renderer/cjs/react-test-renderer.development.js:10326:9)
      at dispatchSetStateInternal (node_modules/react-test-renderer/cjs/react-test-renderer.development.js:4148:13)
      at dispatchSetState (node_modules/react-test-renderer/cjs/react-test-renderer.development.js:4107:7)
      at setRefreshing (/app/app/(app)/(tabs)../community-forum/index.tsx:400:7)
      at asyncGeneratorStep (node_modules/@babel/runtime/helpers/asyncToGenerator.js:3:17)
      at _next (node_modules/@babel/runtime/helpers/asyncToGenerator.js:17:9)

  console.log
    ≡ƒôñ Loading posts via Convex... { category: 'All' }

      at log (/app/app/(app)/(tabs)../community-forum/index.tsx:361:17)

  console.log
    ΓÅ¡∩╕Å Skipping loadPosts - already loading

      at log (/app/app/(app)/(tabs)../community-forum/index.tsx:315:15)

  console.log
    ≡ƒöö NotificationsProvider initialized - userId: test-user-id, hasClient: true

      at log (contexts/NotificationsContext.tsx:35:15)

  console.log
    ≡ƒöö NotificationsProvider starting subscription for userId: test-user-id

      at log (contexts/NotificationsContext.tsx:53:13)

  console.log
    ≡ƒöö Fetching notifications for userId: test-user-id

      at log (contexts/NotificationsContext.tsx:64:17)

  console.log
    ΓÅ¡∩╕Å Skipping loadPosts - already loading

      at log (/app/app/(app)/(tabs)../community-forum/index.tsx:315:15)

  console.log
    Γ£à Convex posts loaded: 0

      at log (/app/app/(app)/(tabs)../community-forum/index.tsx:384:15)

  console.log
    ≡ƒöö Notifications result: undefined

      at log (contexts/NotificationsContext.tsx:70:17)

  console.error
    Error checking assessment status: TypeError: Cannot read properties of null (reading 'isDue')
        at isDue (/app/components/AppHeader.tsx:106:37)
        at Generator.next (<anonymous>)
        at asyncGeneratorStep (/app/node_modules/@babel/runtime/helpers/asyncToGenerator.js:3:17)
        at _next (/app/node_modules/@babel/runtime/helpers/asyncToGenerator.js:17:9)

    [0m [90m 106 |[39m           setIsAssessmentDue(result[33m.[39misDue)[33m;[39m
     [90m 107 |[39m         } [36mcatch[39m (error) {
    [31m[1m>[22m[39m[90m 108 |[39m           console[33m.[39merror([32m"Error checking assessment status:"[39m[33m,[39m error)[33m;[39m
     [90m     |[39m                   [31m[1m^[22m[39m
     [90m 109 |[39m         } [36mfinally[39m {
     [90m 110 |[39m           setCheckingAssessment([36mfalse[39m)[33m;[39m
     [90m 111 |[39m         }[0m

      at error (components/AppHeader.tsx:108:19)
      at asyncGeneratorStep (node_modules/@babel/runtime/helpers/asyncToGenerator.js:3:17)
      at _next (node_modules/@babel/runtime/helpers/asyncToGenerator.js:17:9)

  console.log
    ≡ƒÄ¡ Community Forum: No profile image available

      at log (/app/app/(app)/(tabs)../community-forum/index.tsx:500:17)

  console.log
    ≡ƒô▒ Loading theme preference from AsyncStorage: null

      at log (contexts/ThemeContext.tsx:105:15)

  console.log
    ≡ƒôñ Loading posts via Convex... { category: 'All' }

      at log (/app/app/(app)/(tabs)../community-forum/index.tsx:361:17)

  console.log
    ΓÅ¡∩╕Å Skipping loadPosts - already loading

      at log (/app/app/(app)/(tabs)../community-forum/index.tsx:315:15)

  console.log
    Γ£à Convex posts loaded: 0

      at log (/app/app/(app)/(tabs)../community-forum/index.tsx:384:15)

  console.log
    ≡ƒôñ Loading posts via Convex... { category: 'All' }

      at log (/app/app/(app)/(tabs)../community-forum/index.tsx:361:17)

  console.log
    ΓÅ¡∩╕Å Skipping loadPosts - already loading

      at log (/app/app/(app)/(tabs)../community-forum/index.tsx:315:15)

  console.error
    An update to CommunityMainScreen inside a test was not wrapped in act(...).
    
    When testing, code that causes React state updates should be wrapped into act(...):
    
    act(() => {
      /* fire events that update state */
    });
    /* assert on the output */
    
    This ensures that you're testing the behavior the user would see in the browser. Learn more at https://react.dev/link/wrap-tests-with-act

    [0m [90m 381 |[39m       }))[33m;[39m
     [90m 382 |[39m       
    [31m[1m>[22m[39m[90m 383 |[39m       setPosts(mapped)[33m;[39m
     [90m     |[39m       [31m[1m^[22m[39m
     [90m 384 |[39m       console[33m.[39mlog([32m'Γ£à Convex posts loaded:'[39m[33m,[39m mapped[33m.[39mlength)[33m;[39m
     [90m 385 |[39m
     [90m 386 |[39m       [90m// Load user-specific data if authenticated[39m[0m

      at node_modules/react-test-renderer/cjs/react-test-renderer.development.js:11801:19
      at runWithFiberInDEV (node_modules/react-test-renderer/cjs/react-test-renderer.development.js:1574:13)
      at warnIfUpdatesNotWrappedWithActDEV (node_modules/react-test-renderer/cjs/react-test-renderer.development.js:11800:9)
      at scheduleUpdateOnFiber (node_modules/react-test-renderer/cjs/react-test-renderer.development.js:10326:9)
      at dispatchSetStateInternal (node_modules/react-test-renderer/cjs/react-test-renderer.development.js:4148:13)
      at dispatchSetState (node_modules/react-test-renderer/cjs/react-test-renderer.development.js:4107:7)
      at setPosts (/app/app/(app)/(tabs)../community-forum/index.tsx:383:7)
      at asyncGeneratorStep (node_modules/@babel/runtime/helpers/asyncToGenerator.js:3:17)
      at _next (node_modules/@babel/runtime/helpers/asyncToGenerator.js:17:9)

  console.log
    Γ£à Convex posts loaded: 0

      at log (/app/app/(app)/(tabs)../community-forum/index.tsx:384:15)

  console.error
    An update to CommunityMainScreen inside a test was not wrapped in act(...).
    
    When testing, code that causes React state updates should be wrapped into act(...):
    
    act(() => {
      /* fire events that update state */
    });
    /* assert on the output */
    
    This ensures that you're testing the behavior the user would see in the browser. Learn more at https://react.dev/link/wrap-tests-with-act

    [0m [90m 390 |[39m           (bookmarked [33m||[39m [])[33m.[39mmap((post[33m:[39m any) [33m=>[39m post[33m.[39m_id)
     [90m 391 |[39m         )[33m;[39m
    [31m[1m>[22m[39m[90m 392 |[39m         setBookmarkedPosts(bookmarkedIds [36mas[39m any)[33m;[39m
     [90m     |[39m         [31m[1m^[22m[39m
     [90m 393 |[39m       }
     [90m 394 |[39m     } [36mcatch[39m (error) {
     [90m 395 |[39m       console[33m.[39merror([32m"Error loading posts:"[39m[33m,[39m error)[33m;[39m[0m

      at node_modules/react-test-renderer/cjs/react-test-renderer.development.js:11801:19
      at runWithFiberInDEV (node_modules/react-test-renderer/cjs/react-test-renderer.development.js:1574:13)
      at warnIfUpdatesNotWrappedWithActDEV (node_modules/react-test-renderer/cjs/react-test-renderer.development.js:11800:9)
      at scheduleUpdateOnFiber (node_modules/react-test-renderer/cjs/react-test-renderer.development.js:10326:9)
      at dispatchSetStateInternal (node_modules/react-test-renderer/cjs/react-test-renderer.development.js:4148:13)
      at dispatchSetState (node_modules/react-test-renderer/cjs/react-test-renderer.development.js:4107:7)
      at setBookmarkedPosts (/app/app/(app)/(tabs)../community-forum/index.tsx:392:9)
      at asyncGeneratorStep (node_modules/@babel/runtime/helpers/asyncToGenerator.js:3:17)
      at _next (node_modules/@babel/runtime/helpers/asyncToGenerator.js:17:9)

  console.error
    An update to CommunityMainScreen inside a test was not wrapped in act(...).
    
    When testing, code that causes React state updates should be wrapped into act(...):
    
    act(() => {
      /* fire events that update state */
    });
    /* assert on the output */
    
    This ensures that you're testing the behavior the user would see in the browser. Learn more at https://react.dev/link/wrap-tests-with-act

    [0m [90m 397 |[39m       setPosts([])[33m;[39m
     [90m 398 |[39m     } [36mfinally[39m {
    [31m[1m>[22m[39m[90m 399 |[39m       setLoading([36mfalse[39m)[33m;[39m
     [90m     |[39m       [31m[1m^[22m[39m
     [90m 400 |[39m       setRefreshing([36mfalse[39m)[33m;[39m
     [90m 401 |[39m       isLoadingPostsRef[33m.[39mcurrent [33m=[39m [36mfalse[39m[33m;[39m
     [90m 402 |[39m     }[0m

      at node_modules/react-test-renderer/cjs/react-test-renderer.development.js:11801:19
      at runWithFiberInDEV (node_modules/react-test-renderer/cjs/react-test-renderer.development.js:1574:13)
      at warnIfUpdatesNotWrappedWithActDEV (node_modules/react-test-renderer/cjs/react-test-renderer.development.js:11800:9)
      at scheduleUpdateOnFiber (node_modules/react-test-renderer/cjs/react-test-renderer.development.js:10326:9)
      at dispatchSetStateInternal (node_modules/react-test-renderer/cjs/react-test-renderer.development.js:4148:13)
      at dispatchSetState (node_modules/react-test-renderer/cjs/react-test-renderer.development.js:4107:7)
      at setLoading (/app/app/(app)/(tabs)../community-forum/index.tsx:399:7)
      at asyncGeneratorStep (node_modules/@babel/runtime/helpers/asyncToGenerator.js:3:17)
      at _next (node_modules/@babel/runtime/helpers/asyncToGenerator.js:17:9)

  console.error
    An update to CommunityMainScreen inside a test was not wrapped in act(...).
    
    When testing, code that causes React state updates should be wrapped into act(...):
    
    act(() => {
      /* fire events that update state */
    });
    /* assert on the output */
    
    This ensures that you're testing the behavior the user would see in the browser. Learn more at https://react.dev/link/wrap-tests-with-act

    [0m [90m 398 |[39m     } [36mfinally[39m {
     [90m 399 |[39m       setLoading([36mfalse[39m)[33m;[39m
    [31m[1m>[22m[39m[90m 400 |[39m       setRefreshing([36mfalse[39m)[33m;[39m
     [90m     |[39m       [31m[1m^[22m[39m
     [90m 401 |[39m       isLoadingPostsRef[33m.[39mcurrent [33m=[39m [36mfalse[39m[33m;[39m
     [90m 402 |[39m     }
     [90m 403 |[39m     [90m// eslint-disable-next-line react-hooks/exhaustive-deps[39m[0m

      at node_modules/react-test-renderer/cjs/react-test-renderer.development.js:11801:19
      at runWithFiberInDEV (node_modules/react-test-renderer/cjs/react-test-renderer.development.js:1574:13)
      at warnIfUpdatesNotWrappedWithActDEV (node_modules/react-test-renderer/cjs/react-test-renderer.development.js:11800:9)
      at scheduleUpdateOnFiber (node_modules/react-test-renderer/cjs/react-test-renderer.development.js:10326:9)
      at dispatchSetStateInternal (node_modules/react-test-renderer/cjs/react-test-renderer.development.js:4148:13)
      at dispatchSetState (node_modules/react-test-renderer/cjs/react-test-renderer.development.js:4107:7)
      at setRefreshing (/app/app/(app)/(tabs)../community-forum/index.tsx:400:7)
      at asyncGeneratorStep (node_modules/@babel/runtime/helpers/asyncToGenerator.js:3:17)
      at _next (node_modules/@babel/runtime/helpers/asyncToGenerator.js:17:9)

  console.log
    ≡ƒôñ Loading posts via Convex... { category: 'All' }

      at log (/app/app/(app)/(tabs)../community-forum/index.tsx:361:17)

  console.log
    ΓÅ¡∩╕Å Skipping loadPosts - already loading

      at log (/app/app/(app)/(tabs)../community-forum/index.tsx:315:15)

  console.log
    ≡ƒöö NotificationsProvider initialized - userId: test-user-id, hasClient: true

      at log (contexts/NotificationsContext.tsx:35:15)

  console.log
    ≡ƒöö NotificationsProvider starting subscription for userId: test-user-id

      at log (contexts/NotificationsContext.tsx:53:13)

  console.log
    ≡ƒöö Fetching notifications for userId: test-user-id

      at log (contexts/NotificationsContext.tsx:64:17)

  console.log
    ΓÅ¡∩╕Å Skipping loadPosts - already loading

      at log (/app/app/(app)/(tabs)../community-forum/index.tsx:315:15)

  console.log
    Γ£à Convex posts loaded: 0

      at log (/app/app/(app)/(tabs)../community-forum/index.tsx:384:15)

  console.log
    ≡ƒöö Notifications result: undefined

      at log (contexts/NotificationsContext.tsx:70:17)

  console.error
    Error checking assessment status: TypeError: Cannot read properties of null (reading 'isDue')
        at isDue (/app/components/AppHeader.tsx:106:37)
        at Generator.next (<anonymous>)
        at asyncGeneratorStep (/app/node_modules/@babel/runtime/helpers/asyncToGenerator.js:3:17)
        at _next (/app/node_modules/@babel/runtime/helpers/asyncToGenerator.js:17:9)

    [0m [90m 106 |[39m           setIsAssessmentDue(result[33m.[39misDue)[33m;[39m
     [90m 107 |[39m         } [36mcatch[39m (error) {
    [31m[1m>[22m[39m[90m 108 |[39m           console[33m.[39merror([32m"Error checking assessment status:"[39m[33m,[39m error)[33m;[39m
     [90m     |[39m                   [31m[1m^[22m[39m
     [90m 109 |[39m         } [36mfinally[39m {
     [90m 110 |[39m           setCheckingAssessment([36mfalse[39m)[33m;[39m
     [90m 111 |[39m         }[0m

      at error (components/AppHeader.tsx:108:19)
      at asyncGeneratorStep (node_modules/@babel/runtime/helpers/asyncToGenerator.js:3:17)
      at _next (node_modules/@babel/runtime/helpers/asyncToGenerator.js:17:9)

  console.log
    ≡ƒÄ¡ Community Forum: No profile image available

      at log (/app/app/(app)/(tabs)../community-forum/index.tsx:500:17)

  console.log
    ≡ƒô▒ Loading theme preference from AsyncStorage: null

      at log (contexts/ThemeContext.tsx:105:15)

  console.log
    ≡ƒôñ Loading posts via Convex... { category: 'All' }

      at log (/app/app/(app)/(tabs)../community-forum/index.tsx:361:17)

  console.log
    ΓÅ¡∩╕Å Skipping loadPosts - already loading

      at log (/app/app/(app)/(tabs)../community-forum/index.tsx:315:15)

  console.log
    Γ£à Convex posts loaded: 0

      at log (/app/app/(app)/(tabs)../community-forum/index.tsx:384:15)

  console.log
    ≡ƒôñ Loading my posts via Convex...

      at log (/app/app/(app)/(tabs)../community-forum/index.tsx:429:15)

  console.log
    ΓÅ¡∩╕Å Skipping loadMyPosts - already loading

      at log (/app/app/(app)/(tabs)../community-forum/index.tsx:414:15)

  console.log
    ΓÅ¡∩╕Å Skipping loadMyPosts - already loading

      at log (/app/app/(app)/(tabs)../community-forum/index.tsx:414:15)

  console.log
    Γ£à Convex my posts loaded: 0

      at log (/app/app/(app)/(tabs)../community-forum/index.tsx:453:15)

  console.log
    ≡ƒôñ Loading my posts via Convex...

      at log (/app/app/(app)/(tabs)../community-forum/index.tsx:429:15)

  console.log
    ΓÅ¡∩╕Å Skipping loadMyPosts - already loading

      at log (/app/app/(app)/(tabs)../community-forum/index.tsx:414:15)

  console.log
    Γ£à Convex my posts loaded: 0

      at log (/app/app/(app)/(tabs)../community-forum/index.tsx:453:15)

  console.log
    ≡ƒôñ Loading my posts via Convex...

      at log (/app/app/(app)/(tabs)../community-forum/index.tsx:429:15)

  console.log
    ΓÅ¡∩╕Å Skipping loadMyPosts - already loading

      at log (/app/app/(app)/(tabs)../community-forum/index.tsx:414:15)

  console.error
    An update to CommunityMainScreen inside a test was not wrapped in act(...).
    
    When testing, code that causes React state updates should be wrapped into act(...):
    
    act(() => {
      /* fire events that update state */
    });
    /* assert on the output */
    
    This ensures that you're testing the behavior the user would see in the browser. Learn more at https://react.dev/link/wrap-tests-with-act

    [0m [90m 450 |[39m       }))[33m;[39m
     [90m 451 |[39m       
    [31m[1m>[22m[39m[90m 452 |[39m       setMyPosts(mapped)[33m;[39m
     [90m     |[39m       [31m[1m^[22m[39m
     [90m 453 |[39m       console[33m.[39mlog([32m'Γ£à Convex my posts loaded:'[39m[33m,[39m mapped[33m.[39mlength)[33m;[39m
     [90m 454 |[39m     } [36mcatch[39m (error) {
     [90m 455 |[39m       console[33m.[39merror([32m"Error loading user posts:"[39m[33m,[39m error)[33m;[39m[0m

      at node_modules/react-test-renderer/cjs/react-test-renderer.development.js:11801:19
      at runWithFiberInDEV (node_modules/react-test-renderer/cjs/react-test-renderer.development.js:1574:13)
      at warnIfUpdatesNotWrappedWithActDEV (node_modules/react-test-renderer/cjs/react-test-renderer.development.js:11800:9)
      at scheduleUpdateOnFiber (node_modules/react-test-renderer/cjs/react-test-renderer.development.js:10326:9)
      at dispatchSetStateInternal (node_modules/react-test-renderer/cjs/react-test-renderer.development.js:4148:13)
      at dispatchSetState (node_modules/react-test-renderer/cjs/react-test-renderer.development.js:4107:7)
      at setMyPosts (/app/app/(app)/(tabs)../community-forum/index.tsx:452:7)
      at asyncGeneratorStep (node_modules/@babel/runtime/helpers/asyncToGenerator.js:3:17)
      at _next (node_modules/@babel/runtime/helpers/asyncToGenerator.js:17:9)

  console.log
    Γ£à Convex my posts loaded: 0

      at log (/app/app/(app)/(tabs)../community-forum/index.tsx:453:15)

  console.error
    An update to CommunityMainScreen inside a test was not wrapped in act(...).
    
    When testing, code that causes React state updates should be wrapped into act(...):
    
    act(() => {
      /* fire events that update state */
    });
    /* assert on the output */
    
    This ensures that you're testing the behavior the user would see in the browser. Learn more at https://react.dev/link/wrap-tests-with-act

    [0m [90m 456 |[39m       showError([32m"Error"[39m[33m,[39m [32m"Failed to load your posts"[39m)[33m;[39m
     [90m 457 |[39m     } [36mfinally[39m {
    [31m[1m>[22m[39m[90m 458 |[39m       setLoading([36mfalse[39m)[33m;[39m
     [90m     |[39m       [31m[1m^[22m[39m
     [90m 459 |[39m       setRefreshing([36mfalse[39m)[33m;[39m
     [90m 460 |[39m       isLoadingMyPostsRef[33m.[39mcurrent [33m=[39m [36mfalse[39m[33m;[39m
     [90m 461 |[39m     }[0m

      at node_modules/react-test-renderer/cjs/react-test-renderer.development.js:11801:19
      at runWithFiberInDEV (node_modules/react-test-renderer/cjs/react-test-renderer.development.js:1574:13)
      at warnIfUpdatesNotWrappedWithActDEV (node_modules/react-test-renderer/cjs/react-test-renderer.development.js:11800:9)
      at scheduleUpdateOnFiber (node_modules/react-test-renderer/cjs/react-test-renderer.development.js:10326:9)
      at dispatchSetStateInternal (node_modules/react-test-renderer/cjs/react-test-renderer.development.js:4148:13)
      at dispatchSetState (node_modules/react-test-renderer/cjs/react-test-renderer.development.js:4107:7)
      at setLoading (/app/app/(app)/(tabs)../community-forum/index.tsx:458:7)
      at asyncGeneratorStep (node_modules/@babel/runtime/helpers/asyncToGenerator.js:3:17)
      at _next (node_modules/@babel/runtime/helpers/asyncToGenerator.js:17:9)

  console.error
    An update to CommunityMainScreen inside a test was not wrapped in act(...).
    
    When testing, code that causes React state updates should be wrapped into act(...):
    
    act(() => {
      /* fire events that update state */
    });
    /* assert on the output */
    
    This ensures that you're testing the behavior the user would see in the browser. Learn more at https://react.dev/link/wrap-tests-with-act

    [0m [90m 457 |[39m     } [36mfinally[39m {
     [90m 458 |[39m       setLoading([36mfalse[39m)[33m;[39m
    [31m[1m>[22m[39m[90m 459 |[39m       setRefreshing([36mfalse[39m)[33m;[39m
     [90m     |[39m       [31m[1m^[22m[39m
     [90m 460 |[39m       isLoadingMyPostsRef[33m.[39mcurrent [33m=[39m [36mfalse[39m[33m;[39m
     [90m 461 |[39m     }
     [90m 462 |[39m     [90m// eslint-disable-next-line react-hooks/exhaustive-deps[39m[0m

      at node_modules/react-test-renderer/cjs/react-test-renderer.development.js:11801:19
      at runWithFiberInDEV (node_modules/react-test-renderer/cjs/react-test-renderer.development.js:1574:13)
      at warnIfUpdatesNotWrappedWithActDEV (node_modules/react-test-renderer/cjs/react-test-renderer.development.js:11800:9)
      at scheduleUpdateOnFiber (node_modules/react-test-renderer/cjs/react-test-renderer.development.js:10326:9)
      at dispatchSetStateInternal (node_modules/react-test-renderer/cjs/react-test-renderer.development.js:4148:13)
      at dispatchSetState (node_modules/react-test-renderer/cjs/react-test-renderer.development.js:4107:7)
      at setRefreshing (/app/app/(app)/(tabs)../community-forum/index.tsx:459:7)
      at asyncGeneratorStep (node_modules/@babel/runtime/helpers/asyncToGenerator.js:3:17)
      at _next (node_modules/@babel/runtime/helpers/asyncToGenerator.js:17:9)

  console.log
    ≡ƒôñ Loading posts via Convex... { category: 'All' }

      at log (/app/app/(app)/(tabs)../community-forum/index.tsx:361:17)

  console.log
    ΓÅ¡∩╕Å Skipping loadPosts - already loading

      at log (/app/app/(app)/(tabs)../community-forum/index.tsx:315:15)

  console.log
    ≡ƒöö NotificationsProvider initialized - userId: test-user-id, hasClient: true

      at log (contexts/NotificationsContext.tsx:35:15)

  console.log
    ≡ƒöö NotificationsProvider starting subscription for userId: test-user-id

      at log (contexts/NotificationsContext.tsx:53:13)

  console.log
    ≡ƒöö Fetching notifications for userId: test-user-id

      at log (contexts/NotificationsContext.tsx:64:17)

  console.log
    ΓÅ¡∩╕Å Skipping loadPosts - already loading

      at log (/app/app/(app)/(tabs)../community-forum/index.tsx:315:15)

  console.log
    Γ£à Convex posts loaded: 0

      at log (/app/app/(app)/(tabs)../community-forum/index.tsx:384:15)

  console.log
    ≡ƒöö Notifications result: undefined

      at log (contexts/NotificationsContext.tsx:70:17)

  console.error
    Error checking assessment status: TypeError: Cannot read properties of null (reading 'isDue')
        at isDue (/app/components/AppHeader.tsx:106:37)
        at Generator.next (<anonymous>)
        at asyncGeneratorStep (/app/node_modules/@babel/runtime/helpers/asyncToGenerator.js:3:17)
        at _next (/app/node_modules/@babel/runtime/helpers/asyncToGenerator.js:17:9)

    [0m [90m 106 |[39m           setIsAssessmentDue(result[33m.[39misDue)[33m;[39m
     [90m 107 |[39m         } [36mcatch[39m (error) {
    [31m[1m>[22m[39m[90m 108 |[39m           console[33m.[39merror([32m"Error checking assessment status:"[39m[33m,[39m error)[33m;[39m
     [90m     |[39m                   [31m[1m^[22m[39m
     [90m 109 |[39m         } [36mfinally[39m {
     [90m 110 |[39m           setCheckingAssessment([36mfalse[39m)[33m;[39m
     [90m 111 |[39m         }[0m

      at error (components/AppHeader.tsx:108:19)
      at asyncGeneratorStep (node_modules/@babel/runtime/helpers/asyncToGenerator.js:3:17)
      at _next (node_modules/@babel/runtime/helpers/asyncToGenerator.js:17:9)

  console.log
    ≡ƒÄ¡ Community Forum: No profile image available

      at log (/app/app/(app)/(tabs)../community-forum/index.tsx:500:17)

  console.log
    ≡ƒô▒ Loading theme preference from AsyncStorage: null

      at log (contexts/ThemeContext.tsx:105:15)

  console.log
    ≡ƒôñ Loading posts via Convex... { category: 'All' }

      at log (/app/app/(app)/(tabs)../community-forum/index.tsx:361:17)

  console.log
    ΓÅ¡∩╕Å Skipping loadPosts - already loading

      at log (/app/app/(app)/(tabs)../community-forum/index.tsx:315:15)

  console.log
    Γ£à Convex posts loaded: 0

      at log (/app/app/(app)/(tabs)../community-forum/index.tsx:384:15)

  console.log
    ≡ƒôñ Loading posts via Convex... { category: 'All' }

      at log (/app/app/(app)/(tabs)../community-forum/index.tsx:361:17)

  console.log
    ΓÅ¡∩╕Å Skipping loadPosts - already loading

      at log (/app/app/(app)/(tabs)../community-forum/index.tsx:315:15)

  console.error
    An update to CommunityMainScreen inside a test was not wrapped in act(...).
    
    When testing, code that causes React state updates should be wrapped into act(...):
    
    act(() => {
      /* fire events that update state */
    });
    /* assert on the output */
    
    This ensures that you're testing the behavior the user would see in the browser. Learn more at https://react.dev/link/wrap-tests-with-act

    [0m [90m 381 |[39m       }))[33m;[39m
     [90m 382 |[39m       
    [31m[1m>[22m[39m[90m 383 |[39m       setPosts(mapped)[33m;[39m
     [90m     |[39m       [31m[1m^[22m[39m
     [90m 384 |[39m       console[33m.[39mlog([32m'Γ£à Convex posts loaded:'[39m[33m,[39m mapped[33m.[39mlength)[33m;[39m
     [90m 385 |[39m
     [90m 386 |[39m       [90m// Load user-specific data if authenticated[39m[0m

      at node_modules/react-test-renderer/cjs/react-test-renderer.development.js:11801:19
      at runWithFiberInDEV (node_modules/react-test-renderer/cjs/react-test-renderer.development.js:1574:13)
      at warnIfUpdatesNotWrappedWithActDEV (node_modules/react-test-renderer/cjs/react-test-renderer.development.js:11800:9)
      at scheduleUpdateOnFiber (node_modules/react-test-renderer/cjs/react-test-renderer.development.js:10326:9)
      at dispatchSetStateInternal (node_modules/react-test-renderer/cjs/react-test-renderer.development.js:4148:13)
      at dispatchSetState (node_modules/react-test-renderer/cjs/react-test-renderer.development.js:4107:7)
      at setPosts (/app/app/(app)/(tabs)../community-forum/index.tsx:383:7)
      at asyncGeneratorStep (node_modules/@babel/runtime/helpers/asyncToGenerator.js:3:17)
      at _next (node_modules/@babel/runtime/helpers/asyncToGenerator.js:17:9)

  console.log
    Γ£à Convex posts loaded: 0

      at log (/app/app/(app)/(tabs)../community-forum/index.tsx:384:15)

  console.error
    An update to CommunityMainScreen inside a test was not wrapped in act(...).
    
    When testing, code that causes React state updates should be wrapped into act(...):
    
    act(() => {
      /* fire events that update state */
    });
    /* assert on the output */
    
    This ensures that you're testing the behavior the user would see in the browser. Learn more at https://react.dev/link/wrap-tests-with-act

    [0m [90m 390 |[39m           (bookmarked [33m||[39m [])[33m.[39mmap((post[33m:[39m any) [33m=>[39m post[33m.[39m_id)
     [90m 391 |[39m         )[33m;[39m
    [31m[1m>[22m[39m[90m 392 |[39m         setBookmarkedPosts(bookmarkedIds [36mas[39m any)[33m;[39m
     [90m     |[39m         [31m[1m^[22m[39m
     [90m 393 |[39m       }
     [90m 394 |[39m     } [36mcatch[39m (error) {
     [90m 395 |[39m       console[33m.[39merror([32m"Error loading posts:"[39m[33m,[39m error)[33m;[39m[0m

      at node_modules/react-test-renderer/cjs/react-test-renderer.development.js:11801:19
      at runWithFiberInDEV (node_modules/react-test-renderer/cjs/react-test-renderer.development.js:1574:13)
      at warnIfUpdatesNotWrappedWithActDEV (node_modules/react-test-renderer/cjs/react-test-renderer.development.js:11800:9)
      at scheduleUpdateOnFiber (node_modules/react-test-renderer/cjs/react-test-renderer.development.js:10326:9)
      at dispatchSetStateInternal (node_modules/react-test-renderer/cjs/react-test-renderer.development.js:4148:13)
      at dispatchSetState (node_modules/react-test-renderer/cjs/react-test-renderer.development.js:4107:7)
      at setBookmarkedPosts (/app/app/(app)/(tabs)../community-forum/index.tsx:392:9)
      at asyncGeneratorStep (node_modules/@babel/runtime/helpers/asyncToGenerator.js:3:17)
      at _next (node_modules/@babel/runtime/helpers/asyncToGenerator.js:17:9)

  console.error
    An update to CommunityMainScreen inside a test was not wrapped in act(...).
    
    When testing, code that causes React state updates should be wrapped into act(...):
    
    act(() => {
      /* fire events that update state */
    });
    /* assert on the output */
    
    This ensures that you're testing the behavior the user would see in the browser. Learn more at https://react.dev/link/wrap-tests-with-act

    [0m [90m 397 |[39m       setPosts([])[33m;[39m
     [90m 398 |[39m     } [36mfinally[39m {
    [31m[1m>[22m[39m[90m 399 |[39m       setLoading([36mfalse[39m)[33m;[39m
     [90m     |[39m       [31m[1m^[22m[39m
     [90m 400 |[39m       setRefreshing([36mfalse[39m)[33m;[39m
     [90m 401 |[39m       isLoadingPostsRef[33m.[39mcurrent [33m=[39m [36mfalse[39m[33m;[39m
     [90m 402 |[39m     }[0m

      at node_modules/react-test-renderer/cjs/react-test-renderer.development.js:11801:19
      at runWithFiberInDEV (node_modules/react-test-renderer/cjs/react-test-renderer.development.js:1574:13)
      at warnIfUpdatesNotWrappedWithActDEV (node_modules/react-test-renderer/cjs/react-test-renderer.development.js:11800:9)
      at scheduleUpdateOnFiber (node_modules/react-test-renderer/cjs/react-test-renderer.development.js:10326:9)
      at dispatchSetStateInternal (node_modules/react-test-renderer/cjs/react-test-renderer.development.js:4148:13)
      at dispatchSetState (node_modules/react-test-renderer/cjs/react-test-renderer.development.js:4107:7)
      at setLoading (/app/app/(app)/(tabs)../community-forum/index.tsx:399:7)
      at asyncGeneratorStep (node_modules/@babel/runtime/helpers/asyncToGenerator.js:3:17)
      at _next (node_modules/@babel/runtime/helpers/asyncToGenerator.js:17:9)

  console.error
    An update to CommunityMainScreen inside a test was not wrapped in act(...).
    
    When testing, code that causes React state updates should be wrapped into act(...):
    
    act(() => {
      /* fire events that update state */
    });
    /* assert on the output */
    
    This ensures that you're testing the behavior the user would see in the browser. Learn more at https://react.dev/link/wrap-tests-with-act

    [0m [90m 398 |[39m     } [36mfinally[39m {
     [90m 399 |[39m       setLoading([36mfalse[39m)[33m;[39m
    [31m[1m>[22m[39m[90m 400 |[39m       setRefreshing([36mfalse[39m)[33m;[39m
     [90m     |[39m       [31m[1m^[22m[39m
     [90m 401 |[39m       isLoadingPostsRef[33m.[39mcurrent [33m=[39m [36mfalse[39m[33m;[39m
     [90m 402 |[39m     }
     [90m 403 |[39m     [90m// eslint-disable-next-line react-hooks/exhaustive-deps[39m[0m

      at node_modules/react-test-renderer/cjs/react-test-renderer.development.js:11801:19
      at runWithFiberInDEV (node_modules/react-test-renderer/cjs/react-test-renderer.development.js:1574:13)
      at warnIfUpdatesNotWrappedWithActDEV (node_modules/react-test-renderer/cjs/react-test-renderer.development.js:11800:9)
      at scheduleUpdateOnFiber (node_modules/react-test-renderer/cjs/react-test-renderer.development.js:10326:9)
      at dispatchSetStateInternal (node_modules/react-test-renderer/cjs/react-test-renderer.development.js:4148:13)
      at dispatchSetState (node_modules/react-test-renderer/cjs/react-test-renderer.development.js:4107:7)
      at setRefreshing (/app/app/(app)/(tabs)../community-forum/index.tsx:400:7)
      at asyncGeneratorStep (node_modules/@babel/runtime/helpers/asyncToGenerator.js:3:17)
      at _next (node_modules/@babel/runtime/helpers/asyncToGenerator.js:17:9)

  console.log
    ≡ƒôñ Loading posts via Convex... { category: 'All' }

      at log (/app/app/(app)/(tabs)../community-forum/index.tsx:361:17)

  console.log
    ΓÅ¡∩╕Å Skipping loadPosts - already loading

      at log (/app/app/(app)/(tabs)../community-forum/index.tsx:315:15)

  console.log
    ≡ƒöö NotificationsProvider initialized - userId: test-user-id, hasClient: true

      at log (contexts/NotificationsContext.tsx:35:15)

  console.log
    ≡ƒöö NotificationsProvider starting subscription for userId: test-user-id

      at log (contexts/NotificationsContext.tsx:53:13)

  console.log
    ≡ƒöö Fetching notifications for userId: test-user-id

      at log (contexts/NotificationsContext.tsx:64:17)

  console.log
    ΓÅ¡∩╕Å Skipping loadPosts - already loading

      at log (/app/app/(app)/(tabs)../community-forum/index.tsx:315:15)

  console.log
    Γ£à Convex posts loaded: 1

      at log (/app/app/(app)/(tabs)../community-forum/index.tsx:384:15)

  console.log
    ≡ƒöö Notifications result: undefined

      at log (contexts/NotificationsContext.tsx:70:17)

  console.error
    Error checking assessment status: TypeError: Cannot read properties of null (reading 'isDue')
        at isDue (/app/components/AppHeader.tsx:106:37)
        at Generator.next (<anonymous>)
        at asyncGeneratorStep (/app/node_modules/@babel/runtime/helpers/asyncToGenerator.js:3:17)
        at _next (/app/node_modules/@babel/runtime/helpers/asyncToGenerator.js:17:9)

    [0m [90m 106 |[39m           setIsAssessmentDue(result[33m.[39misDue)[33m;[39m
     [90m 107 |[39m         } [36mcatch[39m (error) {
    [31m[1m>[22m[39m[90m 108 |[39m           console[33m.[39merror([32m"Error checking assessment status:"[39m[33m,[39m error)[33m;[39m
     [90m     |[39m                   [31m[1m^[22m[39m
     [90m 109 |[39m         } [36mfinally[39m {
     [90m 110 |[39m           setCheckingAssessment([36mfalse[39m)[33m;[39m
     [90m 111 |[39m         }[0m

      at error (components/AppHeader.tsx:108:19)
      at asyncGeneratorStep (node_modules/@babel/runtime/helpers/asyncToGenerator.js:3:17)
      at _next (node_modules/@babel/runtime/helpers/asyncToGenerator.js:17:9)

  console.log
    ≡ƒÄ¡ Community Forum: No profile image available

      at log (/app/app/(app)/(tabs)../community-forum/index.tsx:500:17)

  console.log
    ≡ƒô▒ Loading theme preference from AsyncStorage: null

      at log (contexts/ThemeContext.tsx:105:15)

  console.log
    ≡ƒôñ Loading posts via Convex... { category: 'All' }

      at log (/app/app/(app)/(tabs)../community-forum/index.tsx:361:17)

  console.log
    ΓÅ¡∩╕Å Skipping loadPosts - already loading

      at log (/app/app/(app)/(tabs)../community-forum/index.tsx:315:15)

  console.log
    Γ£à Convex posts loaded: 1

      at log (/app/app/(app)/(tabs)../community-forum/index.tsx:384:15)

  console.log
    ≡ƒôñ Loading posts via Convex... { category: 'All' }

      at log (/app/app/(app)/(tabs)../community-forum/index.tsx:361:17)

  console.log
    ΓÅ¡∩╕Å Skipping loadPosts - already loading

      at log (/app/app/(app)/(tabs)../community-forum/index.tsx:315:15)

  console.log
    Γ£à Convex posts loaded: 1

      at log (/app/app/(app)/(tabs)../community-forum/index.tsx:384:15)

  console.log
    ≡ƒôñ Loading posts via Convex... { category: 'All' }

      at log (/app/app/(app)/(tabs)../community-forum/index.tsx:361:17)

  console.log
    ΓÅ¡∩╕Å Skipping loadPosts - already loading

      at log (/app/app/(app)/(tabs)../community-forum/index.tsx:315:15)

  console.log
    Γ£à Convex posts loaded: 1

      at log (/app/app/(app)/(tabs)../community-forum/index.tsx:384:15)

  console.log
    ≡ƒôñ Loading posts via Convex... { category: 'All' }

      at log (/app/app/(app)/(tabs)../community-forum/index.tsx:361:17)

  console.log
    ΓÅ¡∩╕Å Skipping loadPosts - already loading

      at log (/app/app/(app)/(tabs)../community-forum/index.tsx:315:15)

  console.log
    Γ£à Convex posts loaded: 1

      at log (/app/app/(app)/(tabs)../community-forum/index.tsx:384:15)

  console.log
    ≡ƒôñ Loading posts via Convex... { category: 'All' }

      at log (/app/app/(app)/(tabs)../community-forum/index.tsx:361:17)

  console.log
    ΓÅ¡∩╕Å Skipping loadPosts - already loading

      at log (/app/app/(app)/(tabs)../community-forum/index.tsx:315:15)

  console.log
    Γ£à Convex posts loaded: 1

      at log (/app/app/(app)/(tabs)../community-forum/index.tsx:384:15)

  console.log
    ≡ƒôñ Loading posts via Convex... { category: 'All' }

      at log (/app/app/(app)/(tabs)../community-forum/index.tsx:361:17)

  console.log
    ΓÅ¡∩╕Å Skipping loadPosts - already loading

      at log (/app/app/(app)/(tabs)../community-forum/index.tsx:315:15)

  console.log
    Γ£à Convex posts loaded: 1

      at log (/app/app/(app)/(tabs)../community-forum/index.tsx:384:15)

  console.log
    ≡ƒôñ Loading posts via Convex... { category: 'All' }

      at log (/app/app/(app)/(tabs)../community-forum/index.tsx:361:17)

  console.log
    ΓÅ¡∩╕Å Skipping loadPosts - already loading

      at log (/app/app/(app)/(tabs)../community-forum/index.tsx:315:15)

  console.log
    Γ£à Convex posts loaded: 1

      at log (/app/app/(app)/(tabs)../community-forum/index.tsx:384:15)

  console.log
    ≡ƒôñ Loading posts via Convex... { category: 'All' }

      at log (/app/app/(app)/(tabs)../community-forum/index.tsx:361:17)

  console.log
    ΓÅ¡∩╕Å Skipping loadPosts - already loading

      at log (/app/app/(app)/(tabs)../community-forum/index.tsx:315:15)

  console.log
    Γ£à Convex posts loaded: 1

      at log (/app/app/(app)/(tabs)../community-forum/index.tsx:384:15)

  console.log
    ≡ƒôñ Loading posts via Convex... { category: 'All' }

      at log (/app/app/(app)/(tabs)../community-forum/index.tsx:361:17)

  console.log
    ΓÅ¡∩╕Å Skipping loadPosts - already loading

      at log (/app/app/(app)/(tabs)../community-forum/index.tsx:315:15)

  console.log
    Γ£à Convex posts loaded: 1

      at log (/app/app/(app)/(tabs)../community-forum/index.tsx:384:15)

  console.log
    ≡ƒôñ Loading posts via Convex... { category: 'All' }

      at log (/app/app/(app)/(tabs)../community-forum/index.tsx:361:17)

  console.log
    ΓÅ¡∩╕Å Skipping loadPosts - already loading

      at log (/app/app/(app)/(tabs)../community-forum/index.tsx:315:15)

  console.log
    Γ£à Convex posts loaded: 1

      at log (/app/app/(app)/(tabs)../community-forum/index.tsx:384:15)

  console.log
    ≡ƒôñ Loading posts via Convex... { category: 'All' }

      at log (/app/app/(app)/(tabs)../community-forum/index.tsx:361:17)

  console.log
    ΓÅ¡∩╕Å Skipping loadPosts - already loading

      at log (/app/app/(app)/(tabs)../community-forum/index.tsx:315:15)

  console.log
    Γ£à Convex posts loaded: 1

      at log (/app/app/(app)/(tabs)../community-forum/index.tsx:384:15)

  console.log
    ≡ƒôñ Loading posts via Convex... { category: 'All' }

      at log (/app/app/(app)/(tabs)../community-forum/index.tsx:361:17)

  console.log
    ΓÅ¡∩╕Å Skipping loadPosts - already loading

      at log (/app/app/(app)/(tabs)../community-forum/index.tsx:315:15)

  console.log
    Γ£à Convex posts loaded: 1

      at log (/app/app/(app)/(tabs)../community-forum/index.tsx:384:15)

  console.log
    ≡ƒôñ Loading posts via Convex... { category: 'All' }

      at log (/app/app/(app)/(tabs)../community-forum/index.tsx:361:17)

  console.log
    ΓÅ¡∩╕Å Skipping loadPosts - already loading

      at log (/app/app/(app)/(tabs)../community-forum/index.tsx:315:15)

  console.log
    Γ£à Convex posts loaded: 1

      at log (/app/app/(app)/(tabs)../community-forum/index.tsx:384:15)

  console.log
    ≡ƒôñ Loading posts via Convex... { category: 'All' }

      at log (/app/app/(app)/(tabs)../community-forum/index.tsx:361:17)

  console.log
    ΓÅ¡∩╕Å Skipping loadPosts - already loading

      at log (/app/app/(app)/(tabs)../community-forum/index.tsx:315:15)

  console.log
    Γ£à Convex posts loaded: 1

      at log (/app/app/(app)/(tabs)../community-forum/index.tsx:384:15)

  console.log
    ≡ƒôñ Loading posts via Convex... { category: 'All' }

      at log (/app/app/(app)/(tabs)../community-forum/index.tsx:361:17)

  console.log
    ΓÅ¡∩╕Å Skipping loadPosts - already loading

      at log (/app/app/(app)/(tabs)../community-forum/index.tsx:315:15)

  console.log
    Γ£à Convex posts loaded: 1

      at log (/app/app/(app)/(tabs)../community-forum/index.tsx:384:15)

  console.log
    ≡ƒôñ Loading posts via Convex... { category: 'All' }

      at log (/app/app/(app)/(tabs)../community-forum/index.tsx:361:17)

  console.log
    ΓÅ¡∩╕Å Skipping loadPosts - already loading

      at log (/app/app/(app)/(tabs)../community-forum/index.tsx:315:15)

  console.log
    Γ£à Convex posts loaded: 1

      at log (/app/app/(app)/(tabs)../community-forum/index.tsx:384:15)

  console.log
    ≡ƒôñ Loading posts via Convex... { category: 'All' }

      at log (/app/app/(app)/(tabs)../community-forum/index.tsx:361:17)

  console.log
    ΓÅ¡∩╕Å Skipping loadPosts - already loading

      at log (/app/app/(app)/(tabs)../community-forum/index.tsx:315:15)

  console.log
    Γ£à Convex posts loaded: 1

      at log (/app/app/(app)/(tabs)../community-forum/index.tsx:384:15)

  console.log
    ≡ƒôñ Loading posts via Convex... { category: 'All' }

      at log (/app/app/(app)/(tabs)../community-forum/index.tsx:361:17)

  console.log
    ΓÅ¡∩╕Å Skipping loadPosts - already loading

      at log (/app/app/(app)/(tabs)../community-forum/index.tsx:315:15)

  console.log
    Γ£à Convex posts loaded: 1

      at log (/app/app/(app)/(tabs)../community-forum/index.tsx:384:15)

  console.log
    ≡ƒôñ Loading posts via Convex... { category: 'All' }

      at log (/app/app/(app)/(tabs)../community-forum/index.tsx:361:17)

  console.log
    ΓÅ¡∩╕Å Skipping loadPosts - already loading

      at log (/app/app/(app)/(tabs)../community-forum/index.tsx:315:15)

  console.log
    Γ£à Convex posts loaded: 1

      at log (/app/app/(app)/(tabs)../community-forum/index.tsx:384:15)

  console.log
    ≡ƒôñ Loading posts via Convex... { category: 'All' }

      at log (/app/app/(app)/(tabs)../community-forum/index.tsx:361:17)

  console.log
    ΓÅ¡∩╕Å Skipping loadPosts - already loading

      at log (/app/app/(app)/(tabs)../community-forum/index.tsx:315:15)

  console.log
    Γ£à Convex posts loaded: 1

      at log (/app/app/(app)/(tabs)../community-forum/index.tsx:384:15)

  console.log
    ≡ƒôñ Loading posts via Convex... { category: 'All' }

      at log (/app/app/(app)/(tabs)../community-forum/index.tsx:361:17)

  console.log
    ΓÅ¡∩╕Å Skipping loadPosts - already loading

      at log (/app/app/(app)/(tabs)../community-forum/index.tsx:315:15)

  console.log
    Γ£à Convex posts loaded: 1

      at log (/app/app/(app)/(tabs)../community-forum/index.tsx:384:15)

  console.log
    ≡ƒôñ Loading posts via Convex... { category: 'All' }

      at log (/app/app/(app)/(tabs)../community-forum/index.tsx:361:17)

  console.log
    ΓÅ¡∩╕Å Skipping loadPosts - already loading

      at log (/app/app/(app)/(tabs)../community-forum/index.tsx:315:15)

  console.log
    Γ£à Convex posts loaded: 1

      at log (/app/app/(app)/(tabs)../community-forum/index.tsx:384:15)

  console.log
    ≡ƒôñ Loading posts via Convex... { category: 'All' }

      at log (/app/app/(app)/(tabs)../community-forum/index.tsx:361:17)

  console.log
    ΓÅ¡∩╕Å Skipping loadPosts - already loading

      at log (/app/app/(app)/(tabs)../community-forum/index.tsx:315:15)

  console.log
    Γ£à Convex posts loaded: 1

      at log (/app/app/(app)/(tabs)../community-forum/index.tsx:384:15)

  console.log
    ≡ƒôñ Loading posts via Convex... { category: 'All' }

      at log (/app/app/(app)/(tabs)../community-forum/index.tsx:361:17)

  console.log
    ΓÅ¡∩╕Å Skipping loadPosts - already loading

      at log (/app/app/(app)/(tabs)../community-forum/index.tsx:315:15)

  console.log
    Γ£à Convex posts loaded: 1

      at log (/app/app/(app)/(tabs)../community-forum/index.tsx:384:15)

  console.log
    ≡ƒôñ Loading posts via Convex... { category: 'All' }

      at log (/app/app/(app)/(tabs)../community-forum/index.tsx:361:17)

  console.log
    ΓÅ¡∩╕Å Skipping loadPosts - already loading

      at log (/app/app/(app)/(tabs)../community-forum/index.tsx:315:15)

  console.log
    Γ£à Convex posts loaded: 1

      at log (/app/app/(app)/(tabs)../community-forum/index.tsx:384:15)

  console.log
    ≡ƒôñ Loading posts via Convex... { category: 'All' }

      at log (/app/app/(app)/(tabs)../community-forum/index.tsx:361:17)

  console.log
    ΓÅ¡∩╕Å Skipping loadPosts - already loading

      at log (/app/app/(app)/(tabs)../community-forum/index.tsx:315:15)

  console.log
    Γ£à Convex posts loaded: 1

      at log (/app/app/(app)/(tabs)../community-forum/index.tsx:384:15)

  console.log
    ≡ƒôñ Loading posts via Convex... { category: 'All' }

      at log (/app/app/(app)/(tabs)../community-forum/index.tsx:361:17)

  console.log
    ΓÅ¡∩╕Å Skipping loadPosts - already loading

      at log (/app/app/(app)/(tabs)../community-forum/index.tsx:315:15)

  console.log
    Γ£à Convex posts loaded: 1

      at log (/app/app/(app)/(tabs)../community-forum/index.tsx:384:15)

  console.log
    ≡ƒôñ Loading posts via Convex... { category: 'All' }

      at log (/app/app/(app)/(tabs)../community-forum/index.tsx:361:17)

  console.log
    ΓÅ¡∩╕Å Skipping loadPosts - already loading

      at log (/app/app/(app)/(tabs)../community-forum/index.tsx:315:15)

  console.log
    Γ£à Convex posts loaded: 1

      at log (/app/app/(app)/(tabs)../community-forum/index.tsx:384:15)

  console.log
    ≡ƒôñ Loading posts via Convex... { category: 'All' }

      at log (/app/app/(app)/(tabs)../community-forum/index.tsx:361:17)

  console.log
    ΓÅ¡∩╕Å Skipping loadPosts - already loading

      at log (/app/app/(app)/(tabs)../community-forum/index.tsx:315:15)

  console.log
    Γ£à Convex posts loaded: 1

      at log (/app/app/(app)/(tabs)../community-forum/index.tsx:384:15)

  console.log
    ≡ƒôñ Loading posts via Convex... { category: 'All' }

      at log (/app/app/(app)/(tabs)../community-forum/index.tsx:361:17)

  console.log
    ΓÅ¡∩╕Å Skipping loadPosts - already loading

      at log (/app/app/(app)/(tabs)../community-forum/index.tsx:315:15)

  console.log
    Γ£à Convex posts loaded: 1

      at log (/app/app/(app)/(tabs)../community-forum/index.tsx:384:15)

  console.log
    ≡ƒôñ Loading posts via Convex... { category: 'All' }

      at log (/app/app/(app)/(tabs)../community-forum/index.tsx:361:17)

  console.log
    ΓÅ¡∩╕Å Skipping loadPosts - already loading

      at log (/app/app/(app)/(tabs)../community-forum/index.tsx:315:15)

  console.log
    Γ£à Convex posts loaded: 1

      at log (/app/app/(app)/(tabs)../community-forum/index.tsx:384:15)

  console.log
    ≡ƒôñ Loading posts via Convex... { category: 'All' }

      at log (/app/app/(app)/(tabs)../community-forum/index.tsx:361:17)

  console.log
    ΓÅ¡∩╕Å Skipping loadPosts - already loading

      at log (/app/app/(app)/(tabs)../community-forum/index.tsx:315:15)

  console.log
    Γ£à Convex posts loaded: 1

      at log (/app/app/(app)/(tabs)../community-forum/index.tsx:384:15)

  console.log
    ≡ƒôñ Loading posts via Convex... { category: 'All' }

      at log (/app/app/(app)/(tabs)../community-forum/index.tsx:361:17)

  console.log
    ΓÅ¡∩╕Å Skipping loadPosts - already loading

      at log (/app/app/(app)/(tabs)../community-forum/index.tsx:315:15)

  console.log
    Γ£à Convex posts loaded: 1

      at log (/app/app/(app)/(tabs)../community-forum/index.tsx:384:15)

  console.log
    ≡ƒôñ Loading posts via Convex... { category: 'All' }

      at log (/app/app/(app)/(tabs)../community-forum/index.tsx:361:17)

  console.log
    ΓÅ¡∩╕Å Skipping loadPosts - already loading

      at log (/app/app/(app)/(tabs)../community-forum/index.tsx:315:15)

  console.log
    Γ£à Convex posts loaded: 1

      at log (/app/app/(app)/(tabs)../community-forum/index.tsx:384:15)

  console.log
    ≡ƒôñ Loading posts via Convex... { category: 'All' }

      at log (/app/app/(app)/(tabs)../community-forum/index.tsx:361:17)

  console.log
    ΓÅ¡∩╕Å Skipping loadPosts - already loading

      at log (/app/app/(app)/(tabs)../community-forum/index.tsx:315:15)

  console.log
    Γ£à Convex posts loaded: 1

      at log (/app/app/(app)/(tabs)../community-forum/index.tsx:384:15)

  console.log
    ≡ƒôñ Loading posts via Convex... { category: 'All' }

      at log (/app/app/(app)/(tabs)../community-forum/index.tsx:361:17)

  console.log
    ΓÅ¡∩╕Å Skipping loadPosts - already loading

      at log (/app/app/(app)/(tabs)../community-forum/index.tsx:315:15)

  console.log
    Γ£à Convex posts loaded: 1

      at log (/app/app/(app)/(tabs)../community-forum/index.tsx:384:15)

  console.log
    ≡ƒôñ Loading posts via Convex... { category: 'All' }

      at log (/app/app/(app)/(tabs)../community-forum/index.tsx:361:17)

  console.log
    ΓÅ¡∩╕Å Skipping loadPosts - already loading

      at log (/app/app/(app)/(tabs)../community-forum/index.tsx:315:15)

  console.log
    Γ£à Convex posts loaded: 1

      at log (/app/app/(app)/(tabs)../community-forum/index.tsx:384:15)

  console.log
    ≡ƒôñ Loading posts via Convex... { category: 'All' }

      at log (/app/app/(app)/(tabs)../community-forum/index.tsx:361:17)

  console.log
    ΓÅ¡∩╕Å Skipping loadPosts - already loading

      at log (/app/app/(app)/(tabs)../community-forum/index.tsx:315:15)

  console.log
    Γ£à Convex posts loaded: 1

      at log (/app/app/(app)/(tabs)../community-forum/index.tsx:384:15)

  console.log
    ≡ƒôñ Loading posts via Convex... { category: 'All' }

      at log (/app/app/(app)/(tabs)../community-forum/index.tsx:361:17)

  console.log
    ΓÅ¡∩╕Å Skipping loadPosts - already loading

      at log (/app/app/(app)/(tabs)../community-forum/index.tsx:315:15)

  console.log
    Γ£à Convex posts loaded: 1

      at log (/app/app/(app)/(tabs)../community-forum/index.tsx:384:15)

  console.log
    ≡ƒôñ Loading posts via Convex... { category: 'All' }

      at log (/app/app/(app)/(tabs)../community-forum/index.tsx:361:17)

  console.log
    ΓÅ¡∩╕Å Skipping loadPosts - already loading

      at log (/app/app/(app)/(tabs)../community-forum/index.tsx:315:15)

  console.log
    Γ£à Convex posts loaded: 1

      at log (/app/app/(app)/(tabs)../community-forum/index.tsx:384:15)

  console.log
    ≡ƒôñ Loading posts via Convex... { category: 'All' }

      at log (/app/app/(app)/(tabs)../community-forum/index.tsx:361:17)

  console.log
    ΓÅ¡∩╕Å Skipping loadPosts - already loading

      at log (/app/app/(app)/(tabs)../community-forum/index.tsx:315:15)

  console.log
    Γ£à Convex posts loaded: 1

      at log (/app/app/(app)/(tabs)../community-forum/index.tsx:384:15)

  console.log
    ≡ƒôñ Loading posts via Convex... { category: 'All' }

      at log (/app/app/(app)/(tabs)../community-forum/index.tsx:361:17)

  console.log
    ΓÅ¡∩╕Å Skipping loadPosts - already loading

      at log (/app/app/(app)/(tabs)../community-forum/index.tsx:315:15)

  console.log
    Γ£à Convex posts loaded: 1

      at log (/app/app/(app)/(tabs)../community-forum/index.tsx:384:15)

  console.log
    ≡ƒôñ Loading posts via Convex... { category: 'All' }

      at log (/app/app/(app)/(tabs)../community-forum/index.tsx:361:17)

  console.log
    ΓÅ¡∩╕Å Skipping loadPosts - already loading

      at log (/app/app/(app)/(tabs)../community-forum/index.tsx:315:15)

  console.log
    Γ£à Convex posts loaded: 1

      at log (/app/app/(app)/(tabs)../community-forum/index.tsx:384:15)

  console.log
    ≡ƒôñ Loading posts via Convex... { category: 'All' }

      at log (/app/app/(app)/(tabs)../community-forum/index.tsx:361:17)

  console.log
    ΓÅ¡∩╕Å Skipping loadPosts - already loading

      at log (/app/app/(app)/(tabs)../community-forum/index.tsx:315:15)

  console.log
    Γ£à Convex posts loaded: 1

      at log (/app/app/(app)/(tabs)../community-forum/index.tsx:384:15)

  console.log
    ≡ƒôñ Loading posts via Convex... { category: 'All' }

      at log (/app/app/(app)/(tabs)../community-forum/index.tsx:361:17)

  console.log
    ΓÅ¡∩╕Å Skipping loadPosts - already loading

      at log (/app/app/(app)/(tabs)../community-forum/index.tsx:315:15)

  console.log
    Γ£à Convex posts loaded: 1

      at log (/app/app/(app)/(tabs)../community-forum/index.tsx:384:15)

  console.log
    ≡ƒôñ Loading posts via Convex... { category: 'All' }

      at log (/app/app/(app)/(tabs)../community-forum/index.tsx:361:17)

  console.log
    ΓÅ¡∩╕Å Skipping loadPosts - already loading

      at log (/app/app/(app)/(tabs)../community-forum/index.tsx:315:15)

  console.log
    Γ£à Convex posts loaded: 1

      at log (/app/app/(app)/(tabs)../community-forum/index.tsx:384:15)

  console.log
    ≡ƒôñ Loading posts via Convex... { category: 'All' }

      at log (/app/app/(app)/(tabs)../community-forum/index.tsx:361:17)

  console.log
    ΓÅ¡∩╕Å Skipping loadPosts - already loading

      at log (/app/app/(app)/(tabs)../community-forum/index.tsx:315:15)

  console.log
    Γ£à Convex posts loaded: 1

      at log (/app/app/(app)/(tabs)../community-forum/index.tsx:384:15)

  console.log
    ≡ƒôñ Loading posts via Convex... { category: 'All' }

      at log (/app/app/(app)/(tabs)../community-forum/index.tsx:361:17)

  console.log
    ΓÅ¡∩╕Å Skipping loadPosts - already loading

      at log (/app/app/(app)/(tabs)../community-forum/index.tsx:315:15)

  console.log
    Γ£à Convex posts loaded: 1

      at log (/app/app/(app)/(tabs)../community-forum/index.tsx:384:15)

  console.log
    ≡ƒôñ Loading posts via Convex... { category: 'All' }

      at log (/app/app/(app)/(tabs)../community-forum/index.tsx:361:17)

  console.log
    ΓÅ¡∩╕Å Skipping loadPosts - already loading

      at log (/app/app/(app)/(tabs)../community-forum/index.tsx:315:15)

  console.log
    Γ£à Convex posts loaded: 1

      at log (/app/app/(app)/(tabs)../community-forum/index.tsx:384:15)

  console.log
    ≡ƒôñ Loading posts via Convex... { category: 'All' }

      at log (/app/app/(app)/(tabs)../community-forum/index.tsx:361:17)

  console.log
    ΓÅ¡∩╕Å Skipping loadPosts - already loading

      at log (/app/app/(app)/(tabs)../community-forum/index.tsx:315:15)

  console.log
    Γ£à Convex posts loaded: 1

      at log (/app/app/(app)/(tabs)../community-forum/index.tsx:384:15)

  console.log
    ≡ƒôñ Loading posts via Convex... { category: 'All' }

      at log (/app/app/(app)/(tabs)../community-forum/index.tsx:361:17)

  console.log
    ΓÅ¡∩╕Å Skipping loadPosts - already loading

      at log (/app/app/(app)/(tabs)../community-forum/index.tsx:315:15)

  console.log
    Γ£à Convex posts loaded: 1

      at log (/app/app/(app)/(tabs)../community-forum/index.tsx:384:15)

  console.log
    ≡ƒôñ Loading posts via Convex... { category: 'All' }

      at log (/app/app/(app)/(tabs)../community-forum/index.tsx:361:17)

  console.log
    ΓÅ¡∩╕Å Skipping loadPosts - already loading

      at log (/app/app/(app)/(tabs)../community-forum/index.tsx:315:15)

  console.log
    Γ£à Convex posts loaded: 1

      at log (/app/app/(app)/(tabs)../community-forum/index.tsx:384:15)

  console.log
    ≡ƒôñ Loading posts via Convex... { category: 'All' }

      at log (/app/app/(app)/(tabs)../community-forum/index.tsx:361:17)

  console.log
    ΓÅ¡∩╕Å Skipping loadPosts - already loading

      at log (/app/app/(app)/(tabs)../community-forum/index.tsx:315:15)

  console.log
    Γ£à Convex posts loaded: 1

      at log (/app/app/(app)/(tabs)../community-forum/index.tsx:384:15)

  console.log
    ≡ƒôñ Loading posts via Convex... { category: 'All' }

      at log (/app/app/(app)/(tabs)../community-forum/index.tsx:361:17)

  console.log
    ΓÅ¡∩╕Å Skipping loadPosts - already loading

      at log (/app/app/(app)/(tabs)../community-forum/index.tsx:315:15)

  console.log
    Γ£à Convex posts loaded: 1

      at log (/app/app/(app)/(tabs)../community-forum/index.tsx:384:15)

  console.log
    ≡ƒôñ Loading posts via Convex... { category: 'All' }

      at log (/app/app/(app)/(tabs)../community-forum/index.tsx:361:17)

  console.log
    ΓÅ¡∩╕Å Skipping loadPosts - already loading

      at log (/app/app/(app)/(tabs)../community-forum/index.tsx:315:15)

  console.log
    Γ£à Convex posts loaded: 1

      at log (/app/app/(app)/(tabs)../community-forum/index.tsx:384:15)

  console.log
    ≡ƒôñ Loading posts via Convex... { category: 'All' }

      at log (/app/app/(app)/(tabs)../community-forum/index.tsx:361:17)

  console.log
    ΓÅ¡∩╕Å Skipping loadPosts - already loading

      at log (/app/app/(app)/(tabs)../community-forum/index.tsx:315:15)

  console.log
    Γ£à Convex posts loaded: 1

      at log (/app/app/(app)/(tabs)../community-forum/index.tsx:384:15)

  console.log
    ≡ƒôñ Loading posts via Convex... { category: 'All' }

      at log (/app/app/(app)/(tabs)../community-forum/index.tsx:361:17)

  console.log
    ΓÅ¡∩╕Å Skipping loadPosts - already loading

      at log (/app/app/(app)/(tabs)../community-forum/index.tsx:315:15)

  console.log
    Γ£à Convex posts loaded: 1

      at log (/app/app/(app)/(tabs)../community-forum/index.tsx:384:15)

  console.log
    ≡ƒôñ Loading posts via Convex... { category: 'All' }

      at log (/app/app/(app)/(tabs)../community-forum/index.tsx:361:17)

  console.log
    ΓÅ¡∩╕Å Skipping loadPosts - already loading

      at log (/app/app/(app)/(tabs)../community-forum/index.tsx:315:15)

  console.log
    Γ£à Convex posts loaded: 1

      at log (/app/app/(app)/(tabs)../community-forum/index.tsx:384:15)

  console.log
    ≡ƒôñ Loading posts via Convex... { category: 'All' }

      at log (/app/app/(app)/(tabs)../community-forum/index.tsx:361:17)

  console.log
    ΓÅ¡∩╕Å Skipping loadPosts - already loading

      at log (/app/app/(app)/(tabs)../community-forum/index.tsx:315:15)

  console.log
    Γ£à Convex posts loaded: 1

      at log (/app/app/(app)/(tabs)../community-forum/index.tsx:384:15)

  console.log
    ≡ƒôñ Loading posts via Convex... { category: 'All' }

      at log (/app/app/(app)/(tabs)../community-forum/index.tsx:361:17)

  console.log
    ΓÅ¡∩╕Å Skipping loadPosts - already loading

      at log (/app/app/(app)/(tabs)../community-forum/index.tsx:315:15)

  console.log
    Γ£à Convex posts loaded: 1

      at log (/app/app/(app)/(tabs)../community-forum/index.tsx:384:15)

  console.log
    ≡ƒôñ Loading posts via Convex... { category: 'All' }

      at log (/app/app/(app)/(tabs)../community-forum/index.tsx:361:17)

  console.log
    ΓÅ¡∩╕Å Skipping loadPosts - already loading

      at log (/app/app/(app)/(tabs)../community-forum/index.tsx:315:15)

  console.log
    Γ£à Convex posts loaded: 1

      at log (/app/app/(app)/(tabs)../community-forum/index.tsx:384:15)

  console.log
    ≡ƒôñ Loading posts via Convex... { category: 'All' }

      at log (/app/app/(app)/(tabs)../community-forum/index.tsx:361:17)

  console.log
    ΓÅ¡∩╕Å Skipping loadPosts - already loading

      at log (/app/app/(app)/(tabs)../community-forum/index.tsx:315:15)

  console.log
    Γ£à Convex posts loaded: 1

      at log (/app/app/(app)/(tabs)../community-forum/index.tsx:384:15)

  console.log
    ≡ƒôñ Loading posts via Convex... { category: 'All' }

      at log (/app/app/(app)/(tabs)../community-forum/index.tsx:361:17)

  console.log
    ΓÅ¡∩╕Å Skipping loadPosts - already loading

      at log (/app/app/(app)/(tabs)../community-forum/index.tsx:315:15)

  console.log
    Γ£à Convex posts loaded: 1

      at log (/app/app/(app)/(tabs)../community-forum/index.tsx:384:15)

  console.log
    ≡ƒôñ Loading posts via Convex... { category: 'All' }

      at log (/app/app/(app)/(tabs)../community-forum/index.tsx:361:17)

  console.log
    ΓÅ¡∩╕Å Skipping loadPosts - already loading

      at log (/app/app/(app)/(tabs)../community-forum/index.tsx:315:15)

  console.log
    Γ£à Convex posts loaded: 1

      at log (/app/app/(app)/(tabs)../community-forum/index.tsx:384:15)

  console.log
    ≡ƒôñ Loading posts via Convex... { category: 'All' }

      at log (/app/app/(app)/(tabs)../community-forum/index.tsx:361:17)

  console.log
    ΓÅ¡∩╕Å Skipping loadPosts - already loading

      at log (/app/app/(app)/(tabs)../community-forum/index.tsx:315:15)

  console.log
    Γ£à Convex posts loaded: 1

      at log (/app/app/(app)/(tabs)../community-forum/index.tsx:384:15)

  console.log
    ≡ƒôñ Loading posts via Convex... { category: 'All' }

      at log (/app/app/(app)/(tabs)../community-forum/index.tsx:361:17)

  console.log
    ΓÅ¡∩╕Å Skipping loadPosts - already loading

      at log (/app/app/(app)/(tabs)../community-forum/index.tsx:315:15)

  console.log
    Γ£à Convex posts loaded: 1

      at log (/app/app/(app)/(tabs)../community-forum/index.tsx:384:15)

  console.log
    ≡ƒôñ Loading posts via Convex... { category: 'All' }

      at log (/app/app/(app)/(tabs)../community-forum/index.tsx:361:17)

  console.log
    ΓÅ¡∩╕Å Skipping loadPosts - already loading

      at log (/app/app/(app)/(tabs)../community-forum/index.tsx:315:15)

  console.log
    Γ£à Convex posts loaded: 1

      at log (/app/app/(app)/(tabs)../community-forum/index.tsx:384:15)

  console.log
    ≡ƒôñ Loading posts via Convex... { category: 'All' }

      at log (/app/app/(app)/(tabs)../community-forum/index.tsx:361:17)

  console.log
    ΓÅ¡∩╕Å Skipping loadPosts - already loading

      at log (/app/app/(app)/(tabs)../community-forum/index.tsx:315:15)

  console.log
    Γ£à Convex posts loaded: 1

      at log (/app/app/(app)/(tabs)../community-forum/index.tsx:384:15)

  console.log
    ≡ƒôñ Loading posts via Convex... { category: 'All' }

      at log (/app/app/(app)/(tabs)../community-forum/index.tsx:361:17)

  console.log
    ΓÅ¡∩╕Å Skipping loadPosts - already loading

      at log (/app/app/(app)/(tabs)../community-forum/index.tsx:315:15)

  console.log
    Γ£à Convex posts loaded: 1

      at log (/app/app/(app)/(tabs)../community-forum/index.tsx:384:15)

  console.log
    ≡ƒôñ Loading posts via Convex... { category: 'All' }

      at log (/app/app/(app)/(tabs)../community-forum/index.tsx:361:17)

  console.log
    ΓÅ¡∩╕Å Skipping loadPosts - already loading

      at log (/app/app/(app)/(tabs)../community-forum/index.tsx:315:15)

  console.log
    Γ£à Convex posts loaded: 1

      at log (/app/app/(app)/(tabs)../community-forum/index.tsx:384:15)

  console.log
    ≡ƒôñ Loading posts via Convex... { category: 'All' }

      at log (/app/app/(app)/(tabs)../community-forum/index.tsx:361:17)

  console.log
    ΓÅ¡∩╕Å Skipping loadPosts - already loading

      at log (/app/app/(app)/(tabs)../community-forum/index.tsx:315:15)

  console.log
    Γ£à Convex posts loaded: 1

      at log (/app/app/(app)/(tabs)../community-forum/index.tsx:384:15)

  console.log
    ≡ƒôñ Loading posts via Convex... { category: 'All' }

      at log (/app/app/(app)/(tabs)../community-forum/index.tsx:361:17)

  console.log
    ΓÅ¡∩╕Å Skipping loadPosts - already loading

      at log (/app/app/(app)/(tabs)../community-forum/index.tsx:315:15)

  console.log
    Γ£à Convex posts loaded: 1

      at log (/app/app/(app)/(tabs)../community-forum/index.tsx:384:15)

  console.log
    ≡ƒôñ Loading posts via Convex... { category: 'All' }

      at log (/app/app/(app)/(tabs)../community-forum/index.tsx:361:17)

  console.log
    ΓÅ¡∩╕Å Skipping loadPosts - already loading

      at log (/app/app/(app)/(tabs)../community-forum/index.tsx:315:15)

  console.log
    Γ£à Convex posts loaded: 1

      at log (/app/app/(app)/(tabs)../community-forum/index.tsx:384:15)

  console.log
    ≡ƒôñ Loading posts via Convex... { category: 'All' }

      at log (/app/app/(app)/(tabs)../community-forum/index.tsx:361:17)

  console.log
    ΓÅ¡∩╕Å Skipping loadPosts - already loading

      at log (/app/app/(app)/(tabs)../community-forum/index.tsx:315:15)

  console.log
    Γ£à Convex posts loaded: 1

      at log (/app/app/(app)/(tabs)../community-forum/index.tsx:384:15)

  console.log
    ≡ƒôñ Loading posts via Convex... { category: 'All' }

      at log (/app/app/(app)/(tabs)../community-forum/index.tsx:361:17)

  console.log
    ΓÅ¡∩╕Å Skipping loadPosts - already loading

      at log (/app/app/(app)/(tabs)../community-forum/index.tsx:315:15)

  console.log
    Γ£à Convex posts loaded: 1

      at log (/app/app/(app)/(tabs)../community-forum/index.tsx:384:15)

  console.log
    ≡ƒôñ Loading posts via Convex... { category: 'All' }

      at log (/app/app/(app)/(tabs)../community-forum/index.tsx:361:17)

  console.log
    ΓÅ¡∩╕Å Skipping loadPosts - already loading

      at log (/app/app/(app)/(tabs)../community-forum/index.tsx:315:15)

  console.log
    Γ£à Convex posts loaded: 1

      at log (/app/app/(app)/(tabs)../community-forum/index.tsx:384:15)

  console.log
    ≡ƒôñ Loading posts via Convex... { category: 'All' }

      at log (/app/app/(app)/(tabs)../community-forum/index.tsx:361:17)

  console.log
    ΓÅ¡∩╕Å Skipping loadPosts - already loading

      at log (/app/app/(app)/(tabs)../community-forum/index.tsx:315:15)

  console.log
    Γ£à Convex posts loaded: 1

      at log (/app/app/(app)/(tabs)../community-forum/index.tsx:384:15)

  console.log
    ≡ƒôñ Loading posts via Convex... { category: 'All' }

      at log (/app/app/(app)/(tabs)../community-forum/index.tsx:361:17)

  console.log
    ΓÅ¡∩╕Å Skipping loadPosts - already loading

      at log (/app/app/(app)/(tabs)../community-forum/index.tsx:315:15)

  console.log
    Γ£à Convex posts loaded: 1

      at log (/app/app/(app)/(tabs)../community-forum/index.tsx:384:15)

  console.log
    ≡ƒôñ Loading posts via Convex... { category: 'All' }

      at log (/app/app/(app)/(tabs)../community-forum/index.tsx:361:17)

  console.log
    ΓÅ¡∩╕Å Skipping loadPosts - already loading

      at log (/app/app/(app)/(tabs)../community-forum/index.tsx:315:15)

  console.log
    Γ£à Convex posts loaded: 1

      at log (/app/app/(app)/(tabs)../community-forum/index.tsx:384:15)

  console.log
    ≡ƒôñ Loading posts via Convex... { category: 'All' }

      at log (/app/app/(app)/(tabs)../community-forum/index.tsx:361:17)

  console.log
    ΓÅ¡∩╕Å Skipping loadPosts - already loading

      at log (/app/app/(app)/(tabs)../community-forum/index.tsx:315:15)

  console.log
    Γ£à Convex posts loaded: 1

      at log (/app/app/(app)/(tabs)../community-forum/index.tsx:384:15)

  console.log
    ≡ƒôñ Loading posts via Convex... { category: 'All' }

      at log (/app/app/(app)/(tabs)../community-forum/index.tsx:361:17)

  console.log
    ΓÅ¡∩╕Å Skipping loadPosts - already loading

      at log (/app/app/(app)/(tabs)../community-forum/index.tsx:315:15)

  console.error
    An update to CommunityMainScreen inside a test was not wrapped in act(...).
    
    When testing, code that causes React state updates should be wrapped into act(...):
    
    act(() => {
      /* fire events that update state */
    });
    /* assert on the output */
    
    This ensures that you're testing the behavior the user would see in the browser. Learn more at https://react.dev/link/wrap-tests-with-act

    [0m [90m 381 |[39m       }))[33m;[39m
     [90m 382 |[39m       
    [31m[1m>[22m[39m[90m 383 |[39m       setPosts(mapped)[33m;[39m
     [90m     |[39m       [31m[1m^[22m[39m
     [90m 384 |[39m       console[33m.[39mlog([32m'Γ£à Convex posts loaded:'[39m[33m,[39m mapped[33m.[39mlength)[33m;[39m
     [90m 385 |[39m
     [90m 386 |[39m       [90m// Load user-specific data if authenticated[39m[0m

      at node_modules/react-test-renderer/cjs/react-test-renderer.development.js:11801:19
      at runWithFiberInDEV (node_modules/react-test-renderer/cjs/react-test-renderer.development.js:1574:13)
      at warnIfUpdatesNotWrappedWithActDEV (node_modules/react-test-renderer/cjs/react-test-renderer.development.js:11800:9)
      at scheduleUpdateOnFiber (node_modules/react-test-renderer/cjs/react-test-renderer.development.js:10326:9)
      at dispatchSetStateInternal (node_modules/react-test-renderer/cjs/react-test-renderer.development.js:4148:13)
      at dispatchSetState (node_modules/react-test-renderer/cjs/react-test-renderer.development.js:4107:7)
      at setPosts (/app/app/(app)/(tabs)../community-forum/index.tsx:383:7)
      at asyncGeneratorStep (node_modules/@babel/runtime/helpers/asyncToGenerator.js:3:17)
      at _next (node_modules/@babel/runtime/helpers/asyncToGenerator.js:17:9)

  console.log
    Γ£à Convex posts loaded: 1

      at log (/app/app/(app)/(tabs)../community-forum/index.tsx:384:15)

  console.error
    An update to CommunityMainScreen inside a test was not wrapped in act(...).
    
    When testing, code that causes React state updates should be wrapped into act(...):
    
    act(() => {
      /* fire events that update state */
    });
    /* assert on the output */
    
    This ensures that you're testing the behavior the user would see in the browser. Learn more at https://react.dev/link/wrap-tests-with-act

    [0m [90m 390 |[39m           (bookmarked [33m||[39m [])[33m.[39mmap((post[33m:[39m any) [33m=>[39m post[33m.[39m_id)
     [90m 391 |[39m         )[33m;[39m
    [31m[1m>[22m[39m[90m 392 |[39m         setBookmarkedPosts(bookmarkedIds [36mas[39m any)[33m;[39m
     [90m     |[39m         [31m[1m^[22m[39m
     [90m 393 |[39m       }
     [90m 394 |[39m     } [36mcatch[39m (error) {
     [90m 395 |[39m       console[33m.[39merror([32m"Error loading posts:"[39m[33m,[39m error)[33m;[39m[0m

      at node_modules/react-test-renderer/cjs/react-test-renderer.development.js:11801:19
      at runWithFiberInDEV (node_modules/react-test-renderer/cjs/react-test-renderer.development.js:1574:13)
      at warnIfUpdatesNotWrappedWithActDEV (node_modules/react-test-renderer/cjs/react-test-renderer.development.js:11800:9)
      at scheduleUpdateOnFiber (node_modules/react-test-renderer/cjs/react-test-renderer.development.js:10326:9)
      at dispatchSetStateInternal (node_modules/react-test-renderer/cjs/react-test-renderer.development.js:4148:13)
      at dispatchSetState (node_modules/react-test-renderer/cjs/react-test-renderer.development.js:4107:7)
      at setBookmarkedPosts (/app/app/(app)/(tabs)../community-forum/index.tsx:392:9)
      at asyncGeneratorStep (node_modules/@babel/runtime/helpers/asyncToGenerator.js:3:17)
      at _next (node_modules/@babel/runtime/helpers/asyncToGenerator.js:17:9)

  console.error
    An update to CommunityMainScreen inside a test was not wrapped in act(...).
    
    When testing, code that causes React state updates should be wrapped into act(...):
    
    act(() => {
      /* fire events that update state */
    });
    /* assert on the output */
    
    This ensures that you're testing the behavior the user would see in the browser. Learn more at https://react.dev/link/wrap-tests-with-act

    [0m [90m 397 |[39m       setPosts([])[33m;[39m
     [90m 398 |[39m     } [36mfinally[39m {
    [31m[1m>[22m[39m[90m 399 |[39m       setLoading([36mfalse[39m)[33m;[39m
     [90m     |[39m       [31m[1m^[22m[39m
     [90m 400 |[39m       setRefreshing([36mfalse[39m)[33m;[39m
     [90m 401 |[39m       isLoadingPostsRef[33m.[39mcurrent [33m=[39m [36mfalse[39m[33m;[39m
     [90m 402 |[39m     }[0m

      at node_modules/react-test-renderer/cjs/react-test-renderer.development.js:11801:19
      at runWithFiberInDEV (node_modules/react-test-renderer/cjs/react-test-renderer.development.js:1574:13)
      at warnIfUpdatesNotWrappedWithActDEV (node_modules/react-test-renderer/cjs/react-test-renderer.development.js:11800:9)
      at scheduleUpdateOnFiber (node_modules/react-test-renderer/cjs/react-test-renderer.development.js:10326:9)
      at dispatchSetStateInternal (node_modules/react-test-renderer/cjs/react-test-renderer.development.js:4148:13)
      at dispatchSetState (node_modules/react-test-renderer/cjs/react-test-renderer.development.js:4107:7)
      at setLoading (/app/app/(app)/(tabs)../community-forum/index.tsx:399:7)
      at asyncGeneratorStep (node_modules/@babel/runtime/helpers/asyncToGenerator.js:3:17)
      at _next (node_modules/@babel/runtime/helpers/asyncToGenerator.js:17:9)

  console.error
    An update to CommunityMainScreen inside a test was not wrapped in act(...).
    
    When testing, code that causes React state updates should be wrapped into act(...):
    
    act(() => {
      /* fire events that update state */
    });
    /* assert on the output */
    
    This ensures that you're testing the behavior the user would see in the browser. Learn more at https://react.dev/link/wrap-tests-with-act

    [0m [90m 398 |[39m     } [36mfinally[39m {
     [90m 399 |[39m       setLoading([36mfalse[39m)[33m;[39m
    [31m[1m>[22m[39m[90m 400 |[39m       setRefreshing([36mfalse[39m)[33m;[39m
     [90m     |[39m       [31m[1m^[22m[39m
     [90m 401 |[39m       isLoadingPostsRef[33m.[39mcurrent [33m=[39m [36mfalse[39m[33m;[39m
     [90m 402 |[39m     }
     [90m 403 |[39m     [90m// eslint-disable-next-line react-hooks/exhaustive-deps[39m[0m

      at node_modules/react-test-renderer/cjs/react-test-renderer.development.js:11801:19
      at runWithFiberInDEV (node_modules/react-test-renderer/cjs/react-test-renderer.development.js:1574:13)
      at warnIfUpdatesNotWrappedWithActDEV (node_modules/react-test-renderer/cjs/react-test-renderer.development.js:11800:9)
      at scheduleUpdateOnFiber (node_modules/react-test-renderer/cjs/react-test-renderer.development.js:10326:9)
      at dispatchSetStateInternal (node_modules/react-test-renderer/cjs/react-test-renderer.development.js:4148:13)
      at dispatchSetState (node_modules/react-test-renderer/cjs/react-test-renderer.development.js:4107:7)
      at setRefreshing (/app/app/(app)/(tabs)../community-forum/index.tsx:400:7)
      at asyncGeneratorStep (node_modules/@babel/runtime/helpers/asyncToGenerator.js:3:17)
      at _next (node_modules/@babel/runtime/helpers/asyncToGenerator.js:17:9)

docker : FAIL __tests__/screens/community-forum.test.tsx (6.678 s)
At line:1 char:63
+ ... -Seconds 3; docker exec safespace-test-coverage npm test -- __tests__ ...
+                 ~~~~~~~~~~~~~~~~~~~~~~~~~~~~~~~~~~~~~~~~~~~~~~~~~~~~~~~~~
    + CategoryInfo          : NotSpecified: (FAIL __tests__/...t.tsx (6.678 s):String) [], RemoteException
    + FullyQualifiedErrorId : NativeCommandError
 
  Community Forum Screen
    Γ£ô renders community forum screen with testID (403 ms)
    Γ£ô renders title and newsfeed/my-posts tabs (165 ms)
    Γ£ô renders search bar and create post button (203 ms)
    Γ£ò shows empty state when no posts exist (1116 ms)
    Γ£ò renders post list with title and author (1086 ms)
    Γ£ô navigates to create post when button pressed (104 ms)
    Γ£ô switches between Newsfeed and My Posts views (146 ms)
    Γ£ô displays categories in Browse By section (140 ms)
    Γ£ò shows reaction counts on posts (1119 ms)

  ΓùÅ Community Forum Screen ΓÇ║ shows empty state when no posts exist

    Unable to find an element with testID: empty-state-container

    [36m<RNCSafeAreaProvider>[39m
      [36m<RCTSafeAreaView[39m
        [33mtestID[39m=[32m"community-forum"[39m
      [36m>[39m
        [36m<View[39m
          [33mtestID[39m=[32m"curved-background"[39m
        [36m>[39m
          [36m<RNSVGSvgView>[39m
            [36m<RNSVGGroup>[39m
              [36m<RNSVGDefs>[39m
                [36m<RNSVGLinearGradient />[39m
                [36m<RNSVGLinearGradient />[39m
                [36m<RNSVGLinearGradient />[39m
              [36m</RNSVGDefs>[39m
              [36m<RNSVGPath />[39m
              [36m<RNSVGPath />[39m
              [36m<RNSVGPath />[39m
            [36m</RNSVGGroup>[39m
          [36m</RNSVGSvgView>[39m
        [36m</View>[39m
        [36m<View[39m
          [33mtestID[39m=[32m"app-header"[39m
        [36m>[39m
          [36m<View>[39m
            [36m<View[39m
              [33maccessible[39m=[32m{true}[39m
              [33mtestID[39m=[32m"back-button"[39m
            [36m>[39m
              [36m<View>[39m
                [36m<Text>[39m
                  [0marrow-undo-sharp[0m
                [36m</Text>[39m
              [36m</View>[39m
            [36m</View>[39m
            [36m<View>[39m
              [36m<Text>[39m
                [0mCommunity Forum[0m
              [36m</Text>[39m
            [36m</View>[39m
            [36m<View>[39m
              [36m<View[39m
                [33maccessible[39m=[32m{true}[39m
              [36m>[39m
                [36m<View>[39m
                  [36m<Text>[39m
                    [0mnotifications-outline[0m
                  [36m</Text>[39m
                [36m</View>[39m
              [36m</View>[39m
              [36m<View[39m
                [33maccessible[39m=[32m{true}[39m
              [36m>[39m
                [36m<View>[39m
                  [36m<Text>[39m
                    [0mgrid[0m
                  [36m</Text>[39m
                [36m</View>[39m
              [36m</View>[39m
            [36m</View>[39m
          [36m</View>[39m
        [36m</View>[39m
        [36m<View>[39m
          [36m<View>[39m
            [36m<View>[39m
              [36m<View>[39m
                [36m<Text>[39m
                  [0msearch[0m
                [36m</Text>[39m
              [36m</View>[39m
              [36m<TextInput[39m
                [33mplaceholder[39m=[32m"Search posts..."[39m
                [33mvalue[39m=[32m""[39m
              [36m/>[39m
            [36m</View>[39m
            [36m<View[39m
              [33maccessibilityLabel[39m=[32m"Create new post"[39m
              [33maccessible[39m=[32m{true}[39m
              [33mtestID[39m=[32m"create-post-button"[39m
            [36m>[39m
              [36m<View>[39m
                [36m<Text>[39m
                  [0madd[0m
                [36m</Text>[39m
              [36m</View>[39m
            [36m</View>[39m
          [36m</View>[39m
          [36m<RCTScrollView>[39m
            [36m<RCTRefreshControl />[39m
            [36m<View>[39m
              [36m<View>[39m
                [36m<View[39m
                  [33maccessibilityState[39m=[32m{
                    {
                      "selected": true,
                    }
                  }[39m
                  [33maccessible[39m=[32m{true}[39m
                [36m>[39m
                  [36m<View>[39m
                    [36m<Text>[39m
                      [0mnewspaper-outline[0m
                    [36m</Text>[39m
                  [36m</View>[39m
                  [36m<Text>[39m
                    [0mNewsfeed[0m
                  [36m</Text>[39m
                [36m</View>[39m
                [36m<View[39m
                  [33maccessibilityState[39m=[32m{
                    {
                      "selected": false,
                    }
                  }[39m
                  [33maccessible[39m=[32m{true}[39m
                [36m>[39m
                  [36m<View>[39m
                    [36m<Text>[39m
                      [0mperson-outline[0m
                    [36m</Text>[39m
                  [36m</View>[39m
                  [36m<Text>[39m
                    [0mMy Posts[0m
                  [36m</Text>[39m
                [36m</View>[39m
              [36m</View>[39m
              [36m<View>[39m
                [36m<Text>[39m
                  [0mBrowse By[0m
                [36m</Text>[39m
                [36m<RCTScrollView>[39m
                  [36m<View>[39m
                    [36m<View>[39m
                      [36m<View[39m
                        [33maccessibilityState[39m=[32m{
                          {
                            "selected": true,
                          }
                        }[39m
                        [33maccessible[39m=[32m{true}[39m
                      [36m>[39m
                        [36m<Text>[39m
                          [0mAll[0m
                        [36m</Text>[39m
                      [36m</View>[39m
                      [36m<View[39m
                        [33maccessibilityState[39m=[32m{
                          {
                            "selected": false,
                          }
                        }[39m
                        [33maccessible[39m=[32m{true}[39m
                      [36m>[39m
                        [36m<Text>[39m
                          [0mSelf-Care[0m
                        [36m</Text>[39m
                      [36m</View>[39m
                      [36m<View[39m
                        [33maccessibilityState[39m=[32m{
                          {
                            "selected": false,
                          }
                        }[39m
                        [33maccessible[39m=[32m{true}[39m
                      [36m>[39m
                        [36m<Text>[39m
                          [0mMindfulness[0m
                        [36m</Text>[39m
                      [36m</View>[39m
                      [36m<View[39m
                        [33maccessibilityState[39m=[32m{
                          {
                            "selected": false,
                          }
                        }[39m
                        [33maccessible[39m=[32m{true}[39m
                      [36m>[39m
                        [36m<Text>[39m
                          [0mStories[0m
                        [36m</Text>[39m
                      [36m</View>[39m
                      [36m<View[39m
                        [33maccessibilityState[39m=[32m{
                          {
                            "selected": false,
                          }
                        }[39m
                        [33maccessible[39m=[32m{true}[39m
                      [36m>[39m
                        [36m<Text>[39m
                          [0mSupport[0m
                        [36m</Text>[39m
                      [36m</View>[39m
                      [36m<View[39m
                        [33maccessibilityState[39m=[32m{
                          {
                            "selected": false,
                          }
                        }[39m
                        [33maccessible[39m=[32m{true}[39m
                      [36m>[39m
                        [36m<Text>[39m
                          [0mCreative[0m
                        [36m</Text>[39m
                      [36m</View>[39m
                      [36m<View[39m
                        [33maccessibilityState[39m=[32m{
                          {
                            "selected": false,
                          }
                        }[39m
                        [33maccessible[39m=[32m{true}[39m
                      [36m>[39m
                        [36m<Text>[39m
                          [0mTherapy[0m
                        [36m</Text>[39m
                      [36m</View>[39m
                      [36m<View[39m
                        [33maccessibilityState[39m=[32m{
                          {
                            "selected": false,
                          }
                        }[39m
                        [33maccessible[39m=[32m{true}[39m
                      [36m>[39m
                        [36m<Text>[39m
                          [0mStress[0m
                        [36m</Text>[39m
                      [36m</View>[39m
                      [36m<View[39m
                        [33maccessibilityState[39m=[32m{
                          {
                            "selected": false,
                          }
                        }[39m
                        [33maccessible[39m=[32m{true}[39m
                      [36m>[39m
                        [36m<Text>[39m
                          [0mAffirmation[0m
                        [36m</Text>[39m
                      [36m</View>[39m
                      [36m<View[39m
                        [33maccessibilityState[39m=[32m{
                          {
                            "selected": false,
                          }
                        }[39m
                        [33maccessible[39m=[32m{true}[39m
                      [36m>[39m
                        [36m<Text>[39m
                          [0mAwareness[0m
                        [36m</Text>[39m
                      [36m</View>[39m
                      [36m<View[39m
                        [33maccessibilityState[39m=[32m{
                          {
                            "selected": false,
                          }
                        }[39m
                        [33maccessible[39m=[32m{true}[39m
                      [36m>[39m
                        [36m<Text>[39m
                          [0mBookmarks[0m
                        [36m</Text>[39m
                      [36m</View>[39m
                    [36m</View>[39m
                  [36m</View>[39m
                [36m</RCTScrollView>[39m
              [36m</View>[39m
              [36m<View>[39m
                [36m<View>[39m
                  [36m<View>[39m
                    [36m<View>[39m
                      [36m<View />[39m
                      [36m<View>[39m
                        [36m<View />[39m
                        [36m<View />[39m
                      [36m</View>[39m
                    [36m</View>[39m
                    [36m<View />[39m
                    [36m<View />[39m
                    [36m<View />[39m
                  [36m</View>[39m
                  [36m<View>[39m
                    [36m<View>[39m
                      [36m<View />[39m
                      [36m<View>[39m
                        [36m<View />[39m
                        [36m<View />[39m
                      [36m</View>[39m
                    [36m</View>[39m
                    [36m<View />[39m
                    [36m<View />[39m
                    [36m<View />[39m
                  [36m</View>[39m
                  [36m<View>[39m
                    [36m<View>[39m
                      [36m<View />[39m
                      [36m<View>[39m
                        [36m<View />[39m
                        [36m<View />[39m
                      [36m</View>[39m
                    [36m</View>[39m
                    [36m<View />[39m
                    [36m<View />[39m
                    [36m<View />[39m
                  [36m</View>[39m
                [36m</View>[39m
              [36m</View>[39m
              [36m<View />[39m
            [36m</View>[39m
          [36m</RCTScrollView>[39m
        [36m</View>[39m
        [36m<View[39m
          [33mtestID[39m=[32m"bottom-navigation"[39m
        [36m>[39m
          [36m<View[39m
            [33maccessibilityLabel[39m=[32m"Navigate to Home"[39m
            [33maccessibilityRole[39m=[32m"button"[39m
            [33maccessibilityState[39m=[32m{
              {
                "selected": false,
              }
            }[39m
            [33maccessible[39m=[32m{true}[39m
            [33mtestID[39m=[32m"nav-tab-home"[39m
          [36m>[39m
            [36m<View>[39m
              [36m<View[39m
                [33mtestID[39m=[32m"nav-icon-home"[39m
              [36m>[39m
                [36m<Text>[39m
                  [0mhome[0m
                [36m</Text>[39m
              [36m</View>[39m
            [36m</View>[39m
          [36m</View>[39m
          [36m<View[39m
            [33maccessibilityLabel[39m=[32m"Navigate to Community"[39m
            [33maccessibilityRole[39m=[32m"button"[39m
            [33maccessibilityState[39m=[32m{
              {
                "selected": true,
              }
            }[39m
            [33maccessible[39m=[32m{true}[39m
            [33mtestID[39m=[32m"nav-tab-community-forum"[39m
          [36m>[39m
            [36m<View>[39m
              [36m<View[39m
                [33mtestID[39m=[32m"nav-icon-community-forum"[39m
              [36m>[39m
                [36m<Text>[39m
                  [0mpeople[0m
                [36m</Text>[39m
              [36m</View>[39m
            [36m</View>[39m
          [36m</View>[39m
          [36m<View[39m
            [33maccessibilityLabel[39m=[32m"Navigate to Appointments"[39m
            [33maccessibilityRole[39m=[32m"button"[39m
            [33maccessibilityState[39m=[32m{
              {
                "selected": false,
              }
            }[39m
            [33maccessible[39m=[32m{true}[39m
            [33mtestID[39m=[32m"nav-tab-appointments"[39m
          [36m>[39m
            [36m<View>[39m
              [36m<View[39m
                [33mtestID[39m=[32m"nav-icon-appointments"[39m
              [36m>[39m
                [36m<Text>[39m
                  [0mcalendar[0m
                [36m</Text>[39m
              [36m</View>[39m
            [36m</View>[39m
          [36m</View>[39m
          [36m<View[39m
            [33maccessibilityLabel[39m=[32m"Navigate to Messages"[39m
            [33maccessibilityRole[39m=[32m"button"[39m
            [33maccessibilityState[39m=[32m{
              {
                "selected": false,
              }
            }[39m
            [33maccessible[39m=[32m{true}[39m
            [33mtestID[39m=[32m"nav-tab-messages"[39m
          [36m>[39m
            [36m<View>[39m
              [36m<View[39m
                [33mtestID[39m=[32m"nav-icon-messages"[39m
              [36m>[39m
                [36m<Text>[39m
                  [0mchatbubbles[0m
                [36m</Text>[39m
              [36m</View>[39m
            [36m</View>[39m
          [36m</View>[39m
          [36m<View[39m
            [33maccessibilityLabel[39m=[32m"Navigate to Profile"[39m
            [33maccessibilityRole[39m=[32m"button"[39m
            [33maccessibilityState[39m=[32m{
              {
                "selected": false,
              }
            }[39m
            [33maccessible[39m=[32m{true}[39m
            [33mtestID[39m=[32m"nav-tab-profile"[39m
          [36m>[39m
            [36m<View>[39m
              [36m<View[39m
                [33mtestID[39m=[32m"nav-icon-profile"[39m
              [36m>[39m
                [36m<Text>[39m
                  [0mperson[0m
                [36m</Text>[39m
              [36m</View>[39m
            [36m</View>[39m
          [36m</View>[39m
        [36m</View>[39m
      [36m</RCTSafeAreaView>[39m
    [36m</RNCSafeAreaProvider>[39m

    [0m [90m 149 |[39m     render([33m<[39m[33mCommunityMainScreen[39m [33m/[39m[33m>[39m)[33m;[39m
     [90m 150 |[39m
    [31m[1m>[22m[39m[90m 151 |[39m     [36mawait[39m waitFor(() [33m=>[39m {
     [90m     |[39m                  [31m[1m^[22m[39m
     [90m 152 |[39m       
expect(screen[33m.[39mgetByTestId([32m'empty-state-container'[39m))[33m.[39mtoBeTruthy()[33m;[39m
     [90m 153 |[39m       [90m// Check for the dedicated empty state text added for tests[39m
     [90m 154 |[39m       [36mconst[39m emptyTexts [33m=[39m screen[33m.[39mgetAllByText([32m'No posts 
yet'[39m)[33m;[39m[0m

      at Object.<anonymous> (__tests__/screens/community-forum.test.tsx:151:18)
      at asyncGeneratorStep (node_modules/@babel/runtime/helpers/asyncToGenerator.js:3:17)
      at _next (node_modules/@babel/runtime/helpers/asyncToGenerator.js:17:9)
      at node_modules/@babel/runtime/helpers/asyncToGenerator.js:22:7
      at Object.<anonymous> (node_modules/@babel/runtime/helpers/asyncToGenerator.js:14:12)

  ΓùÅ Community Forum Screen ΓÇ║ renders post list with title and author

    Unable to find an element with text: /helpful tips for managing stress/

    [36m<RNCSafeAreaProvider>[39m
      [36m<RCTSafeAreaView[39m
        [33mtestID[39m=[32m"community-forum"[39m
      [36m>[39m
        [36m<View[39m
          [33mtestID[39m=[32m"curved-background"[39m
        [36m>[39m
          [36m<RNSVGSvgView>[39m
            [36m<RNSVGGroup>[39m
              [36m<RNSVGDefs>[39m
                [36m<RNSVGLinearGradient />[39m
                [36m<RNSVGLinearGradient />[39m
                [36m<RNSVGLinearGradient />[39m
              [36m</RNSVGDefs>[39m
              [36m<RNSVGPath />[39m
              [36m<RNSVGPath />[39m
              [36m<RNSVGPath />[39m
            [36m</RNSVGGroup>[39m
          [36m</RNSVGSvgView>[39m
        [36m</View>[39m
        [36m<View[39m
          [33mtestID[39m=[32m"app-header"[39m
        [36m>[39m
          [36m<View>[39m
            [36m<View[39m
              [33maccessible[39m=[32m{true}[39m
              [33mtestID[39m=[32m"back-button"[39m
            [36m>[39m
              [36m<View>[39m
                [36m<Text>[39m
                  [0marrow-undo-sharp[0m
                [36m</Text>[39m
              [36m</View>[39m
            [36m</View>[39m
            [36m<View>[39m
              [36m<Text>[39m
                [0mCommunity Forum[0m
              [36m</Text>[39m
            [36m</View>[39m
            [36m<View>[39m
              [36m<View[39m
                [33maccessible[39m=[32m{true}[39m
              [36m>[39m
                [36m<View>[39m
                  [36m<Text>[39m
                    [0mnotifications-outline[0m
                  [36m</Text>[39m
                [36m</View>[39m
              [36m</View>[39m
              [36m<View[39m
                [33maccessible[39m=[32m{true}[39m
              [36m>[39m
                [36m<View>[39m
                  [36m<Text>[39m
                    [0mgrid[0m
                  [36m</Text>[39m
                [36m</View>[39m
              [36m</View>[39m
            [36m</View>[39m
          [36m</View>[39m
        [36m</View>[39m
        [36m<View>[39m
          [36m<View>[39m
            [36m<View>[39m
              [36m<View>[39m
                [36m<Text>[39m
                  [0msearch[0m
                [36m</Text>[39m
              [36m</View>[39m
              [36m<TextInput[39m
                [33mplaceholder[39m=[32m"Search posts..."[39m
                [33mvalue[39m=[32m""[39m
              [36m/>[39m
            [36m</View>[39m
            [36m<View[39m
              [33maccessibilityLabel[39m=[32m"Create new post"[39m
              [33maccessible[39m=[32m{true}[39m
              [33mtestID[39m=[32m"create-post-button"[39m
            [36m>[39m
              [36m<View>[39m
                [36m<Text>[39m
                  [0madd[0m
                [36m</Text>[39m
              [36m</View>[39m
            [36m</View>[39m
          [36m</View>[39m
          [36m<RCTScrollView>[39m
            [36m<RCTRefreshControl />[39m
            [36m<View>[39m
              [36m<View>[39m
                [36m<View[39m
                  [33maccessibilityState[39m=[32m{
                    {
                      "selected": true,
                    }
                  }[39m
                  [33maccessible[39m=[32m{true}[39m
                [36m>[39m
                  [36m<View>[39m
                    [36m<Text>[39m
                      [0mnewspaper-outline[0m
                    [36m</Text>[39m
                  [36m</View>[39m
                  [36m<Text>[39m
                    [0mNewsfeed[0m
                  [36m</Text>[39m
                [36m</View>[39m
                [36m<View[39m
                  [33maccessibilityState[39m=[32m{
                    {
                      "selected": false,
                    }
                  }[39m
                  [33maccessible[39m=[32m{true}[39m
                [36m>[39m
                  [36m<View>[39m
                    [36m<Text>[39m
                      [0mperson-outline[0m
                    [36m</Text>[39m
                  [36m</View>[39m
                  [36m<Text>[39m
                    [0mMy Posts[0m
                  [36m</Text>[39m
                [36m</View>[39m
              [36m</View>[39m
              [36m<View>[39m
                [36m<Text>[39m
                  [0mBrowse By[0m
                [36m</Text>[39m
                [36m<RCTScrollView>[39m
                  [36m<View>[39m
                    [36m<View>[39m
                      [36m<View[39m
                        [33maccessibilityState[39m=[32m{
                          {
                            "selected": true,
                          }
                        }[39m
                        [33maccessible[39m=[32m{true}[39m
                      [36m>[39m
                        [36m<Text>[39m
                          [0mAll[0m
                        [36m</Text>[39m
                      [36m</View>[39m
                      [36m<View[39m
                        [33maccessibilityState[39m=[32m{
                          {
                            "selected": false,
                          }
                        }[39m
                        [33maccessible[39m=[32m{true}[39m
                      [36m>[39m
                        [36m<Text>[39m
                          [0mSelf-Care[0m
                        [36m</Text>[39m
                      [36m</View>[39m
                      [36m<View[39m
                        [33maccessibilityState[39m=[32m{
                          {
                            "selected": false,
                          }
                        }[39m
                        [33maccessible[39m=[32m{true}[39m
                      [36m>[39m
                        [36m<Text>[39m
                          [0mMindfulness[0m
                        [36m</Text>[39m
                      [36m</View>[39m
                      [36m<View[39m
                        [33maccessibilityState[39m=[32m{
                          {
                            "selected": false,
                          }
                        }[39m
                        [33maccessible[39m=[32m{true}[39m
                      [36m>[39m
                        [36m<Text>[39m
                          [0mStories[0m
                        [36m</Text>[39m
                      [36m</View>[39m
                      [36m<View[39m
                        [33maccessibilityState[39m=[32m{
                          {
                            "selected": false,
                          }
                        }[39m
                        [33maccessible[39m=[32m{true}[39m
                      [36m>[39m
                        [36m<Text>[39m
                          [0mSupport[0m
                        [36m</Text>[39m
                      [36m</View>[39m
                      [36m<View[39m
                        [33maccessibilityState[39m=[32m{
                          {
                            "selected": false,
                          }
                        }[39m
                        [33maccessible[39m=[32m{true}[39m
                      [36m>[39m
                        [36m<Text>[39m
                          [0mCreative[0m
                        [36m</Text>[39m
                      [36m</View>[39m
                      [36m<View[39m
                        [33maccessibilityState[39m=[32m{
                          {
                            "selected": false,
                          }
                        }[39m
                        [33maccessible[39m=[32m{true}[39m
                      [36m>[39m
                        [36m<Text>[39m
                          [0mTherapy[0m
                        [36m</Text>[39m
                      [36m</View>[39m
                      [36m<View[39m
                        [33maccessibilityState[39m=[32m{
                          {
                            "selected": false,
                          }
                        }[39m
                        [33maccessible[39m=[32m{true}[39m
                      [36m>[39m
                        [36m<Text>[39m
                          [0mStress[0m
                        [36m</Text>[39m
                      [36m</View>[39m
                      [36m<View[39m
                        [33maccessibilityState[39m=[32m{
                          {
                            "selected": false,
                          }
                        }[39m
                        [33maccessible[39m=[32m{true}[39m
                      [36m>[39m
                        [36m<Text>[39m
                          [0mAffirmation[0m
                        [36m</Text>[39m
                      [36m</View>[39m
                      [36m<View[39m
                        [33maccessibilityState[39m=[32m{
                          {
                            "selected": false,
                          }
                        }[39m
                        [33maccessible[39m=[32m{true}[39m
                      [36m>[39m
                        [36m<Text>[39m
                          [0mAwareness[0m
                        [36m</Text>[39m
                      [36m</View>[39m
                      [36m<View[39m
                        [33maccessibilityState[39m=[32m{
                          {
                            "selected": false,
                          }
                        }[39m
                        [33maccessible[39m=[32m{true}[39m
                      [36m>[39m
                        [36m<Text>[39m
                          [0mBookmarks[0m
                        [36m</Text>[39m
                      [36m</View>[39m
                    [36m</View>[39m
                  [36m</View>[39m
                [36m</RCTScrollView>[39m
              [36m</View>[39m
              [36m<View>[39m
                [36m<View>[39m
                  [36m<View>[39m
                    [36m<View>[39m
                      [36m<View />[39m
                      [36m<View>[39m
                        [36m<View />[39m
                        [36m<View />[39m
                      [36m</View>[39m
                    [36m</View>[39m
                    [36m<View />[39m
                    [36m<View />[39m
                    [36m<View />[39m
                  [36m</View>[39m
                  [36m<View>[39m
                    [36m<View>[39m
                      [36m<View />[39m
                      [36m<View>[39m
                        [36m<View />[39m
                        [36m<View />[39m
                      [36m</View>[39m
                    [36m</View>[39m
                    [36m<View />[39m
                    [36m<View />[39m
                    [36m<View />[39m
                  [36m</View>[39m
                  [36m<View>[39m
                    [36m<View>[39m
                      [36m<View />[39m
                      [36m<View>[39m
                        [36m<View />[39m
                        [36m<View />[39m
                      [36m</View>[39m
                    [36m</View>[39m
                    [36m<View />[39m
                    [36m<View />[39m
                    [36m<View />[39m
                  [36m</View>[39m
                [36m</View>[39m
              [36m</View>[39m
              [36m<View />[39m
            [36m</View>[39m
          [36m</RCTScrollView>[39m
        [36m</View>[39m
        [36m<View[39m
          [33mtestID[39m=[32m"bottom-navigation"[39m
        [36m>[39m
          [36m<View[39m
            [33maccessibilityLabel[39m=[32m"Navigate to Home"[39m
            [33maccessibilityRole[39m=[32m"button"[39m
            [33maccessibilityState[39m=[32m{
              {
                "selected": false,
              }
            }[39m
            [33maccessible[39m=[32m{true}[39m
            [33mtestID[39m=[32m"nav-tab-home"[39m
          [36m>[39m
            [36m<View>[39m
              [36m<View[39m
                [33mtestID[39m=[32m"nav-icon-home"[39m
              [36m>[39m
                [36m<Text>[39m
                  [0mhome[0m
                [36m</Text>[39m
              [36m</View>[39m
            [36m</View>[39m
          [36m</View>[39m
          [36m<View[39m
            [33maccessibilityLabel[39m=[32m"Navigate to Community"[39m
            [33maccessibilityRole[39m=[32m"button"[39m
            [33maccessibilityState[39m=[32m{
              {
                "selected": true,
              }
            }[39m
            [33maccessible[39m=[32m{true}[39m
            [33mtestID[39m=[32m"nav-tab-community-forum"[39m
          [36m>[39m
            [36m<View>[39m
              [36m<View[39m
                [33mtestID[39m=[32m"nav-icon-community-forum"[39m
              [36m>[39m
                [36m<Text>[39m
                  [0mpeople[0m
                [36m</Text>[39m
              [36m</View>[39m
            [36m</View>[39m
          [36m</View>[39m
          [36m<View[39m
            [33maccessibilityLabel[39m=[32m"Navigate to Appointments"[39m
            [33maccessibilityRole[39m=[32m"button"[39m
            [33maccessibilityState[39m=[32m{
              {
                "selected": false,
              }
            }[39m
            [33maccessible[39m=[32m{true}[39m
            [33mtestID[39m=[32m"nav-tab-appointments"[39m
          [36m>[39m
            [36m<View>[39m
              [36m<View[39m
                [33mtestID[39m=[32m"nav-icon-appointments"[39m
              [36m>[39m
                [36m<Text>[39m
                  [0mcalendar[0m
                [36m</Text>[39m
              [36m</View>[39m
            [36m</View>[39m
          [36m</View>[39m
          [36m<View[39m
            [33maccessibilityLabel[39m=[32m"Navigate to Messages"[39m
            [33maccessibilityRole[39m=[32m"button"[39m
            [33maccessibilityState[39m=[32m{
              {
                "selected": false,
              }
            }[39m
            [33maccessible[39m=[32m{true}[39m
            [33mtestID[39m=[32m"nav-tab-messages"[39m
          [36m>[39m
            [36m<View>[39m
              [36m<View[39m
                [33mtestID[39m=[32m"nav-icon-messages"[39m
              [36m>[39m
                [36m<Text>[39m
                  [0mchatbubbles[0m
                [36m</Text>[39m
              [36m</View>[39m
            [36m</View>[39m
          [36m</View>[39m
          [36m<View[39m
            [33maccessibilityLabel[39m=[32m"Navigate to Profile"[39m
            [33maccessibilityRole[39m=[32m"button"[39m
            [33maccessibilityState[39m=[32m{
              {
                "selected": false,
              }
            }[39m
            [33maccessible[39m=[32m{true}[39m
            [33mtestID[39m=[32m"nav-tab-profile"[39m
          [36m>[39m
            [36m<View>[39m
              [36m<View[39m
                [33mtestID[39m=[32m"nav-icon-profile"[39m
              [36m>[39m
                [36m<Text>[39m
                  [0mperson[0m
                [36m</Text>[39m
              [36m</View>[39m
            [36m</View>[39m
          [36m</View>[39m
        [36m</View>[39m
      [36m</RCTSafeAreaView>[39m
    [36m</RNCSafeAreaProvider>[39m

    [0m [90m 189 |[39m     render([33m<[39m[33mCommunityMainScreen[39m [33m/[39m[33m>[39m)[33m;[39m
     [90m 190 |[39m
    [31m[1m>[22m[39m[90m 191 |[39m     [36mawait[39m waitFor(() [33m=>[39m {
     [90m     |[39m                  [31m[1m^[22m[39m
     [90m 192 |[39m       expect(screen[33m.[39mgetByText([35m/helpful tips for managing 
stress/[39m))[33m.[39mtoBeTruthy()[33m;[39m
     [90m 193 |[39m       expect(screen[33m.[39mgetByText([35m/Daily mindfulness 
exercises/[39m))[33m.[39mtoBeTruthy()[33m;[39m
     [90m 194 |[39m       expect(screen[33m.[39mgetByText([32m'@Jane Doe'[39m))[33m.[39mtoBeTruthy()[33m;[39m[0m

      at Object.<anonymous> (__tests__/screens/community-forum.test.tsx:191:18)
      at asyncGeneratorStep (node_modules/@babel/runtime/helpers/asyncToGenerator.js:3:17)
      at _next (node_modules/@babel/runtime/helpers/asyncToGenerator.js:17:9)
      at node_modules/@babel/runtime/helpers/asyncToGenerator.js:22:7
      at Object.<anonymous> (node_modules/@babel/runtime/helpers/asyncToGenerator.js:14:12)

  ΓùÅ Community Forum Screen ΓÇ║ shows reaction counts on posts

    Unable to find an element with text: /This post has many reactions/

    [36m<RNCSafeAreaProvider>[39m
      [36m<RCTSafeAreaView[39m
        [33mtestID[39m=[32m"community-forum"[39m
      [36m>[39m
        [36m<View[39m
          [33mtestID[39m=[32m"curved-background"[39m
        [36m>[39m
          [36m<RNSVGSvgView>[39m
            [36m<RNSVGGroup>[39m
              [36m<RNSVGDefs>[39m
                [36m<RNSVGLinearGradient />[39m
                [36m<RNSVGLinearGradient />[39m
                [36m<RNSVGLinearGradient />[39m
              [36m</RNSVGDefs>[39m
              [36m<RNSVGPath />[39m
              [36m<RNSVGPath />[39m
              [36m<RNSVGPath />[39m
            [36m</RNSVGGroup>[39m
          [36m</RNSVGSvgView>[39m
        [36m</View>[39m
        [36m<View[39m
          [33mtestID[39m=[32m"app-header"[39m
        [36m>[39m
          [36m<View>[39m
            [36m<View[39m
              [33maccessible[39m=[32m{true}[39m
              [33mtestID[39m=[32m"back-button"[39m
            [36m>[39m
              [36m<View>[39m
                [36m<Text>[39m
                  [0marrow-undo-sharp[0m
                [36m</Text>[39m
              [36m</View>[39m
            [36m</View>[39m
            [36m<View>[39m
              [36m<Text>[39m
                [0mCommunity Forum[0m
              [36m</Text>[39m
            [36m</View>[39m
            [36m<View>[39m
              [36m<View[39m
                [33maccessible[39m=[32m{true}[39m
              [36m>[39m
                [36m<View>[39m
                  [36m<Text>[39m
                    [0mnotifications-outline[0m
                  [36m</Text>[39m
                [36m</View>[39m
              [36m</View>[39m
              [36m<View[39m
                [33maccessible[39m=[32m{true}[39m
              [36m>[39m
                [36m<View>[39m
                  [36m<Text>[39m
                    [0mgrid[0m
                  [36m</Text>[39m
                [36m</View>[39m
              [36m</View>[39m
            [36m</View>[39m
          [36m</View>[39m
        [36m</View>[39m
        [36m<View>[39m
          [36m<View>[39m
            [36m<View>[39m
              [36m<View>[39m
                [36m<Text>[39m
                  [0msearch[0m
                [36m</Text>[39m
              [36m</View>[39m
              [36m<TextInput[39m
                [33mplaceholder[39m=[32m"Search posts..."[39m
                [33mvalue[39m=[32m""[39m
              [36m/>[39m
            [36m</View>[39m
            [36m<View[39m
              [33maccessibilityLabel[39m=[32m"Create new post"[39m
              [33maccessible[39m=[32m{true}[39m
              [33mtestID[39m=[32m"create-post-button"[39m
            [36m>[39m
              [36m<View>[39m
                [36m<Text>[39m
                  [0madd[0m
                [36m</Text>[39m
              [36m</View>[39m
            [36m</View>[39m
          [36m</View>[39m
          [36m<RCTScrollView>[39m
            [36m<RCTRefreshControl />[39m
            [36m<View>[39m
              [36m<View>[39m
                [36m<View[39m
                  [33maccessibilityState[39m=[32m{
                    {
                      "selected": true,
                    }
                  }[39m
                  [33maccessible[39m=[32m{true}[39m
                [36m>[39m
                  [36m<View>[39m
                    [36m<Text>[39m
                      [0mnewspaper-outline[0m
                    [36m</Text>[39m
                  [36m</View>[39m
                  [36m<Text>[39m
                    [0mNewsfeed[0m
                  [36m</Text>[39m
                [36m</View>[39m
                [36m<View[39m
                  [33maccessibilityState[39m=[32m{
                    {
                      "selected": false,
                    }
                  }[39m
                  [33maccessible[39m=[32m{true}[39m
                [36m>[39m
                  [36m<View>[39m
                    [36m<Text>[39m
                      [0mperson-outline[0m
                    [36m</Text>[39m
                  [36m</View>[39m
                  [36m<Text>[39m
                    [0mMy Posts[0m
                  [36m</Text>[39m
                [36m</View>[39m
              [36m</View>[39m
              [36m<View>[39m
                [36m<Text>[39m
                  [0mBrowse By[0m
                [36m</Text>[39m
                [36m<RCTScrollView>[39m
                  [36m<View>[39m
                    [36m<View>[39m
                      [36m<View[39m
                        [33maccessibilityState[39m=[32m{
                          {
                            "selected": true,
                          }
                        }[39m
                        [33maccessible[39m=[32m{true}[39m
                      [36m>[39m
                        [36m<Text>[39m
                          [0mAll[0m
                        [36m</Text>[39m
                      [36m</View>[39m
                      [36m<View[39m
                        [33maccessibilityState[39m=[32m{
                          {
                            "selected": false,
                          }
                        }[39m
                        [33maccessible[39m=[32m{true}[39m
                      [36m>[39m
                        [36m<Text>[39m
                          [0mSelf-Care[0m
                        [36m</Text>[39m
                      [36m</View>[39m
                      [36m<View[39m
                        [33maccessibilityState[39m=[32m{
                          {
                            "selected": false,
                          }
                        }[39m
                        [33maccessible[39m=[32m{true}[39m
                      [36m>[39m
                        [36m<Text>[39m
                          [0mMindfulness[0m
                        [36m</Text>[39m
                      [36m</View>[39m
                      [36m<View[39m
                        [33maccessibilityState[39m=[32m{
                          {
                            "selected": false,
                          }
                        }[39m
                        [33maccessible[39m=[32m{true}[39m
                      [36m>[39m
                        [36m<Text>[39m
                          [0mStories[0m
                        [36m</Text>[39m
                      [36m</View>[39m
                      [36m<View[39m
                        [33maccessibilityState[39m=[32m{
                          {
                            "selected": false,
                          }
                        }[39m
                        [33maccessible[39m=[32m{true}[39m
                      [36m>[39m
                        [36m<Text>[39m
                          [0mSupport[0m
                        [36m</Text>[39m
                      [36m</View>[39m
                      [36m<View[39m
                        [33maccessibilityState[39m=[32m{
                          {
                            "selected": false,
                          }
                        }[39m
                        [33maccessible[39m=[32m{true}[39m
                      [36m>[39m
                        [36m<Text>[39m
                          [0mCreative[0m
                        [36m</Text>[39m
                      [36m</View>[39m
                      [36m<View[39m
                        [33maccessibilityState[39m=[32m{
                          {
                            "selected": false,
                          }
                        }[39m
                        [33maccessible[39m=[32m{true}[39m
                      [36m>[39m
                        [36m<Text>[39m
                          [0mTherapy[0m
                        [36m</Text>[39m
                      [36m</View>[39m
                      [36m<View[39m
                        [33maccessibilityState[39m=[32m{
                          {
                            "selected": false,
                          }
                        }[39m
                        [33maccessible[39m=[32m{true}[39m
                      [36m>[39m
                        [36m<Text>[39m
                          [0mStress[0m
                        [36m</Text>[39m
                      [36m</View>[39m
                      [36m<View[39m
                        [33maccessibilityState[39m=[32m{
                          {
                            "selected": false,
                          }
                        }[39m
                        [33maccessible[39m=[32m{true}[39m
                      [36m>[39m
                        [36m<Text>[39m
                          [0mAffirmation[0m
                        [36m</Text>[39m
                      [36m</View>[39m
                      [36m<View[39m
                        [33maccessibilityState[39m=[32m{
                          {
                            "selected": false,
                          }
                        }[39m
                        [33maccessible[39m=[32m{true}[39m
                      [36m>[39m
                        [36m<Text>[39m
                          [0mAwareness[0m
                        [36m</Text>[39m
                      [36m</View>[39m
                      [36m<View[39m
                        [33maccessibilityState[39m=[32m{
                          {
                            "selected": false,
                          }
                        }[39m
                        [33maccessible[39m=[32m{true}[39m
                      [36m>[39m
                        [36m<Text>[39m
                          [0mBookmarks[0m
                        [36m</Text>[39m
                      [36m</View>[39m
                    [36m</View>[39m
                  [36m</View>[39m
                [36m</RCTScrollView>[39m
              [36m</View>[39m
              [36m<View>[39m
                [36m<View>[39m
                  [36m<View>[39m
                    [36m<View>[39m
                      [36m<View />[39m
                      [36m<View>[39m
                        [36m<View />[39m
                        [36m<View />[39m
                      [36m</View>[39m
                    [36m</View>[39m
                    [36m<View />[39m
                    [36m<View />[39m
                    [36m<View />[39m
                  [36m</View>[39m
                  [36m<View>[39m
                    [36m<View>[39m
                      [36m<View />[39m
                      [36m<View>[39m
                        [36m<View />[39m
                        [36m<View />[39m
                      [36m</View>[39m
                    [36m</View>[39m
                    [36m<View />[39m
                    [36m<View />[39m
                    [36m<View />[39m
                  [36m</View>[39m
                  [36m<View>[39m
                    [36m<View>[39m
                      [36m<View />[39m
                      [36m<View>[39m
                        [36m<View />[39m
                        [36m<View />[39m
                      [36m</View>[39m
                    [36m</View>[39m
                    [36m<View />[39m
                    [36m<View />[39m
                    [36m<View />[39m
                  [36m</View>[39m
                [36m</View>[39m
              [36m</View>[39m
              [36m<View />[39m
            [36m</View>[39m
          [36m</RCTScrollView>[39m
        [36m</View>[39m
        [36m<View[39m
          [33mtestID[39m=[32m"bottom-navigation"[39m
        [36m>[39m
          [36m<View[39m
            [33maccessibilityLabel[39m=[32m"Navigate to Home"[39m
            [33maccessibilityRole[39m=[32m"button"[39m
            [33maccessibilityState[39m=[32m{
              {
                "selected": false,
              }
            }[39m
            [33maccessible[39m=[32m{true}[39m
            [33mtestID[39m=[32m"nav-tab-home"[39m
          [36m>[39m
            [36m<View>[39m
              [36m<View[39m
                [33mtestID[39m=[32m"nav-icon-home"[39m
              [36m>[39m
                [36m<Text>[39m
                  [0mhome[0m
                [36m</Text>[39m
              [36m</View>[39m
            [36m</View>[39m
          [36m</View>[39m
          [36m<View[39m
            [33maccessibilityLabel[39m=[32m"Navigate to Community"[39m
            [33maccessibilityRole[39m=[32m"button"[39m
            [33maccessibilityState[39m=[32m{
              {
                "selected": true,
              }
            }[39m
            [33maccessible[39m=[32m{true}[39m
            [33mtestID[39m=[32m"nav-tab-community-forum"[39m
          [36m>[39m
            [36m<View>[39m
              [36m<View[39m
                [33mtestID[39m=[32m"nav-icon-community-forum"[39m
              [36m>[39m
                [36m<Text>[39m
                  [0mpeople[0m
                [36m</Text>[39m
              [36m</View>[39m
            [36m</View>[39m
          [36m</View>[39m
          [36m<View[39m
            [33maccessibilityLabel[39m=[32m"Navigate to Appointments"[39m
            [33maccessibilityRole[39m=[32m"button"[39m
            [33maccessibilityState[39m=[32m{
              {
                "selected": false,
              }
            }[39m
            [33maccessible[39m=[32m{true}[39m
            [33mtestID[39m=[32m"nav-tab-appointments"[39m
          [36m>[39m
            [36m<View>[39m
              [36m<View[39m
                [33mtestID[39m=[32m"nav-icon-appointments"[39m
              [36m>[39m
                [36m<Text>[39m
                  [0mcalendar[0m
                [36m</Text>[39m
              [36m</View>[39m
            [36m</View>[39m
          [36m</View>[39m
          [36m<View[39m
            [33maccessibilityLabel[39m=[32m"Navigate to Messages"[39m
            [33maccessibilityRole[39m=[32m"button"[39m
            [33maccessibilityState[39m=[32m{
              {
                "selected": false,
              }
            }[39m
            [33maccessible[39m=[32m{true}[39m
            [33mtestID[39m=[32m"nav-tab-messages"[39m
          [36m>[39m
            [36m<View>[39m
              [36m<View[39m
                [33mtestID[39m=[32m"nav-icon-messages"[39m
              [36m>[39m
                [36m<Text>[39m
                  [0mchatbubbles[0m
                [36m</Text>[39m
              [36m</View>[39m
            [36m</View>[39m
          [36m</View>[39m
          [36m<View[39m
            [33maccessibilityLabel[39m=[32m"Navigate to Profile"[39m
            [33maccessibilityRole[39m=[32m"button"[39m
            [33maccessibilityState[39m=[32m{
              {
                "selected": false,
              }
            }[39m
            [33maccessible[39m=[32m{true}[39m
            [33mtestID[39m=[32m"nav-tab-profile"[39m
          [36m>[39m
            [36m<View>[39m
              [36m<View[39m
                [33mtestID[39m=[32m"nav-icon-profile"[39m
              [36m>[39m
                [36m<Text>[39m
                  [0mperson[0m
                [36m</Text>[39m
              [36m</View>[39m
            [36m</View>[39m
          [36m</View>[39m
        [36m</View>[39m
      [36m</RCTSafeAreaView>[39m
    [36m</RNCSafeAreaProvider>[39m

    [0m [90m 254 |[39m     render([33m<[39m[33mCommunityMainScreen[39m [33m/[39m[33m>[39m)[33m;[39m
     [90m 255 |[39m
    [31m[1m>[22m[39m[90m 256 |[39m     [36mawait[39m waitFor(() [33m=>[39m {
     [90m     |[39m                  [31m[1m^[22m[39m
     [90m 257 |[39m       expect(screen[33m.[39mgetByText([35m/This post has many 
reactions/[39m))[33m.[39mtoBeTruthy()[33m;[39m
     [90m 258 |[39m       [90m// Reaction counts should be visible[39m
     [90m 259 |[39m       expect(screen[33m.[39mgetByText([32m'10'[39m))[33m.[39mtoBeTruthy()[33m;[39m[0m

      at Object.<anonymous> (__tests__/screens/community-forum.test.tsx:256:18)
      at asyncGeneratorStep (node_modules/@babel/runtime/helpers/asyncToGenerator.js:3:17)
      at _next (node_modules/@babel/runtime/helpers/asyncToGenerator.js:17:9)
      at node_modules/@babel/runtime/helpers/asyncToGenerator.js:22:7
      at Object.<anonymous> (node_modules/@babel/runtime/helpers/asyncToGenerator.js:14:12)

Test Suites: 1 failed, 1 total
Tests:       3 failed, 6 passed, 9 total
Snapshots:   0 total
Time:        6.919 s, estimated 7 s
Ran all test suites matching __tests__/screens/community-forum.test.tsx.
