// Jest Snapshot v1, https://jestjs.io/docs/snapshot-testing

exports[`ChangePasswordScreen matches snapshot 1`] = `
<RNCSafeAreaProvider
  onInsetsChange={[Function]}
  style={
    [
      {
        "flex": 1,
      },
      undefined,
    ]
  }
>
  <View
    style={
      [
        {
          "flex": 1,
        },
        {
          "backgroundColor": "#E8E8E8",
        },
        undefined,
      ]
    }
    testID="curved-background"
  >
    <RNSVGSvgView
      align="xMidYMid"
      bbHeight={1334}
      bbWidth={750}
      focusable={false}
      height={1334}
      meetOrSlice={0}
      minX={0}
      minY={0}
      style={
        [
          {
            "backgroundColor": "transparent",
            "borderWidth": 0,
          },
          {
            "bottom": 0,
            "left": 0,
            "position": "absolute",
            "right": 0,
            "top": 0,
          },
          {
            "flex": 0,
            "height": 1334,
            "width": 750,
          },
        ]
      }
      vbHeight={1334}
      vbWidth={750}
      width={750}
    >
      <RNSVGGroup
        fill={
          {
            "payload": 4278190080,
            "type": 0,
          }
        }
      >
        <RNSVGDefs>
          <RNSVGLinearGradient
            gradient={
              [
                0,
                -856098310,
                0.5,
                -420877073,
                1,
                -1277238554,
              ]
            }
            gradientTransform={null}
            gradientUnits={0}
            name="gradient1"
            x1="0%"
            x2="100%"
            y1="0%"
            y2="100%"
          />
          <RNSVGLinearGradient
            gradient={
              [
                0,
                -638454796,
                1,
                -1711276033,
              ]
            }
            gradientTransform={null}
            gradientUnits={0}
            name="gradient2"
            x1="0%"
            x2="100%"
            y1="100%"
            y2="0%"
          />
          <RNSVGLinearGradient
            gradient={
              [
                0,
                -1075188497,
                1,
                -2132876570,
              ]
            }
            gradientTransform={null}
            gradientUnits={0}
            name="gradient3"
            x1="100%"
            x2="0%"
            y1="100%"
            y2="0%"
          />
        </RNSVGDefs>
        <RNSVGPath
          d="M 0 400.2 
              Q 225 133.4 
                525 533.6
              Q 675 800.4 
                750 266.8
              L 750 1334
              L 0 1334 Z"
          fill={
            {
              "brushRef": "gradient1",
              "type": 1,
            }
          }
          propList={
            [
              "fill",
            ]
          }
        />
        <RNSVGPath
          d="M 0 733.7
              Q 187.5 600.3000000000001
                375 800.4
              Q 562.5 1000.5
                750 867.1
              L 750 1334
              L 0 1334 Z"
          fill={
            {
              "brushRef": "gradient2",
              "type": 1,
            }
          }
          opacity={0.95}
          propList={
            [
              "fill",
            ]
          }
        />
        <RNSVGPath
          d="M 0 1067.2
              Q 150 933.8
                300 1133.8999999999999
              Q 450 1267.3
                750 1200.6000000000001
              L 750 1334
              L 0 1334 Z"
          fill={
            {
              "brushRef": "gradient2",
              "type": 1,
            }
          }
          propList={
            [
              "fill",
            ]
          }
        />
      </RNSVGGroup>
    </RNSVGSvgView>
    <RNCSafeAreaView
      edges={
        {
          "bottom": "additive",
          "left": "additive",
          "right": "additive",
          "top": "additive",
        }
      }
      style={
        {
          "flex": 1,
        }
      }
    >
      <View
        style={
          [
            {
              "backgroundColor": "transparent",
            },
            {
              "backgroundColor": "transparent",
              "paddingTop": 0,
            },
          ]
        }
        testID="app-header"
      >
        <View
          style={
            [
              {
                "alignItems": "center",
                "flexDirection": "row",
                "height": 56,
                "justifyContent": "space-between",
                "paddingHorizontal": 20,
                "paddingVertical": 12,
              },
              {
                "backgroundColor": "transparent",
              },
            ]
          }
        >
          <View
            accessibilityState={
              {
                "busy": undefined,
                "checked": undefined,
                "disabled": undefined,
                "expanded": undefined,
                "selected": undefined,
              }
            }
            accessibilityValue={
              {
                "max": undefined,
                "min": undefined,
                "now": undefined,
                "text": undefined,
              }
            }
            accessible={true}
            collapsable={false}
            focusable={true}
            onClick={[Function]}
            onResponderGrant={[Function]}
            onResponderMove={[Function]}
            onResponderRelease={[Function]}
            onResponderTerminate={[Function]}
            onResponderTerminationRequest={[Function]}
            onStartShouldSetResponder={[Function]}
            style={
              {
                "alignItems": "center",
                "borderRadius": 20,
                "height": 40,
                "justifyContent": "center",
                "opacity": 1,
                "width": 40,
              }
            }
            testID="back-button"
          >
            <View
              color="#555"
              size={24}
            >
              <Text>
                arrow-undo-sharp
              </Text>
            </View>
          </View>
          <View
            style={
              {
                "alignItems": "center",
                "flex": 1,
                "justifyContent": "center",
                "marginTop": 8,
                "paddingHorizontal": 10,
              }
            }
          >
            <Text
              style={
                [
                  {
                    "flex": 1,
                    "fontSize": 17,
                    "fontWeight": "500",
                    "letterSpacing": 0.5,
                    "marginLeft": 10,
                    "textAlign": "left",
                  },
                  {
                    "color": "#1A1A1A",
                  },
                ]
              }
            >
              Change Password
            </Text>
          </View>
          <View
            style={
              {
                "alignItems": "center",
                "flexDirection": "row",
                "gap": 12,
              }
            }
          >
            <View
              accessibilityState={
                {
                  "busy": undefined,
                  "checked": undefined,
                  "disabled": undefined,
                  "expanded": undefined,
                  "selected": undefined,
                }
              }
              accessibilityValue={
                {
                  "max": undefined,
                  "min": undefined,
                  "now": undefined,
                  "text": undefined,
                }
              }
              accessible={true}
              collapsable={false}
              focusable={true}
              onClick={[Function]}
              onResponderGrant={[Function]}
              onResponderMove={[Function]}
              onResponderRelease={[Function]}
              onResponderTerminate={[Function]}
              onResponderTerminationRequest={[Function]}
              onStartShouldSetResponder={[Function]}
              style={
                {
                  "opacity": 1,
                  "padding": 4,
                  "position": "relative",
                }
              }
            >
              <View
                color="#555"
                size={24}
              >
                <Text>
                  notifications-outline
                </Text>
              </View>
            </View>
            <View
              accessibilityState={
                {
                  "busy": undefined,
                  "checked": undefined,
                  "disabled": undefined,
                  "expanded": undefined,
                  "selected": undefined,
                }
              }
              accessibilityValue={
                {
                  "max": undefined,
                  "min": undefined,
                  "now": undefined,
                  "text": undefined,
                }
              }
              accessible={true}
              collapsable={false}
              focusable={true}
              onClick={[Function]}
              onResponderGrant={[Function]}
              onResponderMove={[Function]}
              onResponderRelease={[Function]}
              onResponderTerminate={[Function]}
              onResponderTerminationRequest={[Function]}
              onStartShouldSetResponder={[Function]}
              style={
                {
                  "opacity": 1,
                  "padding": 4,
                  "position": "relative",
                }
              }
            >
              <View
                color="#555"
                size={24}
              >
                <Text>
                  grid
                </Text>
              </View>
            </View>
          </View>
        </View>
      </View>
      <View
        style={
          {
            "padding": 20,
          }
        }
      >
        <Text
          style={
            {
              "color": "#666",
              "fontSize": 14,
              "marginBottom": 30,
            }
          }
        >
          Enter your current password and choose a new one
        </Text>
        <View
          style={
            {
              "marginBottom": 20,
            }
          }
        >
          <Text
            style={
              {
                "color": "#333",
                "fontSize": 14,
                "fontWeight": "500",
                "marginBottom": 8,
              }
            }
          >
            Current Password
          </Text>
          <View
            style={
              {
                "alignItems": "center",
                "backgroundColor": "#FFFFFF",
                "borderColor": "#E0E0E0",
                "borderRadius": 25,
                "borderWidth": 1,
                "flexDirection": "row",
                "paddingHorizontal": 15,
                "paddingVertical": 12,
              }
            }
          >
            <TextInput
              autoCapitalize="none"
              onChangeText={[Function]}
              placeholder="Enter current password"
              secureTextEntry={true}
              style={
                {
                  "color": "#333",
                  "flex": 1,
                  "fontSize": 16,
                }
              }
              value=""
            />
            <View
              accessibilityState={
                {
                  "busy": undefined,
                  "checked": undefined,
                  "disabled": undefined,
                  "expanded": undefined,
                  "selected": undefined,
                }
              }
              accessibilityValue={
                {
                  "max": undefined,
                  "min": undefined,
                  "now": undefined,
                  "text": undefined,
                }
              }
              accessible={true}
              collapsable={false}
              focusable={true}
              onClick={[Function]}
              onResponderGrant={[Function]}
              onResponderMove={[Function]}
              onResponderRelease={[Function]}
              onResponderTerminate={[Function]}
              onResponderTerminationRequest={[Function]}
              onStartShouldSetResponder={[Function]}
              style={
                {
                  "opacity": 1,
                }
              }
            >
              <View
                color="#666"
                size={20}
              >
                <Text>
                  eye-off-outline
                </Text>
              </View>
            </View>
          </View>
        </View>
        <View
          style={
            {
              "marginBottom": 20,
            }
          }
        >
          <Text
            style={
              {
                "color": "#333",
                "fontSize": 14,
                "fontWeight": "500",
                "marginBottom": 8,
              }
            }
          >
            New Password
          </Text>
          <View
            style={
              {
                "alignItems": "center",
                "backgroundColor": "#FFFFFF",
                "borderColor": "#E0E0E0",
                "borderRadius": 25,
                "borderWidth": 1,
                "flexDirection": "row",
                "paddingHorizontal": 15,
                "paddingVertical": 12,
              }
            }
          >
            <TextInput
              autoCapitalize="none"
              onChangeText={[Function]}
              placeholder="Enter new password"
              secureTextEntry={true}
              style={
                {
                  "color": "#333",
                  "flex": 1,
                  "fontSize": 16,
                }
              }
              value=""
            />
            <View
              accessibilityState={
                {
                  "busy": undefined,
                  "checked": undefined,
                  "disabled": undefined,
                  "expanded": undefined,
                  "selected": undefined,
                }
              }
              accessibilityValue={
                {
                  "max": undefined,
                  "min": undefined,
                  "now": undefined,
                  "text": undefined,
                }
              }
              accessible={true}
              collapsable={false}
              focusable={true}
              onClick={[Function]}
              onResponderGrant={[Function]}
              onResponderMove={[Function]}
              onResponderRelease={[Function]}
              onResponderTerminate={[Function]}
              onResponderTerminationRequest={[Function]}
              onStartShouldSetResponder={[Function]}
              style={
                {
                  "opacity": 1,
                }
              }
            >
              <View
                color="#666"
                size={20}
              >
                <Text>
                  eye-off-outline
                </Text>
              </View>
            </View>
          </View>
        </View>
        <View
          style={
            {
              "marginBottom": 20,
            }
          }
        >
          <Text
            style={
              {
                "color": "#333",
                "fontSize": 14,
                "fontWeight": "500",
                "marginBottom": 8,
              }
            }
          >
            Confirm New Password
          </Text>
          <View
            style={
              {
                "alignItems": "center",
                "backgroundColor": "#FFFFFF",
                "borderColor": "#E0E0E0",
                "borderRadius": 25,
                "borderWidth": 1,
                "flexDirection": "row",
                "paddingHorizontal": 15,
                "paddingVertical": 12,
              }
            }
          >
            <TextInput
              autoCapitalize="none"
              onChangeText={[Function]}
              placeholder="Confirm new password"
              secureTextEntry={true}
              style={
                {
                  "color": "#333",
                  "flex": 1,
                  "fontSize": 16,
                }
              }
              value=""
            />
          </View>
        </View>
        <View
          style={
            {
              "backgroundColor": "#F8F8F8",
              "borderRadius": 10,
              "marginBottom": 30,
              "padding": 15,
            }
          }
        >
          <Text
            style={
              {
                "color": "#333",
                "fontSize": 13,
                "fontWeight": "500",
                "marginBottom": 8,
              }
            }
          >
            Password must have:
          </Text>
          <Text
            style={
              {
                "color": "#666",
                "fontSize": 12,
                "marginBottom": 4,
              }
            }
          >
            • At least 8 characters
          </Text>
          <Text
            style={
              {
                "color": "#666",
                "fontSize": 12,
                "marginBottom": 4,
              }
            }
          >
            • One uppercase letter
          </Text>
          <Text
            style={
              {
                "color": "#666",
                "fontSize": 12,
                "marginBottom": 4,
              }
            }
          >
            • One number
          </Text>
        </View>
        <View
          accessibilityState={
            {
              "busy": undefined,
              "checked": undefined,
              "disabled": false,
              "expanded": undefined,
              "selected": undefined,
            }
          }
          accessibilityValue={
            {
              "max": undefined,
              "min": undefined,
              "now": undefined,
              "text": undefined,
            }
          }
          accessible={true}
          collapsable={false}
          focusable={true}
          onClick={[Function]}
          onResponderGrant={[Function]}
          onResponderMove={[Function]}
          onResponderRelease={[Function]}
          onResponderTerminate={[Function]}
          onResponderTerminationRequest={[Function]}
          onStartShouldSetResponder={[Function]}
          style={
            {
              "alignItems": "center",
              "backgroundColor": "#4CAF50",
              "borderRadius": 25,
              "opacity": 1,
              "paddingVertical": 15,
            }
          }
        >
          <Text
            style={
              {
                "color": "#FFFFFF",
                "fontSize": 16,
                "fontWeight": "600",
              }
            }
          >
            Change Password
          </Text>
        </View>
      </View>
    </RNCSafeAreaView>
  </View>
</RNCSafeAreaProvider>
`;
